19:32:29 
============================================================
  DIAGNOSTIC BSM v10 — single session — 2026-07-21 19:32:29
============================================================
19:32:29   Log: C:\Users\Adm\Desktop\Новая папка\Logs\diagnostic_v10_2026-07-21_19-32-29.log
19:32:29 
============================================================
  OPEN + FIX + MOVES — ALL IN ONE SESSION
============================================================
19:32:30 
--- StopImmediate ---
19:32:30   [after StopImmediate] Status=0x80101000=ERROR Pos=100(0.2000mm)
19:32:30 
--- VelParams 1000/250 ---
19:32:31 
--- PowerParams 100%/50% ---
19:32:31 
--- HomingParams ---
19:32:31 
--- LimitSwitchParams MakeOnContact ---
19:32:31 
--- SoftLimitMode=0 ---
19:32:31 
--- StageAxisLimits 0..409600 ---
19:32:31 
--- SetBacklash(0) ---
19:32:31 
--- PersistSettings ---
19:32:32   [after PersistSettings] Status=0x80101000=ERROR Pos=100(0.2000mm)
19:32:32 
--- StopImmediate (clear ERROR after PersistSettings) ---
19:32:32   [after second StopImmediate] Status=0x80101000=ERROR Pos=100(0.2000mm)
19:32:32 
--- SetPositionCounter(0) ---
19:32:32   -> err=0
19:32:33   [after SetPositionCounter] Status=0x80101000=ERROR Pos=0(0.0000mm)
19:32:33 
============================================================
  STEP 1: Single roundtrip 40um
============================================================
19:32:33 
--- Move +40.0um ---
19:32:33   move 40.0um = 20 steps
19:32:33   MoveRelative err=0
19:32:38   +40.0um: delta=20 expected=20 -> PASS
19:32:38 
--- Move -40.0um ---
19:32:38   move -40.0um = -20 steps
19:32:38   MoveRelative err=0
19:32:43   -40.0um: delta=-20 expected=-20 -> PASS
19:32:43 
============================================================
  STEP 2: 10 roundtrips 40um
============================================================
19:32:43 
--- Move +40.0um RT1 ---
19:32:43   move 40.0um = 20 steps
19:32:44   MoveRelative err=0
19:32:48   +40.0um: delta=20 expected=20 -> PASS
19:32:48 
--- Move -40.0um RT1 ---
19:32:48   move -40.0um = -20 steps
19:32:48   MoveRelative err=0
19:32:53   -40.0um: delta=-20 expected=-20 -> PASS
19:32:53 
--- Move +40.0um RT2 ---
19:32:53   move 40.0um = 20 steps
19:32:54   MoveRelative err=0
19:32:58   +40.0um: delta=20 expected=20 -> PASS
19:32:58 
--- Move -40.0um RT2 ---
19:32:58   move -40.0um = -20 steps
19:32:58   MoveRelative err=0
19:33:03   -40.0um: delta=-20 expected=-20 -> PASS
19:33:03 
--- Move +40.0um RT3 ---
19:33:03   move 40.0um = 20 steps
19:33:04   MoveRelative err=0
19:33:08   +40.0um: delta=20 expected=20 -> PASS
19:33:08 
--- Move -40.0um RT3 ---
19:33:08   move -40.0um = -20 steps
19:33:08   MoveRelative err=0
19:33:13   -40.0um: delta=-20 expected=-20 -> PASS
19:33:13 
--- Move +40.0um RT4 ---
19:33:13   move 40.0um = 20 steps
19:33:14   MoveRelative err=0
19:33:18   +40.0um: delta=20 expected=20 -> PASS
19:33:18 
--- Move -40.0um RT4 ---
19:33:18   move -40.0um = -20 steps
19:33:18   MoveRelative err=0
19:33:23   -40.0um: delta=-20 expected=-20 -> PASS
19:33:23 
--- Move +40.0um RT5 ---
19:33:23   move 40.0um = 20 steps
19:33:24   MoveRelative err=0
19:33:28   +40.0um: delta=20 expected=20 -> PASS
19:33:28 
--- Move -40.0um RT5 ---
19:33:28   move -40.0um = -20 steps
19:33:28   MoveRelative err=0
19:33:33   -40.0um: delta=-20 expected=-20 -> PASS
19:33:33 
--- Move +40.0um RT6 ---
19:33:33   move 40.0um = 20 steps
19:33:34   MoveRelative err=0
19:33:38   +40.0um: delta=20 expected=20 -> PASS
19:33:38 
--- Move -40.0um RT6 ---
19:33:38   move -40.0um = -20 steps
19:33:38   MoveRelative err=0
19:33:43   -40.0um: delta=-20 expected=-20 -> PASS
19:33:43 
--- Move +40.0um RT7 ---
19:33:43   move 40.0um = 20 steps
19:33:44   MoveRelative err=0
19:33:48   +40.0um: delta=20 expected=20 -> PASS
19:33:48 
--- Move -40.0um RT7 ---
19:33:48   move -40.0um = -20 steps
19:33:48   MoveRelative err=0
19:33:53   -40.0um: delta=-20 expected=-20 -> PASS
19:33:53 
--- Move +40.0um RT8 ---
19:33:53   move 40.0um = 20 steps
19:33:54   MoveRelative err=0
19:33:58   +40.0um: delta=20 expected=20 -> PASS
19:33:58 
--- Move -40.0um RT8 ---
19:33:58   move -40.0um = -20 steps
19:33:58   MoveRelative err=0
19:34:03   -40.0um: delta=-20 expected=-20 -> PASS
19:34:03 
--- Move +40.0um RT9 ---
19:34:03   move 40.0um = 20 steps
19:34:04   MoveRelative err=0
19:34:08   +40.0um: delta=20 expected=20 -> PASS
19:34:08 
--- Move -40.0um RT9 ---
19:34:08   move -40.0um = -20 steps
19:34:08   MoveRelative err=0
19:34:13   -40.0um: delta=-20 expected=-20 -> PASS
19:34:13 
--- Move +40.0um RT10 ---
19:34:13   move 40.0um = 20 steps
19:34:14   MoveRelative err=0
19:34:18   +40.0um: delta=20 expected=20 -> PASS
19:34:18 
--- Move -40.0um RT10 ---
19:34:18   move -40.0um = -20 steps
19:34:18   MoveRelative err=0
19:34:23   -40.0um: delta=-20 expected=-20 -> PASS
19:34:23 
============================================================
  STEP 3: Different distances
============================================================
19:34:23 
--- Move +10.0um ---
19:34:23   move 10.0um = 5 steps
19:34:24   MoveRelative err=0
19:34:25   +10.0um: delta=5 expected=5 -> PASS
19:34:25 
--- Move -10.0um ---
19:34:25   move -10.0um = -5 steps
19:34:25   MoveRelative err=0
19:34:27   -10.0um: delta=-5 expected=-5 -> PASS
19:34:27 
--- Move +20.0um ---
19:34:27   move 20.0um = 10 steps
19:34:27   MoveRelative err=0
19:34:30   +20.0um: delta=10 expected=10 -> PASS
19:34:30 
--- Move -20.0um ---
19:34:30   move -20.0um = -10 steps
19:34:30   MoveRelative err=0
19:34:32   -20.0um: delta=-10 expected=-10 -> PASS
19:34:33 
--- Move +50.0um ---
19:34:33   move 50.0um = 25 steps
19:34:33   MoveRelative err=0
19:34:39   +50.0um: delta=25 expected=25 -> PASS
19:34:39 
--- Move -50.0um ---
19:34:39   move -50.0um = -25 steps
19:34:39   MoveRelative err=0
19:34:45   -50.0um: delta=-25 expected=-25 -> PASS
19:34:45 
--- Move +100.0um ---
19:34:45   move 100.0um = 50 steps
19:34:45   MoveRelative err=0
19:34:56   +100.0um: delta=50 expected=50 -> PASS
19:34:56 
--- Move -100.0um ---
19:34:56   move -100.0um = -50 steps
19:34:56   MoveRelative err=0
19:35:08   -100.0um: delta=-50 expected=-50 -> PASS
19:35:08 
--- Move +200.0um ---
19:35:08   move 200.0um = 100 steps
19:35:08   MoveRelative err=0
19:35:30   +200.0um: delta=100 expected=100 -> PASS
19:35:30 
--- Move -200.0um ---
19:35:30   move -200.0um = -100 steps
19:35:30   MoveRelative err=0
19:35:52   -200.0um: delta=-100 expected=-100 -> PASS
19:35:52 
============================================================
  STEP 4: Stability 10s (no moves)
============================================================
19:35:52   Start: 0
19:35:53   t=1s: pos=0 drift=0 OK
19:35:54   t=2s: pos=0 drift=0 OK
19:35:55   t=3s: pos=0 drift=0 OK
19:35:56   t=4s: pos=0 drift=0 OK
19:35:57   t=5s: pos=0 drift=0 OK
19:35:58   t=6s: pos=0 drift=0 OK
19:35:59   t=7s: pos=0 drift=0 OK
19:36:00   t=8s: pos=0 drift=0 OK
19:36:01   t=9s: pos=0 drift=0 OK
19:36:02   t=10s: pos=0 drift=0 OK
19:36:02   Stability: PASS
19:36:02 
============================================================
  STEP 5: Final status
============================================================
19:36:02   [FINAL] Status=0x80101000=ERROR Pos=0(0.0000mm)
19:36:04 
============================================================
  SUMMARY
============================================================
19:36:04   Test                           Exp      Got   Result
19:36:04   ------------------------- -------- -------- --------
19:36:04   +40.0um                         20       20     PASS
19:36:04   -40.0um                        -20      -20     PASS
19:36:04   +40.0um RT1                     20       20     PASS
19:36:04   -40.0um RT1                    -20      -20     PASS
19:36:04   +40.0um RT2                     20       20     PASS
19:36:04   -40.0um RT2                    -20      -20     PASS
19:36:04   +40.0um RT3                     20       20     PASS
19:36:04   -40.0um RT3                    -20      -20     PASS
19:36:04   +40.0um RT4                     20       20     PASS
19:36:04   -40.0um RT4                    -20      -20     PASS
19:36:04   +40.0um RT5                     20       20     PASS
19:36:04   -40.0um RT5                    -20      -20     PASS
19:36:04   +40.0um RT6                     20       20     PASS
19:36:04   -40.0um RT6                    -20      -20     PASS
19:36:04   +40.0um RT7                     20       20     PASS
19:36:04   -40.0um RT7                    -20      -20     PASS
19:36:04   +40.0um RT8                     20       20     PASS
19:36:04   -40.0um RT8                    -20      -20     PASS
19:36:04   +40.0um RT9                     20       20     PASS
19:36:04   -40.0um RT9                    -20      -20     PASS
19:36:04   +40.0um RT10                    20       20     PASS
19:36:04   -40.0um RT10                   -20      -20     PASS
19:36:04   +10.0um                          5        5     PASS
19:36:04   -10.0um                         -5       -5     PASS
19:36:04   +20.0um                         10       10     PASS
19:36:04   -20.0um                        -10      -10     PASS
19:36:04   +50.0um                         25       25     PASS
19:36:04   -50.0um                        -25      -25     PASS
19:36:04   +100.0um                        50       50     PASS
19:36:04   -100.0um                       -50      -50     PASS
19:36:04   +200.0um                       100      100     PASS
19:36:04   -200.0um                      -100     -100     PASS
19:36:04   stability                        0        0     PASS
19:36:04 
  33/33 PASSED
