15:30:13 
============================================================
15:30:13   DIAGNOSTIC BSM — 2026-07-21 15:30:13
15:30:13 ============================================================
15:30:13   Script dir: C:\Users\Adm\Desktop\diagnostic_BSM
15:30:13   Log file: C:\Users\Adm\Desktop\diagnostic_BSM\Logs\diagnostic_BSM_2026-07-21_15-30-12.log
15:30:13 
--- Loading Kinesis BSM DLL ---
15:30:13   DLL loaded: True
15:30:13 
============================================================
15:30:13   STEP 1: SCAN ALL DEVICES (Kinesis)
15:30:13 ============================================================
15:30:13   --- Attempt 1/3 ---
15:30:13   TLI_BuildDeviceList -> 0
15:30:14   TLI_GetDeviceListSize -> 0
15:30:14   No devices found (attempt 1/3)
15:30:14   Waiting 1s before retry...
15:30:15   --- Attempt 2/3 ---
15:30:15   TLI_BuildDeviceList -> 0
15:30:16   TLI_GetDeviceListSize -> 0
15:30:16   No devices found (attempt 2/3)
15:30:16   Waiting 2s before retry...
15:30:18   --- Attempt 3/3 ---
15:30:18   TLI_BuildDeviceList -> 0
15:30:20   TLI_GetDeviceListSize -> 0
15:30:20   No devices found (attempt 3/3)
15:30:20   All 3 attempts failed. Checking PATH for FTDI driver...
15:30:20   ftd2xx.dll found in: C:\Program Files\Thorlabs\Kinesis
15:30:20   ftd2xx.dll found in: C:\WINDOWS\system32
15:30:20   ftd2xx.dll found in: C:\Program Files\Thorlabs\Kinesis
15:30:20 
  BSM devices: []
15:30:20   KDC devices: []
15:30:20   No BSM devices found! Trying all devices as BSM...
15:30:20 
============================================================
15:30:20   STEP 2: KINESIS API — DETAILED TEST FOR EACH BSM
15:30:20 ============================================================
15:30:20 
============================================================
15:30:20   STEP 3: APT API TEST
15:30:20 ============================================================
15:30:20   APT DLL found: C:\Program Files\Thorlabs\Kinesis\Thorlabs.APT.dll
15:30:21   APTInit -> 0
15:30:21   EnableEventDlg(False)
15:30:21   GetNumHWUnitsEx(BSC002) -> 0, count=0
15:30:21   APTCleanUp called
15:30:21 
============================================================
15:30:21   SUMMARY
15:30:21 ============================================================
15:30:21   Log saved to: C:\Users\Adm\Desktop\diagnostic_BSM\Logs\diagnostic_BSM_2026-07-21_15-30-12.log
15:30:21   Diagnostic complete. Compare Kinesis vs APT results above.
15:30:21   Key things to check:
15:30:21     1. PowerParams: move%% and rest%% — should be 100/50 after set
15:30:21     2. SoftLimitMode: should be 2 (AllowAllMoves) after set
15:30:21     3. InputVoltage: if <5000 mV, power supply issue
15:30:21     4. Movement: check if +40um/-40um works in both APIs
15:30:21     5. Status bits: compare Kinesis vs APT after same operations
