19:14:47 
============================================================
  DIAGNOSTIC BSM v10 — single session — 2026-07-21 19:14:47
============================================================
19:14:47   Log: C:\Users\Adm\Desktop\diagnostic_BSM\Logs\diagnostic_v10_2026-07-21_19-14-47.log
19:14:47 
============================================================
  FIX ch=2
============================================================
19:14:49   [ch=2 BEFORE] Status=0x80101000=ERROR Pos=0(0.0000mm)
19:14:49 
--- StopImmediate ---
19:14:49 
--- VelParams ---
19:14:49 
--- PowerParams ---
19:14:49 
--- HomingParams ---
19:14:49 
--- LimitSwitchParams ---
19:14:49 
--- SoftLimitMode=0 ---
19:14:49 
--- StageAxisLimits ---
19:14:49 
--- SetBacklash(0) ---
19:14:49 
--- PersistSettings ---
19:14:50   [ch=2 AFTER] Status=0x80101000=ERROR Pos=0(0.0000mm)
19:14:55 
============================================================
  ALL MOVES IN ONE SESSION
============================================================
19:14:55   SBC_Open attempt 1/3
19:14:56   SBC_Open attempt 2/3
19:14:58   SBC_Open attempt 3/3
19:15:01   SBC_Open FAILED
