18:04:30 
============================================================
18:04:30   DIAGNOSTIC BSM v4 (FIX AND TEST) - 2026-07-21 18:04:30
18:04:30 ============================================================
18:04:30   Log: C:\Users\Adm\Desktop\diagnostic_BSM\Logs\diagnostic_v4_2026-07-21_18-04-30.log
18:04:30 
============================================================
18:04:30   STEP 1: FIX ALL EEPROM PARAMETERS
18:04:30 ============================================================
18:04:30 
============================================================
18:04:30   STEP 1 ch=1
18:04:30 ============================================================
18:04:30   SBC_Open attempt 1/3 -> err=2
18:04:31   SBC_Open attempt 2/3 -> err=2
18:04:32   SBC_Open attempt 3/3 -> err=2
18:04:33   SBC_Open FAILED after 3 attempts
18:04:33 
============================================================
18:04:33   STEP 1 ch=2
18:04:33 ============================================================
18:04:33   SBC_Open attempt 1/3 -> err=2
18:04:34   SBC_Open attempt 2/3 -> err=2
18:04:35   SBC_Open attempt 3/3 -> err=2
18:04:36   SBC_Open FAILED after 3 attempts
18:04:36 
============================================================
18:04:36   STEP 2: HOME + ZERO POSITION
18:04:36 ============================================================
18:04:36 
============================================================
18:04:36   STEP 2 ch=1
18:04:36 ============================================================
18:04:36   SBC_Open attempt 1/3 -> err=2
18:04:37   SBC_Open attempt 2/3 -> err=2
18:04:38   SBC_Open attempt 3/3 -> err=2
18:04:39   SBC_Open FAILED after 3 attempts
18:04:39 
============================================================
18:04:39   STEP 3: MOVE ROUNDTRIP TEST
18:04:39 ============================================================
18:04:39 
============================================================
18:04:39   STEP 3 ch=1
18:04:39 ============================================================
18:04:39   SBC_Open attempt 1/3 -> err=2
18:04:40   SBC_Open attempt 2/3 -> err=2
18:04:41   SBC_Open attempt 3/3 -> err=2
18:04:42   SBC_Open FAILED after 3 attempts
18:04:42 
============================================================
18:04:42   SUMMARY
18:04:42 ============================================================
18:04:42   Log: C:\Users\Adm\Desktop\diagnostic_BSM\Logs\diagnostic_v4_2026-07-21_18-04-30.log
18:04:42 
18:04:42   Test                                  Expected        Got   Result
18:04:42   ----------------------------------- ---------- ---------- --------
