16:03:44 
============================================================
16:03:44   DIAGNOSTIC BSM v2 — 2026-07-21 16:03:44
16:03:44 ============================================================
16:03:44   Script dir: C:\Users\Adm\Desktop\diagnostic_BSM
16:03:44   Log file: C:\Users\Adm\Desktop\diagnostic_BSM\Logs\diagnostic_BSM_2026-07-21_16-03-43.log
16:03:44 
--- Loading Kinesis BSM DLL ---
16:03:44   DLL loaded: True
16:03:44 
============================================================
16:03:44   STEP 1: SCAN ALL DEVICES (Kinesis)
16:03:44 ============================================================
16:03:44   --- Attempt 1/3 ---
16:03:45   TLI_BuildDeviceList -> 0
16:03:46   TLI_GetDeviceListSize -> 1
16:03:46   TLI_GetDeviceListExt -> 0, found 1 devices: ['70864299']
16:03:46   Device 70864299: type=70, desc=APT Stepper Motor Controller, known=True, motor=131328, maxCh=256
16:03:46   BSM devices: ['70864299']
16:03:46 
============================================================
16:03:46   BSM 70864299
16:03:46 ============================================================
16:03:46 
--- Channel count ---
16:03:48   SBC_Open -> 0
16:03:48   SBC_CheckConnection -> True
16:03:48   SBC_GetNumChannels -> 2
16:03:49 
============================================================
16:03:49   STEP 2: KINESIS ch=1 WITH LoadSettings (BSM 70864299)
16:03:49 ============================================================
16:03:51   SBC_Open -> 0
16:03:51 
--- 2.1 LoadSettings ch=1 ---
16:03:52   SBC_LoadSettings(ch=1) -> True
16:03:52 
--- 2.2 Status AFTER LoadSettings (BEFORE Enable) ---
16:03:52   Status [ch=1 after-load]: 0x80101220 = REV_SW_LIMIT | MOVING | ERROR [upper=0x80100000]
16:03:52   PowerParams [ch=1 after-load]: move=6%, rest=130%
16:03:52   InputVoltage [ch=1 after-load]: 744 mV (0.744 V)
16:03:52   Position [ch=1 after-load]: raw=-79058, mm=-158.1160
16:03:52   VelParams [ch=1 after-load]: accel=135182, maxVel=659706977
16:03:52 
--- 2.3 EnableChannel ch=1 ---
16:03:52   SBC_EnableChannel(ch=1) -> 0
16:03:52 
--- 2.4 Status AFTER Enable ---
16:03:52   Status [ch=1 after-enable]: 0x80101220 = REV_SW_LIMIT | MOVING | ERROR [upper=0x80100000]
16:03:52   PowerParams [ch=1 after-enable]: move=6%, rest=130%
16:03:52   InputVoltage [ch=1 after-enable]: 736 mV (0.736 V)
16:03:52   Position [ch=1 after-enable]: raw=-79177, mm=-158.3540
16:03:52   VelParams [ch=1 after-enable]: accel=135182, maxVel=659706977
16:03:52 
--- 2.5 SetVelParams ch=1 (accel=250, maxVel=1000 = 2.0mm/s) ---
16:03:52   SetVelParams(ch=1): accel=250, maxVel=1000
16:03:52     SBC_SetVelParams -> err=0
16:03:52     Verify: accel=1000, maxVel=250 FAIL
16:03:52     MISMATCH: expected accel=250 maxVel=1000, got accel=1000 maxVel=250
16:03:52 
--- 2.6 SetSoftLimitMode ch=1 = AllowAllMoves ---
16:03:53   ch=1 SoftLimitMode after set: 2
16:03:53 
--- 2.7 SetHomingParams ch=1 ---
16:03:53   SBC_SetHomingParamsBlock -> 0
16:03:53 
--- 2.8 Homing ch=1 ---
16:03:53   Homing ch=1 (timeout=60s)...
16:03:53     SBC_Home -> err=0
16:03:53     Homing ch=1 complete. Status: 0x80101220, pos=-79195
16:03:53 
--- 2.9 Movement test ch=1: +40.0um then -40.0um ---
16:03:53   [Kinesis+LS ch=1] Before: raw=-79196, mm=-158.3920
16:03:53   move_relative: 40.0 um = 20 steps
16:03:53     MoveRelativeDistance err=0
16:03:53     poll: raw=-79202, mm=-158.4040
16:03:53     poll: raw=-79207, mm=-158.4140
16:03:53     poll: raw=-79210, mm=-158.4200
16:03:53     poll: raw=-79213, mm=-158.4260
16:03:53     poll: raw=-79217, mm=-158.4340
16:03:53     poll: raw=-79218, mm=-158.4360
16:03:53     poll: raw=-79223, mm=-158.4460
16:03:53     poll: raw=-79227, mm=-158.4540
16:03:53     poll: raw=-79230, mm=-158.4600
16:03:54     poll: raw=-79233, mm=-158.4660
16:03:54     poll: raw=-79238, mm=-158.4760
16:03:54     poll: raw=-79239, mm=-158.4780
16:03:54     poll: raw=-79243, mm=-158.4860
16:03:54     poll: raw=-79244, mm=-158.4880
16:03:54     poll: raw=-79250, mm=-158.5000
16:03:54     poll: raw=-79253, mm=-158.5060
16:03:54     poll: raw=-79256, mm=-158.5120
16:03:54     poll: raw=-79259, mm=-158.5180
16:03:54     poll: raw=-79263, mm=-158.5260
16:03:54     poll: raw=-79264, mm=-158.5280
16:03:54     poll: raw=-79268, mm=-158.5360
16:03:54     poll: raw=-79273, mm=-158.5460
16:03:54     poll: raw=-79276, mm=-158.5520
16:03:55     poll: raw=-79279, mm=-158.5580
16:03:55     poll: raw=-79282, mm=-158.5640
16:03:55     poll: raw=-79285, mm=-158.5700
16:03:55     poll: raw=-79289, mm=-158.5780
16:03:55     poll: raw=-79290, mm=-158.5800
16:03:55     poll: raw=-79294, mm=-158.5880
16:03:55     poll: raw=-79296, mm=-158.5920
16:03:55     poll: raw=-79302, mm=-158.6040
16:03:55     poll: raw=-79305, mm=-158.6100
16:03:55     poll: raw=-79309, mm=-158.6180
16:03:55     poll: raw=-79311, mm=-158.6220
16:03:55     poll: raw=-79314, mm=-158.6280
16:03:55     poll: raw=-79316, mm=-158.6320
16:03:55     poll: raw=-79322, mm=-158.6440
16:03:56     poll: raw=-79325, mm=-158.6500
16:03:56     poll: raw=-79328, mm=-158.6560
16:03:56     poll: raw=-79330, mm=-158.6600
16:03:56     poll: raw=-79331, mm=-158.6620
16:03:56     poll: raw=-79335, mm=-158.6700
16:03:56     poll: raw=-79337, mm=-158.6740
16:03:56     poll: raw=-79342, mm=-158.6840
16:03:56     poll: raw=-79348, mm=-158.6960
16:03:56     poll: raw=-79350, mm=-158.7000
16:03:56     poll: raw=-79351, mm=-158.7020
16:03:56     poll: raw=-79355, mm=-158.7100
16:03:56     poll: raw=-79357, mm=-158.7140
16:03:56     poll: raw=-79362, mm=-158.7240
16:03:56     poll: raw=-79365, mm=-158.7300
16:03:56     poll: raw=-79368, mm=-158.7360
16:03:57     poll: raw=-79371, mm=-158.7420
16:03:57     poll: raw=-79374, mm=-158.7480
16:03:57     poll: raw=-79376, mm=-158.7520
16:03:57     poll: raw=-79377, mm=-158.7540
16:03:57     poll: raw=-79381, mm=-158.7620
16:03:57     poll: raw=-79383, mm=-158.7660
16:03:57     poll: raw=-79388, mm=-158.7760
16:03:57     poll: raw=-79391, mm=-158.7820
16:03:57     poll: raw=-79394, mm=-158.7880
16:03:57     poll: raw=-79396, mm=-158.7920
16:03:57     poll: raw=-79397, mm=-158.7940
16:03:57     poll: raw=-79401, mm=-158.8020
16:03:57     poll: raw=-79403, mm=-158.8060
16:03:57     poll: raw=-79406, mm=-158.8120
16:03:57     poll: raw=-79411, mm=-158.8220
16:03:57     poll: raw=-79414, mm=-158.8280
16:03:58     poll: raw=-79417, mm=-158.8340
16:03:58     poll: raw=-79420, mm=-158.8400
16:03:58     poll: raw=-79421, mm=-158.8420
16:03:58     poll: raw=-79423, mm=-158.8460
16:03:58     poll: raw=-79427, mm=-158.8540
16:03:58     poll: raw=-79429, mm=-158.8580
16:03:58     poll: raw=-79434, mm=-158.8680
16:03:58     poll: raw=-79437, mm=-158.8740
16:03:58     poll: raw=-79440, mm=-158.8800
16:03:58     poll: raw=-79442, mm=-158.8840
16:03:58     poll: raw=-79443, mm=-158.8860
16:03:58     poll: raw=-79447, mm=-158.8940
16:03:58     poll: raw=-79449, mm=-158.8980
16:03:58     poll: raw=-79455, mm=-158.9100
16:03:58     poll: raw=-79457, mm=-158.9140
16:03:58     poll: raw=-79460, mm=-158.9200
16:03:58     poll: raw=-79463, mm=-158.9260
16:03:59     poll: raw=-79467, mm=-158.9340
16:03:59     poll: raw=-79469, mm=-158.9380
16:03:59     poll: raw=-79472, mm=-158.9440
16:03:59     poll: raw=-79477, mm=-158.9540
16:03:59     poll: raw=-79480, mm=-158.9600
16:03:59     poll: raw=-79483, mm=-158.9660
16:03:59     poll: raw=-79488, mm=-158.9760
16:03:59     poll: raw=-79489, mm=-158.9780
16:03:59     poll: raw=-79493, mm=-158.9860
16:03:59     poll: raw=-79498, mm=-158.9960
16:03:59     poll: raw=-79501, mm=-159.0020
16:03:59     poll: raw=-79503, mm=-159.0060
16:03:59     poll: raw=-79506, mm=-159.0120
16:03:59     poll: raw=-79508, mm=-159.0160
16:04:00     poll: raw=-79509, mm=-159.0180
16:04:00     poll: raw=-79513, mm=-159.0260
16:04:00     poll: raw=-79515, mm=-159.0300
16:04:00     poll: raw=-79521, mm=-159.0420
16:04:00     poll: raw=-79524, mm=-159.0480
16:04:00     poll: raw=-79526, mm=-159.0520
16:04:00     poll: raw=-79528, mm=-159.0560
16:04:00     poll: raw=-79529, mm=-159.0580
16:04:00     poll: raw=-79534, mm=-159.0680
16:04:00     poll: raw=-79535, mm=-159.0700
16:04:00     poll: raw=-79539, mm=-159.0780
16:04:00     poll: raw=-79544, mm=-159.0880
16:04:00     poll: raw=-79547, mm=-159.0940
16:04:00     poll: raw=-79549, mm=-159.0980
16:04:00     poll: raw=-79554, mm=-159.1080
16:04:01     poll: raw=-79555, mm=-159.1100
16:04:01     poll: raw=-79559, mm=-159.1180
16:04:01     poll: raw=-79564, mm=-159.1280
16:04:01     poll: raw=-79567, mm=-159.1340
16:04:01     poll: raw=-79570, mm=-159.1400
16:04:01     poll: raw=-79572, mm=-159.1440
16:04:01     poll: raw=-79574, mm=-159.1480
16:04:01     poll: raw=-79575, mm=-159.1500
16:04:01     poll: raw=-79579, mm=-159.1580
16:04:01     poll: raw=-79581, mm=-159.1620
16:04:01     poll: raw=-79587, mm=-159.1740
16:04:01     poll: raw=-79590, mm=-159.1800
16:04:01     poll: raw=-79593, mm=-159.1860
16:04:01     poll: raw=-79595, mm=-159.1900
16:04:01     poll: raw=-79600, mm=-159.2000
16:04:02     poll: raw=-79601, mm=-159.2020
16:04:02     poll: raw=-79607, mm=-159.2140
16:04:02     poll: raw=-79610, mm=-159.2200
16:04:02     poll: raw=-79613, mm=-159.2260
16:04:02     poll: raw=-79616, mm=-159.2320
16:04:02     poll: raw=-79620, mm=-159.2400
16:04:02     poll: raw=-79621, mm=-159.2420
16:04:02     poll: raw=-79627, mm=-159.2540
16:04:02     poll: raw=-79630, mm=-159.2600
16:04:02     poll: raw=-79633, mm=-159.2660
16:04:02     poll: raw=-79636, mm=-159.2720
16:04:02     poll: raw=-79641, mm=-159.2820
16:04:02     poll: raw=-79647, mm=-159.2940
16:04:03     poll: raw=-79650, mm=-159.3000
16:04:03     poll: raw=-79653, mm=-159.3060
16:04:03     poll: raw=-79656, mm=-159.3120
16:04:03     poll: raw=-79659, mm=-159.3180
16:04:03     poll: raw=-79661, mm=-159.3220
16:04:03     poll: raw=-79667, mm=-159.3340
16:04:03     poll: raw=-79670, mm=-159.3400
16:04:03     poll: raw=-79673, mm=-159.3460
16:04:03     poll: raw=-79677, mm=-159.3540
16:04:03     poll: raw=-79679, mm=-159.3580
16:04:03     poll: raw=-79682, mm=-159.3640
16:04:03     poll: raw=-79687, mm=-159.3740
16:04:03     poll: raw=-79690, mm=-159.3800
16:04:03     poll: raw=-79693, mm=-159.3860
16:04:04     poll: raw=-79697, mm=-159.3940
16:04:04     poll: raw=-79699, mm=-159.3980
16:04:04     poll: raw=-79702, mm=-159.4040
16:04:04     poll: raw=-79707, mm=-159.4140
16:04:04     poll: raw=-79710, mm=-159.4200
16:04:04     poll: raw=-79713, mm=-159.4260
16:04:04     poll: raw=-79716, mm=-159.4320
16:04:04     poll: raw=-79717, mm=-159.4340
16:04:04     poll: raw=-79719, mm=-159.4380
16:04:04     poll: raw=-79722, mm=-159.4440
16:04:04     poll: raw=-79725, mm=-159.4500
16:04:04     poll: raw=-79730, mm=-159.4600
16:04:04     poll: raw=-79733, mm=-159.4660
16:04:04     poll: raw=-79736, mm=-159.4720
16:04:04     poll: raw=-79737, mm=-159.4740
16:04:04     poll: raw=-79739, mm=-159.4780
16:04:05     poll: raw=-79743, mm=-159.4860
16:04:05     poll: raw=-79745, mm=-159.4900
16:04:05     poll: raw=-79748, mm=-159.4960
16:04:05     poll: raw=-79753, mm=-159.5060
16:04:05     poll: raw=-79756, mm=-159.5120
16:04:05     poll: raw=-79758, mm=-159.5160
16:04:05     poll: raw=-79759, mm=-159.5180
16:04:05     poll: raw=-79763, mm=-159.5260
16:04:05     poll: raw=-79765, mm=-159.5300
16:04:05     poll: raw=-79768, mm=-159.5360
16:04:05     poll: raw=-79773, mm=-159.5460
16:04:05     poll: raw=-79776, mm=-159.5520
16:04:05     poll: raw=-79779, mm=-159.5580
16:04:05     poll: raw=-79783, mm=-159.5660
16:04:05     poll: raw=-79785, mm=-159.5700
16:04:06     poll: raw=-79788, mm=-159.5760
16:04:06     poll: raw=-79791, mm=-159.5820
16:04:06     poll: raw=-79796, mm=-159.5920
16:04:06     poll: raw=-79799, mm=-159.5980
16:04:06     poll: raw=-79802, mm=-159.6040
16:04:06     poll: raw=-79804, mm=-159.6080
16:04:06     poll: raw=-79805, mm=-159.6100
16:04:06     poll: raw=-79809, mm=-159.6180
16:04:06     poll: raw=-79811, mm=-159.6220
16:04:06     poll: raw=-79817, mm=-159.6340
16:04:06     poll: raw=-79819, mm=-159.6380
16:04:06     poll: raw=-79822, mm=-159.6440
16:04:06     poll: raw=-79824, mm=-159.6480
16:04:06     poll: raw=-79825, mm=-159.6500
16:04:06     poll: raw=-79829, mm=-159.6580
16:04:06     poll: raw=-79831, mm=-159.6620
16:04:07     poll: raw=-79834, mm=-159.6680
16:04:07     poll: raw=-79837, mm=-159.6740
16:04:07     poll: raw=-79843, mm=-159.6860
16:04:07     poll: raw=-79845, mm=-159.6900
16:04:07     poll: raw=-79848, mm=-159.6960
16:04:07     poll: raw=-79850, mm=-159.7000
16:04:07     poll: raw=-79851, mm=-159.7020
16:04:07     poll: raw=-79855, mm=-159.7100
16:04:07     poll: raw=-79857, mm=-159.7140
16:04:07     poll: raw=-79863, mm=-159.7260
16:04:07     poll: raw=-79865, mm=-159.7300
16:04:07     poll: raw=-79868, mm=-159.7360
16:04:07     poll: raw=-79870, mm=-159.7400
16:04:07     poll: raw=-79871, mm=-159.7420
16:04:07     poll: raw=-79875, mm=-159.7500
16:04:07     poll: raw=-79877, mm=-159.7540
16:04:08     poll: raw=-79883, mm=-159.7660
16:04:08     poll: raw=-79886, mm=-159.7720
16:04:08     poll: raw=-79889, mm=-159.7780
16:04:08     poll: raw=-79891, mm=-159.7820
16:04:08     poll: raw=-79896, mm=-159.7920
16:04:08     poll: raw=-79897, mm=-159.7940
16:04:08     poll: raw=-79903, mm=-159.8060
16:04:08     poll: raw=-79906, mm=-159.8120
16:04:08     poll: raw=-79909, mm=-159.8180
16:04:08     poll: raw=-79911, mm=-159.8220
16:04:08     poll: raw=-79916, mm=-159.8320
16:04:08     poll: raw=-79917, mm=-159.8340
16:04:08     poll: raw=-79921, mm=-159.8420
16:04:08     poll: raw=-79926, mm=-159.8520
16:04:08     poll: raw=-79929, mm=-159.8580
16:04:09     poll: raw=-79932, mm=-159.8640
16:04:09     poll: raw=-79934, mm=-159.8680
16:04:09     poll: raw=-79936, mm=-159.8720
16:04:09     poll: raw=-79937, mm=-159.8740
16:04:09     poll: raw=-79942, mm=-159.8840
16:04:09     poll: raw=-79943, mm=-159.8860
16:04:09     poll: raw=-79949, mm=-159.8980
16:04:09     poll: raw=-79952, mm=-159.9040
16:04:09     poll: raw=-79955, mm=-159.9100
16:04:09     poll: raw=-79957, mm=-159.9140
16:04:09     poll: raw=-79962, mm=-159.9240
16:04:09     poll: raw=-79963, mm=-159.9260
16:04:09     poll: raw=-79969, mm=-159.9380
16:04:09     poll: raw=-79972, mm=-159.9440
16:04:09     poll: raw=-79975, mm=-159.9500
16:04:10     poll: raw=-79978, mm=-159.9560
16:04:10     poll: raw=-79982, mm=-159.9640
16:04:10     poll: raw=-79983, mm=-159.9660
16:04:10     poll: raw=-79989, mm=-159.9780
16:04:10     poll: raw=-79992, mm=-159.9840
16:04:10     poll: raw=-79995, mm=-159.9900
16:04:10     poll: raw=-79998, mm=-159.9960
16:04:10     poll: raw=-80003, mm=-160.0060
16:04:10     poll: raw=-80009, mm=-160.0180
16:04:10     poll: raw=-80012, mm=-160.0240
16:04:10     poll: raw=-80015, mm=-160.0300
16:04:10     poll: raw=-80018, mm=-160.0360
16:04:11     poll: raw=-80021, mm=-160.0420
16:04:11     poll: raw=-80023, mm=-160.0460
16:04:11     poll: raw=-80029, mm=-160.0580
16:04:11     poll: raw=-80032, mm=-160.0640
16:04:11     poll: raw=-80035, mm=-160.0700
16:04:11     poll: raw=-80038, mm=-160.0760
16:04:11     poll: raw=-80041, mm=-160.0820
16:04:11     poll: raw=-80044, mm=-160.0880
16:04:11     poll: raw=-80049, mm=-160.0980
16:04:11     poll: raw=-80052, mm=-160.1040
16:04:11     poll: raw=-80054, mm=-160.1080
16:04:11     poll: raw=-80055, mm=-160.1100
16:04:11     poll: raw=-80059, mm=-160.1180
16:04:11     poll: raw=-80061, mm=-160.1220
16:04:11     poll: raw=-80066, mm=-160.1320
16:04:12     poll: raw=-80069, mm=-160.1380
16:04:12     poll: raw=-80072, mm=-160.1440
16:04:12     poll: raw=-80074, mm=-160.1480
16:04:12     poll: raw=-80075, mm=-160.1500
16:04:12     poll: raw=-80079, mm=-160.1580
16:04:12     poll: raw=-80081, mm=-160.1620
16:04:12     poll: raw=-80084, mm=-160.1680
16:04:12     poll: raw=-80087, mm=-160.1740
16:04:12     poll: raw=-80092, mm=-160.1840
16:04:12     poll: raw=-80095, mm=-160.1900
16:04:12     poll: raw=-80098, mm=-160.1960
16:04:12     poll: raw=-80099, mm=-160.1980
16:04:12     poll: raw=-80101, mm=-160.2020
16:04:12     poll: raw=-80105, mm=-160.2100
16:04:12     poll: raw=-80107, mm=-160.2140
16:04:12     poll: raw=-80110, mm=-160.2200
16:04:12     poll: raw=-80115, mm=-160.2300
16:04:13     poll: raw=-80118, mm=-160.2360
16:04:13     poll: raw=-80121, mm=-160.2420
16:04:13     poll: raw=-80124, mm=-160.2480
16:04:13     poll: raw=-80125, mm=-160.2500
16:04:13     poll: raw=-80127, mm=-160.2540
16:04:13     poll: raw=-80130, mm=-160.2600
16:04:13   Timeout after 20s, last raw=-80130, mm=-160.2600
16:04:13   [Kinesis+LS ch=1] After +40.0um: raw=-80133, mm=-160.2660
16:04:13   [Kinesis+LS ch=1] Delta: raw=-937, mm=-1.8740 (expected 0.0400)
16:04:13   move_relative: -40.0 um = -20 steps
16:04:13     MoveRelativeDistance err=0
16:04:13     poll: raw=-80139, mm=-160.2780
16:04:13     poll: raw=-80141, mm=-160.2820
16:04:13     poll: raw=-80144, mm=-160.2880
16:04:13     poll: raw=-80149, mm=-160.2980
16:04:13     poll: raw=-80153, mm=-160.3060
16:04:13     poll: raw=-80155, mm=-160.3100
16:04:13     poll: raw=-80158, mm=-160.3160
16:04:13     poll: raw=-80159, mm=-160.3180
16:04:14     poll: raw=-80161, mm=-160.3220
16:04:14     poll: raw=-80164, mm=-160.3280
16:04:14     poll: raw=-80169, mm=-160.3380
16:04:14     poll: raw=-80170, mm=-160.3400
16:04:14     poll: raw=-80176, mm=-160.3520
16:04:14     poll: raw=-80178, mm=-160.3560
16:04:14     poll: raw=-80181, mm=-160.3620
16:04:14     poll: raw=-80185, mm=-160.3700
16:04:14     poll: raw=-80187, mm=-160.3740
16:04:14     poll: raw=-80190, mm=-160.3800
16:04:14     poll: raw=-80196, mm=-160.3920
16:04:14     poll: raw=-80199, mm=-160.3980
16:04:14     poll: raw=-80201, mm=-160.4020
16:04:14     poll: raw=-80204, mm=-160.4080
16:04:14     poll: raw=-80205, mm=-160.4100
16:04:15     poll: raw=-80207, mm=-160.4140
16:04:15     poll: raw=-80210, mm=-160.4200
16:04:15     poll: raw=-80215, mm=-160.4300
16:04:15     poll: raw=-80216, mm=-160.4320
16:04:15     poll: raw=-80222, mm=-160.4440
16:04:15     poll: raw=-80224, mm=-160.4480
16:04:15     poll: raw=-80225, mm=-160.4500
16:04:15     poll: raw=-80227, mm=-160.4540
16:04:15     poll: raw=-80231, mm=-160.4620
16:04:15     poll: raw=-80233, mm=-160.4660
16:04:15     poll: raw=-80239, mm=-160.4780
16:04:15     poll: raw=-80242, mm=-160.4840
16:04:15     poll: raw=-80245, mm=-160.4900
16:04:15     poll: raw=-80246, mm=-160.4920
16:04:15     poll: raw=-80247, mm=-160.4940
16:04:15     poll: raw=-80251, mm=-160.5020
16:04:16     poll: raw=-80253, mm=-160.5060
16:04:16     poll: raw=-80259, mm=-160.5180
16:04:16     poll: raw=-80262, mm=-160.5240
16:04:16     poll: raw=-80265, mm=-160.5300
16:04:16     poll: raw=-80266, mm=-160.5320
16:04:16     poll: raw=-80268, mm=-160.5360
16:04:16     poll: raw=-80271, mm=-160.5420
16:04:16     poll: raw=-80273, mm=-160.5460
16:04:16     poll: raw=-80276, mm=-160.5520
16:04:16     poll: raw=-80282, mm=-160.5640
16:04:16     poll: raw=-80285, mm=-160.5700
16:04:16     poll: raw=-80288, mm=-160.5760
16:04:16     poll: raw=-80292, mm=-160.5840
16:04:16     poll: raw=-80293, mm=-160.5860
16:04:16     poll: raw=-80297, mm=-160.5940
16:04:17     poll: raw=-80299, mm=-160.5980
16:04:17     poll: raw=-80305, mm=-160.6100
16:04:17     poll: raw=-80308, mm=-160.6160
16:04:17     poll: raw=-80312, mm=-160.6240
16:04:17     poll: raw=-80313, mm=-160.6260
16:04:17     poll: raw=-80317, mm=-160.6340
16:04:17     poll: raw=-80322, mm=-160.6440
16:04:17     poll: raw=-80325, mm=-160.6500
16:04:17     poll: raw=-80328, mm=-160.6560
16:04:17     poll: raw=-80333, mm=-160.6660
16:04:17     poll: raw=-80334, mm=-160.6680
16:04:17     poll: raw=-80338, mm=-160.6760
16:04:17     poll: raw=-80339, mm=-160.6780
16:04:17     poll: raw=-80345, mm=-160.6900
16:04:17     poll: raw=-80348, mm=-160.6960
16:04:18     poll: raw=-80351, mm=-160.7020
16:04:18     poll: raw=-80353, mm=-160.7060
16:04:18     poll: raw=-80354, mm=-160.7080
16:04:18     poll: raw=-80358, mm=-160.7160
16:04:18     poll: raw=-80359, mm=-160.7180
16:04:18     poll: raw=-80365, mm=-160.7300
16:04:18     poll: raw=-80368, mm=-160.7360
16:04:18     poll: raw=-80371, mm=-160.7420
16:04:18     poll: raw=-80374, mm=-160.7480
16:04:18     poll: raw=-80378, mm=-160.7560
16:04:18     poll: raw=-80380, mm=-160.7600
16:04:18     poll: raw=-80385, mm=-160.7700
16:04:18     poll: raw=-80388, mm=-160.7760
16:04:18     poll: raw=-80391, mm=-160.7820
16:04:18     poll: raw=-80394, mm=-160.7880
16:04:19     poll: raw=-80399, mm=-160.7980
16:04:19     poll: raw=-80400, mm=-160.8000
16:04:19     poll: raw=-80404, mm=-160.8080
16:04:19     poll: raw=-80408, mm=-160.8160
16:04:19     poll: raw=-80411, mm=-160.8220
16:04:19     poll: raw=-80414, mm=-160.8280
16:04:19     poll: raw=-80419, mm=-160.8380
16:04:19     poll: raw=-80420, mm=-160.8400
16:04:19     poll: raw=-80424, mm=-160.8480
16:04:19     poll: raw=-80428, mm=-160.8560
16:04:19     poll: raw=-80431, mm=-160.8620
16:04:19     poll: raw=-80434, mm=-160.8680
16:04:19     poll: raw=-80435, mm=-160.8700
16:04:19     poll: raw=-80437, mm=-160.8740
16:04:20     poll: raw=-80440, mm=-160.8800
16:04:20     poll: raw=-80445, mm=-160.8900
16:04:20     poll: raw=-80448, mm=-160.8960
16:04:20     poll: raw=-80475, mm=-160.9500
16:04:20     poll: raw=-80481, mm=-160.9620
16:04:20     poll: raw=-80486, mm=-160.9720
16:04:21     poll: raw=-80490, mm=-160.9800
16:04:21     poll: raw=-80493, mm=-160.9860
16:04:21     poll: raw=-80496, mm=-160.9920
16:04:21     poll: raw=-80501, mm=-161.0020
16:04:21     poll: raw=-80502, mm=-161.0040
16:04:21     poll: raw=-80506, mm=-161.0120
16:04:21     poll: raw=-80510, mm=-161.0200
16:04:22     poll: raw=-80537, mm=-161.0740
16:04:22     poll: raw=-80544, mm=-161.0880
16:04:22     poll: raw=-80546, mm=-161.0920
16:04:22     poll: raw=-80549, mm=-161.0980
16:04:22     poll: raw=-80552, mm=-161.1040
16:04:22     poll: raw=-80557, mm=-161.1140
16:04:22     poll: raw=-80561, mm=-161.1220
16:04:22     poll: raw=-80564, mm=-161.1280
16:04:22     poll: raw=-80566, mm=-161.1320
16:04:22     poll: raw=-80569, mm=-161.1380
16:04:22     poll: raw=-80572, mm=-161.1440
16:04:22     poll: raw=-80578, mm=-161.1560
16:04:23     poll: raw=-80584, mm=-161.1680
16:04:23     poll: raw=-80587, mm=-161.1740
16:04:23     poll: raw=-80589, mm=-161.1780
16:04:23     poll: raw=-80593, mm=-161.1860
16:04:23     poll: raw=-80595, mm=-161.1900
16:04:23     poll: raw=-80598, mm=-161.1960
16:04:23     poll: raw=-80604, mm=-161.2080
16:04:23     poll: raw=-80607, mm=-161.2140
16:04:23     poll: raw=-80610, mm=-161.2200
16:04:23     poll: raw=-80613, mm=-161.2260
16:04:23     poll: raw=-80615, mm=-161.2300
16:04:23     poll: raw=-80618, mm=-161.2360
16:04:23     poll: raw=-80624, mm=-161.2480
16:04:23     poll: raw=-80627, mm=-161.2540
16:04:24     poll: raw=-80630, mm=-161.2600
16:04:24     poll: raw=-80633, mm=-161.2660
16:04:24     poll: raw=-80634, mm=-161.2680
16:04:24     poll: raw=-80635, mm=-161.2700
16:04:24     poll: raw=-80639, mm=-161.2780
16:04:24     poll: raw=-80644, mm=-161.2880
16:04:24     poll: raw=-80650, mm=-161.3000
16:04:24     poll: raw=-80653, mm=-161.3060
16:04:24     poll: raw=-80656, mm=-161.3120
16:04:24     poll: raw=-80659, mm=-161.3180
16:04:24     poll: raw=-80661, mm=-161.3220
16:04:24     poll: raw=-80664, mm=-161.3280
16:04:24     poll: raw=-80670, mm=-161.3400
16:04:24     poll: raw=-80673, mm=-161.3460
16:04:25     poll: raw=-80676, mm=-161.3520
16:04:25     poll: raw=-80680, mm=-161.3600
16:04:25     poll: raw=-80681, mm=-161.3620
16:04:25     poll: raw=-80685, mm=-161.3700
16:04:25     poll: raw=-80690, mm=-161.3800
16:04:25     poll: raw=-80693, mm=-161.3860
16:04:25     poll: raw=-80696, mm=-161.3920
16:04:25     poll: raw=-80700, mm=-161.4000
16:04:25     poll: raw=-80702, mm=-161.4040
16:04:25     poll: raw=-80705, mm=-161.4100
16:04:25     poll: raw=-80710, mm=-161.4200
16:04:25     poll: raw=-80713, mm=-161.4260
16:04:25     poll: raw=-80716, mm=-161.4320
16:04:26     poll: raw=-80720, mm=-161.4400
16:04:26     poll: raw=-80722, mm=-161.4440
16:04:26     poll: raw=-80726, mm=-161.4520
16:04:26     poll: raw=-80730, mm=-161.4600
16:04:26     poll: raw=-80733, mm=-161.4660
16:04:26     poll: raw=-80736, mm=-161.4720
16:04:26     poll: raw=-80741, mm=-161.4820
16:04:26     poll: raw=-80742, mm=-161.4840
16:04:26     poll: raw=-80746, mm=-161.4920
16:04:26     poll: raw=-80750, mm=-161.5000
16:04:26     poll: raw=-80753, mm=-161.5060
16:04:26     poll: raw=-80756, mm=-161.5120
16:04:26     poll: raw=-80759, mm=-161.5180
16:04:26     poll: raw=-80762, mm=-161.5240
16:04:27     poll: raw=-80767, mm=-161.5340
16:04:27     poll: raw=-80768, mm=-161.5360
16:04:27     poll: raw=-80773, mm=-161.5460
16:04:27     poll: raw=-80776, mm=-161.5520
16:04:27     poll: raw=-80779, mm=-161.5580
16:04:27     poll: raw=-80782, mm=-161.5640
16:04:27     poll: raw=-80787, mm=-161.5740
16:04:27     poll: raw=-80788, mm=-161.5760
16:04:27     poll: raw=-80792, mm=-161.5840
16:04:27     poll: raw=-80796, mm=-161.5920
16:04:27     poll: raw=-80799, mm=-161.5980
16:04:27     poll: raw=-80802, mm=-161.6040
16:04:27     poll: raw=-80805, mm=-161.6100
16:04:27     poll: raw=-80808, mm=-161.6160
16:04:27     poll: raw=-80813, mm=-161.6260
16:04:28     poll: raw=-80814, mm=-161.6280
16:04:28     poll: raw=-80818, mm=-161.6360
16:04:28     poll: raw=-80822, mm=-161.6440
16:04:28     poll: raw=-80825, mm=-161.6500
16:04:28     poll: raw=-80828, mm=-161.6560
16:04:28     poll: raw=-80833, mm=-161.6660
16:04:28     poll: raw=-80834, mm=-161.6680
16:04:28     poll: raw=-80840, mm=-161.6800
16:04:28     poll: raw=-80842, mm=-161.6840
16:04:28     poll: raw=-80845, mm=-161.6900
16:04:28     poll: raw=-80848, mm=-161.6960
16:04:28     poll: raw=-80853, mm=-161.7060
16:04:28     poll: raw=-80854, mm=-161.7080
16:04:28     poll: raw=-80860, mm=-161.7200
16:04:29     poll: raw=-80862, mm=-161.7240
16:04:29     poll: raw=-80865, mm=-161.7300
16:04:29     poll: raw=-80868, mm=-161.7360
16:04:29     poll: raw=-80869, mm=-161.7380
16:04:29     poll: raw=-80871, mm=-161.7420
16:04:29     poll: raw=-80874, mm=-161.7480
16:04:29     poll: raw=-80879, mm=-161.7580
16:04:29     poll: raw=-80883, mm=-161.7660
16:04:29     poll: raw=-80885, mm=-161.7700
16:04:29     poll: raw=-80888, mm=-161.7760
16:04:29     poll: raw=-80889, mm=-161.7780
16:04:29     poll: raw=-80900, mm=-161.8000
16:04:30     poll: raw=-80905, mm=-161.8100
16:04:30     poll: raw=-80910, mm=-161.8200
16:04:30     poll: raw=-80913, mm=-161.8260
16:04:30     poll: raw=-80916, mm=-161.8320
16:04:30     poll: raw=-80920, mm=-161.8400
16:04:30     poll: raw=-80922, mm=-161.8440
16:04:30     poll: raw=-80925, mm=-161.8500
16:04:30     poll: raw=-80930, mm=-161.8600
16:04:30     poll: raw=-80933, mm=-161.8660
16:04:30     poll: raw=-80936, mm=-161.8720
16:04:30     poll: raw=-80940, mm=-161.8800
16:04:30     poll: raw=-80942, mm=-161.8840
16:04:30     poll: raw=-80946, mm=-161.8920
16:04:30     poll: raw=-80950, mm=-161.9000
16:04:30     poll: raw=-80953, mm=-161.9060
16:04:31     poll: raw=-80956, mm=-161.9120
16:04:31     poll: raw=-80961, mm=-161.9220
16:04:31     poll: raw=-80962, mm=-161.9240
16:04:31     poll: raw=-80967, mm=-161.9340
16:04:31     poll: raw=-80970, mm=-161.9400
16:04:31     poll: raw=-80973, mm=-161.9460
16:04:31     poll: raw=-80976, mm=-161.9520
16:04:31     poll: raw=-80981, mm=-161.9620
16:04:31     poll: raw=-80982, mm=-161.9640
16:04:31     poll: raw=-80987, mm=-161.9740
16:04:31     poll: raw=-80990, mm=-161.9800
16:04:31     poll: raw=-80993, mm=-161.9860
16:04:31     poll: raw=-80997, mm=-161.9940
16:04:32     poll: raw=-80999, mm=-161.9980
16:04:32     poll: raw=-81002, mm=-162.0040
16:04:32     poll: raw=-81007, mm=-162.0140
16:04:32     poll: raw=-81010, mm=-162.0200
16:04:32     poll: raw=-81013, mm=-162.0260
16:04:32     poll: raw=-81016, mm=-162.0320
16:04:32     poll: raw=-81017, mm=-162.0340
16:04:32     poll: raw=-81019, mm=-162.0380
16:04:32     poll: raw=-81022, mm=-162.0440
16:04:32     poll: raw=-81028, mm=-162.0560
16:04:32     poll: raw=-81031, mm=-162.0620
16:04:32     poll: raw=-81033, mm=-162.0660
16:04:32     poll: raw=-81036, mm=-162.0720
16:04:32     poll: raw=-81037, mm=-162.0740
16:04:32     poll: raw=-81039, mm=-162.0780
16:04:32     poll: raw=-81043, mm=-162.0860
16:04:33     poll: raw=-81045, mm=-162.0900
16:04:33     poll: raw=-81048, mm=-162.0960
16:04:33     poll: raw=-81054, mm=-162.1080
16:04:33     poll: raw=-81056, mm=-162.1120
16:04:33     poll: raw=-81059, mm=-162.1180
16:04:33     poll: raw=-81063, mm=-162.1260
16:04:33     poll: raw=-81065, mm=-162.1300
16:04:33     poll: raw=-81068, mm=-162.1360
16:04:33   Timeout after 20s, last raw=-81068, mm=-162.1360
16:04:33   [Kinesis+LS ch=1] After -40.0um: raw=-81071, mm=-162.1420
16:04:33   [Kinesis+LS ch=1] Delta back: raw=-938, mm=-1.8760
16:04:33   [Kinesis+LS ch=1] Total from start: raw=-1875, mm=-3.7500
16:04:33   Status [Kinesis+LS ch=1 post-move]: 0x80101220 = REV_SW_LIMIT | MOVING | ERROR [upper=0x80100000]
16:04:33   PowerParams [Kinesis+LS ch=1 post-move]: move=6%, rest=130%
16:04:33   InputVoltage [Kinesis+LS ch=1 post-move]: 744 mV (0.744 V)
16:04:33   Position [Kinesis+LS ch=1 post-move]: raw=-81075, mm=-162.1500
16:04:33   VelParams [Kinesis+LS ch=1 post-move]: accel=1000, maxVel=250
16:04:33   [Kinesis+LS ch=1] RESULT: FAIL (delta_plus=-937, expected=20)
16:04:33 
--- 2.10 Final status ch=1 ---
16:04:33   Status [ch=1 final]: 0x80101220 = REV_SW_LIMIT | MOVING | ERROR [upper=0x80100000]
16:04:33   PowerParams [ch=1 final]: move=6%, rest=130%
16:04:33   InputVoltage [ch=1 final]: 736 mV (0.736 V)
16:04:33   Position [ch=1 final]: raw=-81080, mm=-162.1600
16:04:33   VelParams [ch=1 final]: accel=1000, maxVel=250
16:04:34 
============================================================
16:04:34   STEP 2: KINESIS ch=2 WITH LoadSettings (BSM 70864299)
16:04:34 ============================================================
16:04:36   SBC_Open -> 0
16:04:37 
--- 2.1 LoadSettings ch=2 ---
16:04:37   SBC_LoadSettings(ch=2) -> True
16:04:37 
--- 2.2 Status AFTER LoadSettings (BEFORE Enable) ---
16:04:37   Status [ch=2 after-load]: 0x00000000 = NONE
16:04:37   PowerParams [ch=2 after-load]: move=30%, rest=15%
16:04:37   InputVoltage [ch=2 after-load]: 65535 mV (65.535 V)
16:04:37   Position [ch=2 after-load]: raw=-1, mm=-0.0020
16:04:37   VelParams [ch=2 after-load]: accel=768000, maxVel=768000
16:04:37 
--- 2.3 EnableChannel ch=2 ---
16:04:38   SBC_EnableChannel(ch=2) -> 0
16:04:38 
--- 2.4 Status AFTER Enable ---
16:04:38   Status [ch=2 after-enable]: 0x00000000 = NONE
16:04:38   PowerParams [ch=2 after-enable]: move=30%, rest=15%
16:04:38   InputVoltage [ch=2 after-enable]: 65535 mV (65.535 V)
16:04:38   Position [ch=2 after-enable]: raw=-1, mm=-0.0020
16:04:38   VelParams [ch=2 after-enable]: accel=768000, maxVel=768000
16:04:38 
--- 2.5 SetVelParams ch=2 (accel=250, maxVel=1000 = 2.0mm/s) ---
16:04:38   SetVelParams(ch=2): accel=250, maxVel=1000
16:04:38     SBC_SetVelParams -> err=0
16:04:38     Verify: accel=1000, maxVel=250 FAIL
16:04:38     MISMATCH: expected accel=250 maxVel=1000, got accel=1000 maxVel=250
16:04:38 
--- 2.6 SetSoftLimitMode ch=2 = AllowAllMoves ---
16:04:38   ch=2 SoftLimitMode after set: 2
16:04:38 
--- 2.7 SetHomingParams ch=2 ---
16:04:38   SBC_SetHomingParamsBlock -> 0
16:04:38 
--- 2.8 Homing ch=2 ---
16:04:38   Homing ch=2 (timeout=60s)...
16:04:38     SBC_Home -> err=0
16:04:38     Homing ch=2 complete. Status: 0x00000000, pos=-1
16:04:38 
--- 2.9 Movement test ch=2: +40.0um then -40.0um ---
16:04:38   [Kinesis+LS ch=2] Before: raw=-1, mm=-0.0020
16:04:38   move_relative: 40.0 um = 20 steps
16:04:38     MoveRelativeDistance err=0
16:04:38     poll: raw=-1, mm=-0.0020
16:04:40   Stabilized at raw=-1, mm=-0.0020
16:04:40   [Kinesis+LS ch=2] After +40.0um: raw=-1, mm=-0.0020
16:04:40   [Kinesis+LS ch=2] Delta: raw=0, mm=0.0000 (expected 0.0400)
16:04:40   move_relative: -40.0 um = -20 steps
16:04:40     MoveRelativeDistance err=0
16:04:40     poll: raw=-1, mm=-0.0020
16:04:41   Stabilized at raw=-1, mm=-0.0020
16:04:41   [Kinesis+LS ch=2] After -40.0um: raw=-1, mm=-0.0020
16:04:41   [Kinesis+LS ch=2] Delta back: raw=0, mm=0.0000
16:04:41   [Kinesis+LS ch=2] Total from start: raw=0, mm=0.0000
16:04:41   Status [Kinesis+LS ch=2 post-move]: 0x00000000 = NONE
16:04:41   PowerParams [Kinesis+LS ch=2 post-move]: move=30%, rest=15%
16:04:41   InputVoltage [Kinesis+LS ch=2 post-move]: 65535 mV (65.535 V)
16:04:41   Position [Kinesis+LS ch=2 post-move]: raw=-1, mm=-0.0020
16:04:41   VelParams [Kinesis+LS ch=2 post-move]: accel=1000, maxVel=250
16:04:41   [Kinesis+LS ch=2] RESULT: FAIL (delta_plus=0, expected=20)
16:04:41 
--- 2.10 Final status ch=2 ---
16:04:41   Status [ch=2 final]: 0x00000000 = NONE
16:04:41   PowerParams [ch=2 final]: move=30%, rest=15%
16:04:41   InputVoltage [ch=2 final]: 65535 mV (65.535 V)
16:04:41   Position [ch=2 final]: raw=-1, mm=-0.0020
16:04:41   VelParams [ch=2 final]: accel=1000, maxVel=250
16:04:42 
============================================================
16:04:42   STEP 3: KINESIS ch=1 WITHOUT LoadSettings (BSM 70864299)
16:04:42 ============================================================
16:04:43   SBC_Open -> 0
16:04:43 
--- 3.1 Status BEFORE LoadSettings ch=1 ---
16:04:44   Status [ch=1 no-LS pre]: 0x80101220 = REV_SW_LIMIT | MOVING | ERROR [upper=0x80100000]
16:04:44   PowerParams [ch=1 no-LS pre]: move=6%, rest=130%
16:04:44   InputVoltage [ch=1 no-LS pre]: 720 mV (0.720 V)
16:04:44   Position [ch=1 no-LS pre]: raw=-81542, mm=-163.0840
16:04:44   VelParams [ch=1 no-LS pre]: accel=1000, maxVel=250
16:04:44 
--- 3.2 EnableChannel ch=1 (NO LoadSettings!) ---
16:04:44   SBC_EnableChannel(ch=1) -> 0
16:04:44 
--- 3.3 Status AFTER Enable (no LoadSettings) ---
16:04:44   Status [ch=1 no-LS after-enable]: 0x80101220 = REV_SW_LIMIT | MOVING | ERROR [upper=0x80100000]
16:04:44   PowerParams [ch=1 no-LS after-enable]: move=6%, rest=130%
16:04:44   InputVoltage [ch=1 no-LS after-enable]: 704 mV (0.704 V)
16:04:44   Position [ch=1 no-LS after-enable]: raw=-81584, mm=-163.1680
16:04:44   VelParams [ch=1 no-LS after-enable]: accel=1000, maxVel=250
16:04:44 
--- 3.4 SetVelParams ch=1 ---
16:04:44   SetVelParams(ch=1): accel=250, maxVel=1000
16:04:44     SBC_SetVelParams -> err=0
16:04:44     Verify: accel=1000, maxVel=250 FAIL
16:04:44     MISMATCH: expected accel=250 maxVel=1000, got accel=1000 maxVel=250
16:04:44 
--- 3.5 SetSoftLimitMode ch=1 ---
16:04:44 
--- 3.6 SetHomingParams ch=1 ---
16:04:44 
--- 3.7 Homing ch=1 (no LoadSettings) ---
16:04:44   Homing ch=1 (timeout=60s)...
16:04:44     SBC_Home -> err=0
16:04:44     Homing ch=1 complete. Status: 0x80101220, pos=-81603
16:04:44 
--- 3.8 Movement test ch=1: +40.0um then -40.0um ---
16:04:44   [Kinesis no-LS ch=1] Before: raw=-81603, mm=-163.2060
16:04:44   move_relative: 40.0 um = 20 steps
16:04:45     MoveRelativeDistance err=0
16:04:45     poll: raw=-81611, mm=-163.2220
16:04:45     poll: raw=-81614, mm=-163.2280
16:04:45     poll: raw=-81615, mm=-163.2300
16:04:45     poll: raw=-81617, mm=-163.2340
16:04:45     poll: raw=-81620, mm=-163.2400
16:04:45     poll: raw=-81625, mm=-163.2500
16:04:45     poll: raw=-81626, mm=-163.2520
16:04:45     poll: raw=-81632, mm=-163.2640
16:04:45     poll: raw=-81634, mm=-163.2680
16:04:45     poll: raw=-81637, mm=-163.2740
16:04:45     poll: raw=-81640, mm=-163.2800
16:04:45     poll: raw=-81645, mm=-163.2900
16:04:45     poll: raw=-81646, mm=-163.2920
16:04:45     poll: raw=-81652, mm=-163.3040
16:04:46     poll: raw=-81654, mm=-163.3080
16:04:46     poll: raw=-81657, mm=-163.3140
16:04:46     poll: raw=-81661, mm=-163.3220
16:04:46     poll: raw=-81663, mm=-163.3260
16:04:46     poll: raw=-81666, mm=-163.3320
16:04:46     poll: raw=-81672, mm=-163.3440
16:04:46     poll: raw=-81675, mm=-163.3500
16:04:46     poll: raw=-81677, mm=-163.3540
16:04:46     poll: raw=-81681, mm=-163.3620
16:04:46     poll: raw=-81683, mm=-163.3660
16:04:46     poll: raw=-81686, mm=-163.3720
16:04:46     poll: raw=-81692, mm=-163.3840
16:04:46     poll: raw=-81695, mm=-163.3900
16:04:46     poll: raw=-81698, mm=-163.3960
16:04:47     poll: raw=-81701, mm=-163.4020
16:04:47     poll: raw=-81703, mm=-163.4060
16:04:47     poll: raw=-81707, mm=-163.4140
16:04:47     poll: raw=-81712, mm=-163.4240
16:04:47     poll: raw=-81715, mm=-163.4300
16:04:47     poll: raw=-81718, mm=-163.4360
16:04:47     poll: raw=-81722, mm=-163.4440
16:04:47     poll: raw=-81723, mm=-163.4460
16:04:47     poll: raw=-81727, mm=-163.4540
16:04:47     poll: raw=-81729, mm=-163.4580
16:04:47     poll: raw=-81735, mm=-163.4700
16:04:47     poll: raw=-81738, mm=-163.4760
16:04:47     poll: raw=-81741, mm=-163.4820
16:04:47     poll: raw=-81742, mm=-163.4840
16:04:48     poll: raw=-81743, mm=-163.4860
16:04:48     poll: raw=-81747, mm=-163.4940
16:04:48     poll: raw=-81749, mm=-163.4980
16:04:48     poll: raw=-81755, mm=-163.5100
16:04:48     poll: raw=-81758, mm=-163.5160
16:04:48     poll: raw=-81761, mm=-163.5220
16:04:48     poll: raw=-81763, mm=-163.5260
16:04:48     poll: raw=-81764, mm=-163.5280
16:04:48     poll: raw=-81768, mm=-163.5360
16:04:48     poll: raw=-81769, mm=-163.5380
16:04:48     poll: raw=-81775, mm=-163.5500
16:04:48     poll: raw=-81781, mm=-163.5620
16:04:48     poll: raw=-81784, mm=-163.5680
16:04:48     poll: raw=-81788, mm=-163.5760
16:04:49     poll: raw=-81789, mm=-163.5780
16:04:49     poll: raw=-81795, mm=-163.5900
16:04:49     poll: raw=-81798, mm=-163.5960
16:04:49     poll: raw=-81801, mm=-163.6020
16:04:49     poll: raw=-81804, mm=-163.6080
16:04:49     poll: raw=-81809, mm=-163.6180
16:04:49     poll: raw=-81812, mm=-163.6240
16:04:49     poll: raw=-81815, mm=-163.6300
16:04:49     poll: raw=-81818, mm=-163.6360
16:04:49     poll: raw=-81819, mm=-163.6380
16:04:49     poll: raw=-81821, mm=-163.6420
16:04:49     poll: raw=-81824, mm=-163.6480
16:04:49     poll: raw=-81829, mm=-163.6580
16:04:49     poll: raw=-81832, mm=-163.6640
16:04:49     poll: raw=-81835, mm=-163.6700
16:04:49     poll: raw=-81838, mm=-163.6760
16:04:50     poll: raw=-81839, mm=-163.6780
16:04:50     poll: raw=-81841, mm=-163.6820
16:04:50     poll: raw=-81844, mm=-163.6880
16:04:50     poll: raw=-81847, mm=-163.6940
16:04:50     poll: raw=-81852, mm=-163.7040
16:04:50     poll: raw=-81855, mm=-163.7100
16:04:50     poll: raw=-81858, mm=-163.7160
16:04:50     poll: raw=-81859, mm=-163.7180
16:04:50     poll: raw=-81861, mm=-163.7220
16:04:50     poll: raw=-81865, mm=-163.7300
16:04:50     poll: raw=-81867, mm=-163.7340
16:04:50     poll: raw=-81872, mm=-163.7440
16:04:50     poll: raw=-81875, mm=-163.7500
16:04:50     poll: raw=-81880, mm=-163.7600
16:04:50     poll: raw=-81881, mm=-163.7620
16:04:51     poll: raw=-81885, mm=-163.7700
16:04:51     poll: raw=-81890, mm=-163.7800
16:04:51     poll: raw=-81892, mm=-163.7840
16:04:51     poll: raw=-81895, mm=-163.7900
16:04:51     poll: raw=-81898, mm=-163.7960
16:04:51     poll: raw=-81900, mm=-163.8000
16:04:51     poll: raw=-81901, mm=-163.8020
16:04:51     poll: raw=-81905, mm=-163.8100
16:04:51     poll: raw=-81907, mm=-163.8140
16:04:51     poll: raw=-81913, mm=-163.8260
16:04:51     poll: raw=-81915, mm=-163.8300
16:04:51     poll: raw=-81918, mm=-163.8360
16:04:51     poll: raw=-81921, mm=-163.8420
16:04:51     poll: raw=-81926, mm=-163.8520
16:04:51     poll: raw=-81927, mm=-163.8540
16:04:52     poll: raw=-81933, mm=-163.8660
16:04:52     poll: raw=-81936, mm=-163.8720
16:04:52     poll: raw=-81938, mm=-163.8760
16:04:52     poll: raw=-81941, mm=-163.8820
16:04:52     poll: raw=-81946, mm=-163.8920
16:04:52     poll: raw=-81947, mm=-163.8940
16:04:52     poll: raw=-81953, mm=-163.9060
16:04:52     poll: raw=-81956, mm=-163.9120
16:04:52     poll: raw=-81959, mm=-163.9180
16:04:52     poll: raw=-81962, mm=-163.9240
16:04:52     poll: raw=-81967, mm=-163.9340
16:04:52     poll: raw=-81972, mm=-163.9440
16:04:53     poll: raw=-81992, mm=-163.9840
16:04:53     poll: raw=-81997, mm=-163.9940
16:04:53     poll: raw=-82000, mm=-164.0000
16:04:53     poll: raw=-82002, mm=-164.0040
16:04:53     poll: raw=-82008, mm=-164.0160
16:04:53     poll: raw=-82013, mm=-164.0260
16:04:53     poll: raw=-82014, mm=-164.0280
16:04:53     poll: raw=-82020, mm=-164.0400
16:04:53     poll: raw=-82022, mm=-164.0440
16:04:54     poll: raw=-82025, mm=-164.0500
16:04:54     poll: raw=-82028, mm=-164.0560
16:04:54     poll: raw=-82033, mm=-164.0660
16:04:54     poll: raw=-82034, mm=-164.0680
16:04:54     poll: raw=-82038, mm=-164.0760
16:04:54     poll: raw=-82043, mm=-164.0860
16:04:54     poll: raw=-82046, mm=-164.0920
16:04:54     poll: raw=-82051, mm=-164.1020
16:04:54     poll: raw=-82054, mm=-164.1080
16:04:54     poll: raw=-82059, mm=-164.1180
16:04:54     poll: raw=-82060, mm=-164.1200
16:04:54     poll: raw=-82066, mm=-164.1320
16:04:54     poll: raw=-82069, mm=-164.1380
16:04:55     poll: raw=-82072, mm=-164.1440
16:04:55     poll: raw=-82074, mm=-164.1480
16:04:55     poll: raw=-82079, mm=-164.1580
16:04:55     poll: raw=-82080, mm=-164.1600
16:04:55     poll: raw=-82086, mm=-164.1720
16:04:55     poll: raw=-82089, mm=-164.1780
16:04:55     poll: raw=-82092, mm=-164.1840
16:04:55     poll: raw=-82094, mm=-164.1880
16:04:55     poll: raw=-82095, mm=-164.1900
16:04:55     poll: raw=-82100, mm=-164.2000
16:04:55     poll: raw=-82105, mm=-164.2100
16:04:55     poll: raw=-82109, mm=-164.2180
16:04:55     poll: raw=-82112, mm=-164.2240
16:04:55     poll: raw=-82115, mm=-164.2300
16:04:56     poll: raw=-82117, mm=-164.2340
16:04:56     poll: raw=-82120, mm=-164.2400
16:04:56     poll: raw=-82125, mm=-164.2500
16:04:56     poll: raw=-82126, mm=-164.2520
16:04:56     poll: raw=-82132, mm=-164.2640
16:04:56     poll: raw=-82135, mm=-164.2700
16:04:56     poll: raw=-82138, mm=-164.2760
16:04:56     poll: raw=-82141, mm=-164.2820
16:04:56     poll: raw=-82146, mm=-164.2920
16:04:56     poll: raw=-82151, mm=-164.3020
16:04:56     poll: raw=-82155, mm=-164.3100
16:04:56     poll: raw=-82158, mm=-164.3160
16:04:56     poll: raw=-82161, mm=-164.3220
16:04:57     poll: raw=-82163, mm=-164.3260
16:04:57     poll: raw=-82166, mm=-164.3320
16:04:57     poll: raw=-82172, mm=-164.3440
16:04:57     poll: raw=-82175, mm=-164.3500
16:04:57     poll: raw=-82178, mm=-164.3560
16:04:57     poll: raw=-82181, mm=-164.3620
16:04:57     poll: raw=-82184, mm=-164.3680
16:04:57     poll: raw=-82187, mm=-164.3740
16:04:57     poll: raw=-82192, mm=-164.3840
16:04:57     poll: raw=-82195, mm=-164.3900
16:04:57     poll: raw=-82198, mm=-164.3960
16:04:57     poll: raw=-82201, mm=-164.4020
16:04:57     poll: raw=-82202, mm=-164.4040
16:04:57     poll: raw=-82204, mm=-164.4080
16:04:57     poll: raw=-82207, mm=-164.4140
16:04:58     poll: raw=-82209, mm=-164.4180
16:04:58     poll: raw=-82215, mm=-164.4300
16:04:58     poll: raw=-82218, mm=-164.4360
16:04:58     poll: raw=-82221, mm=-164.4420
16:04:58     poll: raw=-82224, mm=-164.4480
16:04:58     poll: raw=-82227, mm=-164.4540
16:04:58     poll: raw=-82230, mm=-164.4600
16:04:58     poll: raw=-82232, mm=-164.4640
16:04:58     poll: raw=-82238, mm=-164.4760
16:04:58     poll: raw=-82241, mm=-164.4820
16:04:58     poll: raw=-82244, mm=-164.4880
16:04:58     poll: raw=-82248, mm=-164.4960
16:04:58     poll: raw=-82250, mm=-164.5000
16:04:58     poll: raw=-82253, mm=-164.5060
16:04:59     poll: raw=-82258, mm=-164.5160
16:04:59     poll: raw=-82261, mm=-164.5220
16:04:59     poll: raw=-82264, mm=-164.5280
16:04:59     poll: raw=-82268, mm=-164.5360
16:04:59     poll: raw=-82270, mm=-164.5400
16:04:59     poll: raw=-82273, mm=-164.5460
16:04:59     poll: raw=-82278, mm=-164.5560
16:04:59     poll: raw=-82281, mm=-164.5620
16:04:59     poll: raw=-82284, mm=-164.5680
16:04:59     poll: raw=-82287, mm=-164.5740
16:04:59     poll: raw=-82296, mm=-164.5920
16:04:59     poll: raw=-82299, mm=-164.5980
16:04:59     poll: raw=-82302, mm=-164.6040
16:05:00     poll: raw=-82304, mm=-164.6080
16:05:00     poll: raw=-82305, mm=-164.6100
16:05:00     poll: raw=-82309, mm=-164.6180
16:05:00     poll: raw=-82311, mm=-164.6220
16:05:00     poll: raw=-82314, mm=-164.6280
16:05:00     poll: raw=-82316, mm=-164.6320
16:05:00     poll: raw=-82322, mm=-164.6440
16:05:00     poll: raw=-82325, mm=-164.6500
16:05:00     poll: raw=-82329, mm=-164.6580
16:05:00     poll: raw=-82331, mm=-164.6620
16:05:00     poll: raw=-82334, mm=-164.6680
16:05:00     poll: raw=-82339, mm=-164.6780
16:05:00     poll: raw=-82342, mm=-164.6840
16:05:00     poll: raw=-82345, mm=-164.6900
16:05:01     poll: raw=-82350, mm=-164.7000
16:05:01     poll: raw=-82351, mm=-164.7020
16:05:01     poll: raw=-82355, mm=-164.7100
16:05:01     poll: raw=-82357, mm=-164.7140
16:05:01     poll: raw=-82362, mm=-164.7240
16:05:01     poll: raw=-82365, mm=-164.7300
16:05:01     poll: raw=-82368, mm=-164.7360
16:05:01     poll: raw=-82371, mm=-164.7420
16:05:01     poll: raw=-82375, mm=-164.7500
16:05:01     poll: raw=-82377, mm=-164.7540
16:05:01     poll: raw=-82380, mm=-164.7600
16:05:01     poll: raw=-82383, mm=-164.7660
16:05:01     poll: raw=-82388, mm=-164.7760
16:05:01     poll: raw=-82391, mm=-164.7820
16:05:01     poll: raw=-82396, mm=-164.7920
16:05:02     poll: raw=-82397, mm=-164.7940
16:05:02     poll: raw=-82401, mm=-164.8020
16:05:02     poll: raw=-82405, mm=-164.8100
16:05:02     poll: raw=-82408, mm=-164.8160
16:05:02     poll: raw=-82411, mm=-164.8220
16:05:02     poll: raw=-82416, mm=-164.8320
16:05:02     poll: raw=-82417, mm=-164.8340
16:05:02     poll: raw=-82421, mm=-164.8420
16:05:02     poll: raw=-82423, mm=-164.8460
16:05:02     poll: raw=-82429, mm=-164.8580
16:05:02     poll: raw=-82431, mm=-164.8620
16:05:02     poll: raw=-82434, mm=-164.8680
16:05:02     poll: raw=-82436, mm=-164.8720
16:05:02     poll: raw=-82437, mm=-164.8740
16:05:02     poll: raw=-82442, mm=-164.8840
16:05:03     poll: raw=-82443, mm=-164.8860
16:05:03     poll: raw=-82449, mm=-164.8980
16:05:03     poll: raw=-82451, mm=-164.9020
16:05:03     poll: raw=-82454, mm=-164.9080
16:05:03     poll: raw=-82457, mm=-164.9140
16:05:03     poll: raw=-82462, mm=-164.9240
16:05:03     poll: raw=-82463, mm=-164.9260
16:05:03     poll: raw=-82467, mm=-164.9340
16:05:03     poll: raw=-82472, mm=-164.9440
16:05:03     poll: raw=-82474, mm=-164.9480
16:05:03     poll: raw=-82477, mm=-164.9540
16:05:03     poll: raw=-82480, mm=-164.9600
16:05:03     poll: raw=-82489, mm=-164.9780
16:05:04     poll: raw=-82492, mm=-164.9840
16:05:04     poll: raw=-82494, mm=-164.9880
16:05:04     poll: raw=-82498, mm=-164.9960
16:05:04     poll: raw=-82503, mm=-165.0060
16:05:04     poll: raw=-82509, mm=-165.0180
16:05:04     poll: raw=-82512, mm=-165.0240
16:05:04     poll: raw=-82515, mm=-165.0300
16:05:04     poll: raw=-82517, mm=-165.0340
16:05:04     poll: raw=-82518, mm=-165.0360
16:05:04     poll: raw=-82520, mm=-165.0400
16:05:04     poll: raw=-82523, mm=-165.0460
16:05:04     poll: raw=-82528, mm=-165.0560
16:05:04     poll: raw=-82532, mm=-165.0640
16:05:04     poll: raw=-82535, mm=-165.0700
16:05:05     poll: raw=-82538, mm=-165.0760
16:05:05   Timeout after 20s, last raw=-82538, mm=-165.0760
16:05:05   [Kinesis no-LS ch=1] After +40.0um: raw=-82540, mm=-165.0800
16:05:05   [Kinesis no-LS ch=1] Delta: raw=-937, mm=-1.8740 (expected 0.0400)
16:05:05   move_relative: -40.0 um = -20 steps
16:05:05     MoveRelativeDistance err=0
16:05:05     poll: raw=-82547, mm=-165.0940
16:05:05     poll: raw=-82549, mm=-165.0980
16:05:05     poll: raw=-82552, mm=-165.1040
16:05:05     poll: raw=-82557, mm=-165.1140
16:05:05     poll: raw=-82560, mm=-165.1200
16:05:05     poll: raw=-82563, mm=-165.1260
16:05:05     poll: raw=-82566, mm=-165.1320
16:05:05     poll: raw=-82567, mm=-165.1340
16:05:05     poll: raw=-82569, mm=-165.1380
16:05:05     poll: raw=-82572, mm=-165.1440
16:05:05     poll: raw=-82577, mm=-165.1540
16:05:05     poll: raw=-82583, mm=-165.1660
16:05:06     poll: raw=-82586, mm=-165.1720
16:05:06     poll: raw=-82587, mm=-165.1740
16:05:06     poll: raw=-82589, mm=-165.1780
16:05:06     poll: raw=-82592, mm=-165.1840
16:05:06     poll: raw=-82595, mm=-165.1900
16:05:06     poll: raw=-82597, mm=-165.1940
16:05:06     poll: raw=-82603, mm=-165.2060
16:05:06     poll: raw=-82606, mm=-165.2120
16:05:06     poll: raw=-82609, mm=-165.2180
16:05:06     poll: raw=-82613, mm=-165.2260
16:05:06     poll: raw=-82615, mm=-165.2300
16:05:06     poll: raw=-82618, mm=-165.2360
16:05:06     poll: raw=-82623, mm=-165.2460
16:05:06     poll: raw=-82626, mm=-165.2520
16:05:06     poll: raw=-82628, mm=-165.2560
16:05:07     poll: raw=-82629, mm=-165.2580
16:05:07     poll: raw=-82633, mm=-165.2660
16:05:07     poll: raw=-82635, mm=-165.2700
16:05:07     poll: raw=-82638, mm=-165.2760
16:05:07     poll: raw=-82643, mm=-165.2860
16:05:07     poll: raw=-82646, mm=-165.2920
16:05:07     poll: raw=-82649, mm=-165.2980
16:05:07     poll: raw=-82653, mm=-165.3060
16:05:07     poll: raw=-82655, mm=-165.3100
16:05:07     poll: raw=-82659, mm=-165.3180
16:05:07     poll: raw=-82663, mm=-165.3260
16:05:07     poll: raw=-82666, mm=-165.3320
16:05:07     poll: raw=-82669, mm=-165.3380
16:05:07     poll: raw=-82674, mm=-165.3480
16:05:08     poll: raw=-82675, mm=-165.3500
16:05:08     poll: raw=-82679, mm=-165.3580
16:05:08     poll: raw=-82683, mm=-165.3660
16:05:08     poll: raw=-82686, mm=-165.3720
16:05:08     poll: raw=-82689, mm=-165.3780
16:05:08     poll: raw=-82694, mm=-165.3880
16:05:08     poll: raw=-82695, mm=-165.3900
16:05:08     poll: raw=-82699, mm=-165.3980
16:05:08     poll: raw=-82701, mm=-165.4020
16:05:08     poll: raw=-82707, mm=-165.4140
16:05:08     poll: raw=-82709, mm=-165.4180
16:05:08     poll: raw=-82710, mm=-165.4200
16:05:08     poll: raw=-82715, mm=-165.4300
16:05:08     poll: raw=-82720, mm=-165.4400
16:05:09     poll: raw=-82721, mm=-165.4420
16:05:09     poll: raw=-82727, mm=-165.4540
16:05:09     poll: raw=-82729, mm=-165.4580
16:05:09     poll: raw=-82730, mm=-165.4600
16:05:09     poll: raw=-82732, mm=-165.4640
16:05:09     poll: raw=-82735, mm=-165.4700
16:05:09     poll: raw=-82740, mm=-165.4800
16:05:09     poll: raw=-82744, mm=-165.4880
16:05:09     poll: raw=-82747, mm=-165.4940
16:05:09     poll: raw=-82750, mm=-165.5000
16:05:09     poll: raw=-82752, mm=-165.5040
16:05:09     poll: raw=-82755, mm=-165.5100
16:05:09     poll: raw=-82761, mm=-165.5220
16:05:09     poll: raw=-82764, mm=-165.5280
16:05:09     poll: raw=-82767, mm=-165.5340
16:05:09     poll: raw=-82770, mm=-165.5400
16:05:10     poll: raw=-82772, mm=-165.5440
16:05:10     poll: raw=-82776, mm=-165.5520
16:05:10     poll: raw=-82778, mm=-165.5560
16:05:10     poll: raw=-82781, mm=-165.5620
16:05:10     poll: raw=-82787, mm=-165.5740
16:05:10     poll: raw=-82790, mm=-165.5800
16:05:10     poll: raw=-82793, mm=-165.5860
16:05:10     poll: raw=-82796, mm=-165.5920
16:05:10     poll: raw=-82798, mm=-165.5960
16:05:10     poll: raw=-82804, mm=-165.6080
16:05:10     poll: raw=-82807, mm=-165.6140
16:05:10     poll: raw=-82810, mm=-165.6200
16:05:10     poll: raw=-82813, mm=-165.6260
16:05:11     poll: raw=-82817, mm=-165.6340
16:05:11     poll: raw=-82818, mm=-165.6360
16:05:11     poll: raw=-82822, mm=-165.6440
16:05:11     poll: raw=-82827, mm=-165.6540
16:05:11     poll: raw=-82830, mm=-165.6600
16:05:11     poll: raw=-82833, mm=-165.6660
16:05:11     poll: raw=-82837, mm=-165.6740
16:05:11     poll: raw=-82838, mm=-165.6760
16:05:11     poll: raw=-82844, mm=-165.6880
16:05:11     poll: raw=-82847, mm=-165.6940
16:05:11     poll: raw=-82850, mm=-165.7000
16:05:11     poll: raw=-82853, mm=-165.7060
16:05:11     poll: raw=-82858, mm=-165.7160
16:05:11     poll: raw=-82859, mm=-165.7180
16:05:12     poll: raw=-82863, mm=-165.7260
16:05:12     poll: raw=-82864, mm=-165.7280
16:05:12     poll: raw=-82870, mm=-165.7400
16:05:12     poll: raw=-82873, mm=-165.7460
16:05:12     poll: raw=-82876, mm=-165.7520
16:05:12     poll: raw=-82878, mm=-165.7560
16:05:12     poll: raw=-82879, mm=-165.7580
16:05:12     poll: raw=-82883, mm=-165.7660
16:05:12     poll: raw=-82887, mm=-165.7740
16:05:12     poll: raw=-82890, mm=-165.7800
16:05:12     poll: raw=-82893, mm=-165.7860
16:05:12     poll: raw=-82896, mm=-165.7920
16:05:12     poll: raw=-82899, mm=-165.7980
16:05:12     poll: raw=-82904, mm=-165.8080
16:05:12     poll: raw=-82905, mm=-165.8100
16:05:13     poll: raw=-82909, mm=-165.8180
16:05:13     poll: raw=-82913, mm=-165.8260
16:05:13     poll: raw=-82916, mm=-165.8320
16:05:13     poll: raw=-82919, mm=-165.8380
16:05:13     poll: raw=-82922, mm=-165.8440
16:05:13     poll: raw=-82924, mm=-165.8480
16:05:13     poll: raw=-82925, mm=-165.8500
16:05:13     poll: raw=-82929, mm=-165.8580
16:05:13     poll: raw=-82931, mm=-165.8620
16:05:13     poll: raw=-82936, mm=-165.8720
16:05:13     poll: raw=-82939, mm=-165.8780
16:05:13     poll: raw=-82942, mm=-165.8840
16:05:13     poll: raw=-82945, mm=-165.8900
16:05:13     poll: raw=-82950, mm=-165.9000
16:05:13     poll: raw=-82951, mm=-165.9020
16:05:14     poll: raw=-82956, mm=-165.9120
16:05:14     poll: raw=-82959, mm=-165.9180
16:05:14     poll: raw=-82962, mm=-165.9240
16:05:14     poll: raw=-82965, mm=-165.9300
16:05:14     poll: raw=-82970, mm=-165.9400
16:05:14     poll: raw=-82973, mm=-165.9460
16:05:14     poll: raw=-82976, mm=-165.9520
16:05:14     poll: raw=-82979, mm=-165.9580
16:05:14     poll: raw=-82980, mm=-165.9600
16:05:14     poll: raw=-82982, mm=-165.9640
16:05:14     poll: raw=-82986, mm=-165.9720
16:05:14     poll: raw=-82988, mm=-165.9760
16:05:14     poll: raw=-82991, mm=-165.9820
16:05:14     poll: raw=-82996, mm=-165.9920
16:05:14     poll: raw=-82999, mm=-165.9980
16:05:14     poll: raw=-83001, mm=-166.0020
16:05:15     poll: raw=-83002, mm=-166.0040
16:05:15     poll: raw=-83006, mm=-166.0120
16:05:15     poll: raw=-83008, mm=-166.0160
16:05:15     poll: raw=-83014, mm=-166.0280
16:05:15     poll: raw=-83017, mm=-166.0340
16:05:15     poll: raw=-83019, mm=-166.0380
16:05:15     poll: raw=-83021, mm=-166.0420
16:05:15     poll: raw=-83022, mm=-166.0440
16:05:15     poll: raw=-83027, mm=-166.0540
16:05:15     poll: raw=-83028, mm=-166.0560
16:05:15     poll: raw=-83034, mm=-166.0680
16:05:15     poll: raw=-83037, mm=-166.0740
16:05:15     poll: raw=-83039, mm=-166.0780
16:05:15     poll: raw=-83042, mm=-166.0840
16:05:15     poll: raw=-83047, mm=-166.0940
16:05:16     poll: raw=-83048, mm=-166.0960
16:05:16     poll: raw=-83052, mm=-166.1040
16:05:16     poll: raw=-83057, mm=-166.1140
16:05:16     poll: raw=-83060, mm=-166.1200
16:05:16     poll: raw=-83062, mm=-166.1240
16:05:16     poll: raw=-83068, mm=-166.1360
16:05:16     poll: raw=-83073, mm=-166.1460
16:05:16     poll: raw=-83077, mm=-166.1540
16:05:16     poll: raw=-83080, mm=-166.1600
16:05:16     poll: raw=-83083, mm=-166.1660
16:05:16     poll: raw=-83085, mm=-166.1700
16:05:16     poll: raw=-83088, mm=-166.1760
16:05:16     poll: raw=-83093, mm=-166.1860
16:05:17     poll: raw=-83097, mm=-166.1940
16:05:17     poll: raw=-83100, mm=-166.2000
16:05:17     poll: raw=-83103, mm=-166.2060
16:05:17     poll: raw=-83106, mm=-166.2120
16:05:17     poll: raw=-83108, mm=-166.2160
16:05:17     poll: raw=-83114, mm=-166.2280
16:05:17     poll: raw=-83119, mm=-166.2380
16:05:17     poll: raw=-83123, mm=-166.2460
16:05:17     poll: raw=-83126, mm=-166.2520
16:05:17     poll: raw=-83129, mm=-166.2580
16:05:17     poll: raw=-83131, mm=-166.2620
16:05:17     poll: raw=-83134, mm=-166.2680
16:05:17     poll: raw=-83139, mm=-166.2780
16:05:18     poll: raw=-83143, mm=-166.2860
16:05:18     poll: raw=-83146, mm=-166.2920
16:05:18     poll: raw=-83149, mm=-166.2980
16:05:18     poll: raw=-83152, mm=-166.3040
16:05:18     poll: raw=-83155, mm=-166.3100
16:05:18     poll: raw=-83160, mm=-166.3200
16:05:18     poll: raw=-83163, mm=-166.3260
16:05:18     poll: raw=-83166, mm=-166.3320
16:05:18     poll: raw=-83169, mm=-166.3380
16:05:18     poll: raw=-83172, mm=-166.3440
16:05:18     poll: raw=-83175, mm=-166.3500
16:05:18     poll: raw=-83177, mm=-166.3540
16:05:18     poll: raw=-83180, mm=-166.3600
16:05:18     poll: raw=-83185, mm=-166.3700
16:05:19     poll: raw=-83189, mm=-166.3780
16:05:19     poll: raw=-83192, mm=-166.3840
16:05:19     poll: raw=-83195, mm=-166.3900
16:05:19     poll: raw=-83196, mm=-166.3920
16:05:19     poll: raw=-83198, mm=-166.3960
16:05:19     poll: raw=-83201, mm=-166.4020
16:05:19     poll: raw=-83206, mm=-166.4120
16:05:19     poll: raw=-83209, mm=-166.4180
16:05:19     poll: raw=-83212, mm=-166.4240
16:05:19     poll: raw=-83215, mm=-166.4300
16:05:19     poll: raw=-83218, mm=-166.4360
16:05:19     poll: raw=-83221, mm=-166.4420
16:05:19     poll: raw=-83224, mm=-166.4480
16:05:19     poll: raw=-83226, mm=-166.4520
16:05:19     poll: raw=-83232, mm=-166.4640
16:05:19     poll: raw=-83235, mm=-166.4700
16:05:20     poll: raw=-83238, mm=-166.4760
16:05:20     poll: raw=-83242, mm=-166.4840
16:05:20     poll: raw=-83244, mm=-166.4880
16:05:20     poll: raw=-83247, mm=-166.4940
16:05:20     poll: raw=-83252, mm=-166.5040
16:05:20     poll: raw=-83255, mm=-166.5100
16:05:20     poll: raw=-83258, mm=-166.5160
16:05:20     poll: raw=-83261, mm=-166.5220
16:05:20     poll: raw=-83262, mm=-166.5240
16:05:20     poll: raw=-83264, mm=-166.5280
16:05:20     poll: raw=-83267, mm=-166.5340
16:05:20     poll: raw=-83270, mm=-166.5400
16:05:20     poll: raw=-83275, mm=-166.5500
16:05:20     poll: raw=-83278, mm=-166.5560
16:05:20     poll: raw=-83281, mm=-166.5620
16:05:21     poll: raw=-83282, mm=-166.5640
16:05:21     poll: raw=-83284, mm=-166.5680
16:05:21     poll: raw=-83288, mm=-166.5760
16:05:21     poll: raw=-83290, mm=-166.5800
16:05:21     poll: raw=-83295, mm=-166.5900
16:05:21     poll: raw=-83298, mm=-166.5960
16:05:21     poll: raw=-83301, mm=-166.6020
16:05:21     poll: raw=-83304, mm=-166.6080
16:05:21     poll: raw=-83308, mm=-166.6160
16:05:21     poll: raw=-83310, mm=-166.6200
16:05:21     poll: raw=-83313, mm=-166.6260
16:05:21     poll: raw=-83318, mm=-166.6360
16:05:21     poll: raw=-83321, mm=-166.6420
16:05:21     poll: raw=-83324, mm=-166.6480
16:05:22     poll: raw=-83328, mm=-166.6560
16:05:22     poll: raw=-83330, mm=-166.6600
16:05:22     poll: raw=-83333, mm=-166.6660
16:05:22     poll: raw=-83336, mm=-166.6720
16:05:22     poll: raw=-83341, mm=-166.6820
16:05:22     poll: raw=-83344, mm=-166.6880
16:05:22     poll: raw=-83349, mm=-166.6980
16:05:22     poll: raw=-83350, mm=-166.7000
16:05:22     poll: raw=-83354, mm=-166.7080
16:05:22     poll: raw=-83359, mm=-166.7180
16:05:22     poll: raw=-83361, mm=-166.7220
16:05:22     poll: raw=-83364, mm=-166.7280
16:05:22     poll: raw=-83367, mm=-166.7340
16:05:22     poll: raw=-83369, mm=-166.7380
16:05:22     poll: raw=-83370, mm=-166.7400
16:05:23     poll: raw=-83374, mm=-166.7480
16:05:23     poll: raw=-83376, mm=-166.7520
16:05:23     poll: raw=-83382, mm=-166.7640
16:05:23     poll: raw=-83387, mm=-166.7740
16:05:23     poll: raw=-83390, mm=-166.7800
16:05:23     poll: raw=-83395, mm=-166.7900
16:05:23     poll: raw=-83396, mm=-166.7920
16:05:23     poll: raw=-83400, mm=-166.8000
16:05:23     poll: raw=-83405, mm=-166.8100
16:05:23     poll: raw=-83407, mm=-166.8140
16:05:23     poll: raw=-83410, mm=-166.8200
16:05:23     poll: raw=-83415, mm=-166.8300
16:05:23     poll: raw=-83416, mm=-166.8320
16:05:24     poll: raw=-83420, mm=-166.8400
16:05:24     poll: raw=-83425, mm=-166.8500
16:05:24     poll: raw=-83428, mm=-166.8560
16:05:24     poll: raw=-83431, mm=-166.8620
16:05:24     poll: raw=-83436, mm=-166.8720
16:05:24     poll: raw=-83441, mm=-166.8820
16:05:24     poll: raw=-83445, mm=-166.8900
16:05:24     poll: raw=-83448, mm=-166.8960
16:05:24     poll: raw=-83451, mm=-166.9020
16:05:24     poll: raw=-83453, mm=-166.9060
16:05:24     poll: raw=-83456, mm=-166.9120
16:05:24     poll: raw=-83461, mm=-166.9220
16:05:24     poll: raw=-83465, mm=-166.9300
16:05:24     poll: raw=-83468, mm=-166.9360
16:05:25     poll: raw=-83471, mm=-166.9420
16:05:25     poll: raw=-83473, mm=-166.9460
16:05:25     poll: raw=-83477, mm=-166.9540
16:05:25   Timeout after 20s, last raw=-83477, mm=-166.9540
16:05:25   [Kinesis no-LS ch=1] After -40.0um: raw=-83480, mm=-166.9600
16:05:25   [Kinesis no-LS ch=1] Delta back: raw=-940, mm=-1.8800
16:05:25   [Kinesis no-LS ch=1] Total from start: raw=-1877, mm=-3.7540
16:05:25   Status [Kinesis no-LS ch=1 post-move]: 0x80101220 = REV_SW_LIMIT | MOVING | ERROR [upper=0x80100000]
16:05:25   PowerParams [Kinesis no-LS ch=1 post-move]: move=6%, rest=130%
16:05:25   InputVoltage [Kinesis no-LS ch=1 post-move]: 736 mV (0.736 V)
16:05:25   Position [Kinesis no-LS ch=1 post-move]: raw=-83483, mm=-166.9660
16:05:25   VelParams [Kinesis no-LS ch=1 post-move]: accel=1000, maxVel=250
16:05:25   [Kinesis no-LS ch=1] RESULT: FAIL (delta_plus=-937, expected=20)
16:05:25 
--- 3.9 Final status ch=1 ---
16:05:25   Status [ch=1 no-LS final]: 0x80101220 = REV_SW_LIMIT | MOVING | ERROR [upper=0x80100000]
16:05:25   PowerParams [ch=1 no-LS final]: move=6%, rest=130%
16:05:25   InputVoltage [ch=1 no-LS final]: 744 mV (0.744 V)
16:05:25   Position [ch=1 no-LS final]: raw=-83483, mm=-166.9660
16:05:25   VelParams [ch=1 no-LS final]: accel=1000, maxVel=250
16:05:26 
============================================================
16:05:26   STEP 3: KINESIS ch=2 WITHOUT LoadSettings (BSM 70864299)
16:05:26 ============================================================
16:05:28   SBC_Open -> 0
16:05:28 
--- 3.1 Status BEFORE LoadSettings ch=2 ---
16:05:28   Status [ch=2 no-LS pre]: 0x00000000 = NONE
16:05:28   PowerParams [ch=2 no-LS pre]: move=100%, rest=6%
16:05:28   InputVoltage [ch=2 no-LS pre]: 65535 mV (65.535 V)
16:05:28   Position [ch=2 no-LS pre]: raw=-1, mm=-0.0020
16:05:28   VelParams [ch=2 no-LS pre]: accel=4203520, maxVel=0
16:05:28 
--- 3.2 EnableChannel ch=2 (NO LoadSettings!) ---
16:05:28   SBC_EnableChannel(ch=2) -> 0
16:05:29 
--- 3.3 Status AFTER Enable (no LoadSettings) ---
16:05:29   Status [ch=2 no-LS after-enable]: 0x00000000 = NONE
16:05:29   PowerParams [ch=2 no-LS after-enable]: move=100%, rest=6%
16:05:29   InputVoltage [ch=2 no-LS after-enable]: 664 mV (0.664 V)
16:05:29   Position [ch=2 no-LS after-enable]: raw=-1, mm=-0.0020
16:05:29   VelParams [ch=2 no-LS after-enable]: accel=1000, maxVel=250
16:05:29 
--- 3.4 SetVelParams ch=2 ---
16:05:29   SetVelParams(ch=2): accel=250, maxVel=1000
16:05:29     SBC_SetVelParams -> err=0
16:05:29     Verify: accel=1000, maxVel=250 FAIL
16:05:29     MISMATCH: expected accel=250 maxVel=1000, got accel=1000 maxVel=250
16:05:29 
--- 3.5 SetSoftLimitMode ch=2 ---
16:05:29 
--- 3.6 SetHomingParams ch=2 ---
16:05:29 
--- 3.7 Homing ch=2 (no LoadSettings) ---
16:05:29   Homing ch=2 (timeout=60s)...
16:05:29     SBC_Home -> err=0
16:05:29     Homing ch=2 complete. Status: 0x80101220, pos=-2377
16:05:29 
--- 3.8 Movement test ch=2: +40.0um then -40.0um ---
16:05:29   [Kinesis no-LS ch=2] Before: raw=-2378, mm=-4.7560
16:05:29   move_relative: 40.0 um = 20 steps
16:05:29     MoveRelativeDistance err=0
16:05:29     poll: raw=-2385, mm=-4.7700
16:05:29     poll: raw=-2388, mm=-4.7760
16:05:30     poll: raw=-2391, mm=-4.7820
16:05:30     poll: raw=-2394, mm=-4.7880
16:05:30     poll: raw=-2399, mm=-4.7980
16:05:30     poll: raw=-2400, mm=-4.8000
16:05:30     poll: raw=-2405, mm=-4.8100
16:05:30     poll: raw=-2408, mm=-4.8160
16:05:30     poll: raw=-2411, mm=-4.8220
16:05:30     poll: raw=-2414, mm=-4.8280
16:05:30     poll: raw=-2419, mm=-4.8380
16:05:30     poll: raw=-2420, mm=-4.8400
16:05:30     poll: raw=-2425, mm=-4.8500
16:05:30     poll: raw=-2428, mm=-4.8560
16:05:30     poll: raw=-2429, mm=-4.8580
16:05:30     poll: raw=-2431, mm=-4.8620
16:05:31     poll: raw=-2434, mm=-4.8680
16:05:31     poll: raw=-2437, mm=-4.8740
16:05:31     poll: raw=-2443, mm=-4.8860
16:05:31     poll: raw=-2445, mm=-4.8900
16:05:31     poll: raw=-2448, mm=-4.8960
16:05:31     poll: raw=-2450, mm=-4.9000
16:05:31     poll: raw=-2451, mm=-4.9020
16:05:31     poll: raw=-2455, mm=-4.9100
16:05:31     poll: raw=-2457, mm=-4.9140
16:05:31     poll: raw=-2463, mm=-4.9260
16:05:31     poll: raw=-2466, mm=-4.9320
16:05:31     poll: raw=-2468, mm=-4.9360
16:05:31     poll: raw=-2471, mm=-4.9420
16:05:31     poll: raw=-2475, mm=-4.9500
16:05:31     poll: raw=-2477, mm=-4.9540
16:05:32     poll: raw=-2480, mm=-4.9600
16:05:32     poll: raw=-2486, mm=-4.9720
16:05:32     poll: raw=-2489, mm=-4.9780
16:05:32     poll: raw=-2491, mm=-4.9820
16:05:32     poll: raw=-2494, mm=-4.9880
16:05:32     poll: raw=-2497, mm=-4.9940
16:05:32     poll: raw=-2501, mm=-5.0020
16:05:32     poll: raw=-2503, mm=-5.0060
16:05:32     poll: raw=-2506, mm=-5.0120
16:05:32     poll: raw=-2511, mm=-5.0220
16:05:32     poll: raw=-2515, mm=-5.0300
16:05:32     poll: raw=-2517, mm=-5.0340
16:05:32     poll: raw=-2520, mm=-5.0400
16:05:32     poll: raw=-2521, mm=-5.0420
16:05:32     poll: raw=-2523, mm=-5.0460
16:05:33     poll: raw=-2526, mm=-5.0520
16:05:33     poll: raw=-2531, mm=-5.0620
16:05:33     poll: raw=-2535, mm=-5.0700
16:05:33     poll: raw=-2538, mm=-5.0760
16:05:33     poll: raw=-2540, mm=-5.0800
16:05:33     poll: raw=-2542, mm=-5.0840
16:05:33     poll: raw=-2543, mm=-5.0860
16:05:33     poll: raw=-2547, mm=-5.0940
16:05:33     poll: raw=-2549, mm=-5.0980
16:05:33     poll: raw=-2555, mm=-5.1100
16:05:33     poll: raw=-2558, mm=-5.1160
16:05:33     poll: raw=-2561, mm=-5.1220
16:05:33     poll: raw=-2563, mm=-5.1260
16:05:33     poll: raw=-2567, mm=-5.1340
16:05:33     poll: raw=-2569, mm=-5.1380
16:05:33     poll: raw=-2572, mm=-5.1440
16:05:34     poll: raw=-2578, mm=-5.1560
16:05:34     poll: raw=-2581, mm=-5.1620
16:05:34     poll: raw=-2584, mm=-5.1680
16:05:34     poll: raw=-2588, mm=-5.1760
16:05:34     poll: raw=-2589, mm=-5.1780
16:05:34     poll: raw=-2593, mm=-5.1860
16:05:34     poll: raw=-2598, mm=-5.1960
16:05:34     poll: raw=-2601, mm=-5.2020
16:05:34     poll: raw=-2604, mm=-5.2080
16:05:34     poll: raw=-2608, mm=-5.2160
16:05:34     poll: raw=-2609, mm=-5.2180
16:05:34     poll: raw=-2613, mm=-5.2260
16:05:34     poll: raw=-2615, mm=-5.2300
16:05:34     poll: raw=-2621, mm=-5.2420
16:05:35     poll: raw=-2624, mm=-5.2480
16:05:35     poll: raw=-2628, mm=-5.2560
16:05:35     poll: raw=-2629, mm=-5.2580
16:05:35     poll: raw=-2633, mm=-5.2660
16:05:35     poll: raw=-2638, mm=-5.2760
16:05:35     poll: raw=-2641, mm=-5.2820
16:05:35     poll: raw=-2644, mm=-5.2880
16:05:35     poll: raw=-2649, mm=-5.2980
16:05:35     poll: raw=-2655, mm=-5.3100
16:05:35     poll: raw=-2658, mm=-5.3160
16:05:35     poll: raw=-2661, mm=-5.3220
16:05:35     poll: raw=-2664, mm=-5.3280
16:05:36     poll: raw=-2667, mm=-5.3340
16:05:36     poll: raw=-2669, mm=-5.3380
16:05:36     poll: raw=-2675, mm=-5.3500
16:05:36     poll: raw=-2678, mm=-5.3560
16:05:36     poll: raw=-2681, mm=-5.3620
16:05:36     poll: raw=-2684, mm=-5.3680
16:05:36     poll: raw=-2687, mm=-5.3740
16:05:36     poll: raw=-2700, mm=-5.4000
16:05:36     poll: raw=-2702, mm=-5.4040
16:05:36     poll: raw=-2705, mm=-5.4100
16:05:36     poll: raw=-2710, mm=-5.4200
16:05:36     poll: raw=-2713, mm=-5.4260
16:05:37     poll: raw=-2716, mm=-5.4320
16:05:37     poll: raw=-2719, mm=-5.4380
16:05:37     poll: raw=-2720, mm=-5.4400
16:05:37     poll: raw=-2722, mm=-5.4440
16:05:37     poll: raw=-2725, mm=-5.4500
16:05:37     poll: raw=-2728, mm=-5.4560
16:05:37     poll: raw=-2730, mm=-5.4600
16:05:37     poll: raw=-2736, mm=-5.4720
16:05:37     poll: raw=-2739, mm=-5.4780
16:05:37     poll: raw=-2742, mm=-5.4840
16:05:37     poll: raw=-2746, mm=-5.4920
16:05:37     poll: raw=-2748, mm=-5.4960
16:05:37     poll: raw=-2751, mm=-5.5020
16:05:37     poll: raw=-2756, mm=-5.5120
16:05:37     poll: raw=-2759, mm=-5.5180
16:05:38     poll: raw=-2762, mm=-5.5240
16:05:38     poll: raw=-2765, mm=-5.5300
16:05:38     poll: raw=-2766, mm=-5.5320
16:05:38     poll: raw=-2768, mm=-5.5360
16:05:38     poll: raw=-2771, mm=-5.5420
16:05:38     poll: raw=-2774, mm=-5.5480
16:05:38     poll: raw=-2779, mm=-5.5580
16:05:38     poll: raw=-2782, mm=-5.5640
16:05:38     poll: raw=-2785, mm=-5.5700
16:05:38     poll: raw=-2788, mm=-5.5760
16:05:38     poll: raw=-2792, mm=-5.5840
16:05:38     poll: raw=-2794, mm=-5.5880
16:05:38     poll: raw=-2797, mm=-5.5940
16:05:38     poll: raw=-2802, mm=-5.6040
16:05:38     poll: raw=-2805, mm=-5.6100
16:05:38     poll: raw=-2808, mm=-5.6160
16:05:39     poll: raw=-2811, mm=-5.6220
16:05:39     poll: raw=-2812, mm=-5.6240
16:05:39     poll: raw=-2814, mm=-5.6280
16:05:39     poll: raw=-2822, mm=-5.6440
16:05:39     poll: raw=-2827, mm=-5.6540
16:05:39     poll: raw=-2832, mm=-5.6640
16:05:39     poll: raw=-2833, mm=-5.6660
16:05:39     poll: raw=-2838, mm=-5.6760
16:05:39     poll: raw=-2842, mm=-5.6840
16:05:39     poll: raw=-2845, mm=-5.6900
16:05:39     poll: raw=-2847, mm=-5.6940
16:05:39     poll: raw=-2848, mm=-5.6960
16:05:39     poll: raw=-2850, mm=-5.7000
16:05:40     poll: raw=-2853, mm=-5.7060
16:05:40     poll: raw=-2858, mm=-5.7160
16:05:40     poll: raw=-2859, mm=-5.7180
16:05:40     poll: raw=-2865, mm=-5.7300
16:05:40     poll: raw=-2868, mm=-5.7360
16:05:40     poll: raw=-2870, mm=-5.7400
16:05:40     poll: raw=-2873, mm=-5.7460
16:05:40     poll: raw=-2878, mm=-5.7560
16:05:40     poll: raw=-2879, mm=-5.7580
16:05:40     poll: raw=-2885, mm=-5.7700
16:05:40     poll: raw=-2888, mm=-5.7760
16:05:40     poll: raw=-2891, mm=-5.7820
16:05:40     poll: raw=-2894, mm=-5.7880
16:05:40     poll: raw=-2896, mm=-5.7920
16:05:41     poll: raw=-2899, mm=-5.7980
16:05:41     poll: raw=-2904, mm=-5.8080
16:05:41     poll: raw=-2908, mm=-5.8160
16:05:41     poll: raw=-2911, mm=-5.8220
16:05:41     poll: raw=-2914, mm=-5.8280
16:05:41     poll: raw=-2917, mm=-5.8340
16:05:41     poll: raw=-2919, mm=-5.8380
16:05:41     poll: raw=-2925, mm=-5.8500
16:05:41     poll: raw=-2928, mm=-5.8560
16:05:41     poll: raw=-2931, mm=-5.8620
16:05:41     poll: raw=-2934, mm=-5.8680
16:05:41     poll: raw=-2935, mm=-5.8700
16:05:41     poll: raw=-2937, mm=-5.8740
16:05:41     poll: raw=-2940, mm=-5.8800
16:05:41     poll: raw=-2942, mm=-5.8840
16:05:42     poll: raw=-2945, mm=-5.8900
16:05:42     poll: raw=-2951, mm=-5.9020
16:05:42     poll: raw=-2954, mm=-5.9080
16:05:42     poll: raw=-2957, mm=-5.9140
16:05:42     poll: raw=-2960, mm=-5.9200
16:05:42     poll: raw=-2963, mm=-5.9260
16:05:42     poll: raw=-2965, mm=-5.9300
16:05:42     poll: raw=-2971, mm=-5.9420
16:05:42     poll: raw=-2974, mm=-5.9480
16:05:42     poll: raw=-2977, mm=-5.9540
16:05:42     poll: raw=-2980, mm=-5.9600
16:05:42     poll: raw=-2981, mm=-5.9620
16:05:42     poll: raw=-2983, mm=-5.9660
16:05:42     poll: raw=-2986, mm=-5.9720
16:05:42     poll: raw=-2991, mm=-5.9820
16:05:42     poll: raw=-2994, mm=-5.9880
16:05:43     poll: raw=-2997, mm=-5.9940
16:05:43     poll: raw=-3001, mm=-6.0020
16:05:43     poll: raw=-3003, mm=-6.0060
16:05:43     poll: raw=-3006, mm=-6.0120
16:05:43     poll: raw=-3011, mm=-6.0220
16:05:43     poll: raw=-3014, mm=-6.0280
16:05:43     poll: raw=-3017, mm=-6.0340
16:05:43     poll: raw=-3022, mm=-6.0440
16:05:43     poll: raw=-3023, mm=-6.0460
16:05:43     poll: raw=-3027, mm=-6.0540
16:05:43     poll: raw=-3031, mm=-6.0620
16:05:43     poll: raw=-3034, mm=-6.0680
16:05:43     poll: raw=-3037, mm=-6.0740
16:05:43     poll: raw=-3040, mm=-6.0800
16:05:44     poll: raw=-3042, mm=-6.0840
16:05:44     poll: raw=-3043, mm=-6.0860
16:05:44     poll: raw=-3047, mm=-6.0940
16:05:44     poll: raw=-3049, mm=-6.0980
16:05:44     poll: raw=-3054, mm=-6.1080
16:05:44     poll: raw=-3057, mm=-6.1140
16:05:44     poll: raw=-3060, mm=-6.1200
16:05:44     poll: raw=-3063, mm=-6.1260
16:05:44     poll: raw=-3068, mm=-6.1360
16:05:44     poll: raw=-3069, mm=-6.1380
16:05:44     poll: raw=-3074, mm=-6.1480
16:05:44     poll: raw=-3077, mm=-6.1540
16:05:44     poll: raw=-3080, mm=-6.1600
16:05:44     poll: raw=-3083, mm=-6.1660
16:05:45     poll: raw=-3088, mm=-6.1760
16:05:45     poll: raw=-3089, mm=-6.1780
16:05:45     poll: raw=-3094, mm=-6.1880
16:05:45     poll: raw=-3097, mm=-6.1940
16:05:45     poll: raw=-3100, mm=-6.2000
16:05:45     poll: raw=-3104, mm=-6.2080
16:05:45     poll: raw=-3106, mm=-6.2120
16:05:45     poll: raw=-3109, mm=-6.2180
16:05:45     poll: raw=-3114, mm=-6.2280
16:05:45     poll: raw=-3118, mm=-6.2360
16:05:45     poll: raw=-3120, mm=-6.2400
16:05:45     poll: raw=-3123, mm=-6.2460
16:05:45     poll: raw=-3124, mm=-6.2480
16:05:45     poll: raw=-3126, mm=-6.2520
16:05:45     poll: raw=-3129, mm=-6.2580
16:05:46     poll: raw=-3134, mm=-6.2680
16:05:46     poll: raw=-3138, mm=-6.2760
16:05:46     poll: raw=-3141, mm=-6.2820
16:05:46     poll: raw=-3143, mm=-6.2860
16:05:46     poll: raw=-3146, mm=-6.2920
16:05:46     poll: raw=-3150, mm=-6.3000
16:05:46     poll: raw=-3152, mm=-6.3040
16:05:46     poll: raw=-3155, mm=-6.3100
16:05:46     poll: raw=-3161, mm=-6.3220
16:05:46     poll: raw=-3164, mm=-6.3280
16:05:46     poll: raw=-3166, mm=-6.3320
16:05:46     poll: raw=-3170, mm=-6.3400
16:05:46     poll: raw=-3172, mm=-6.3440
16:05:46     poll: raw=-3175, mm=-6.3500
16:05:47     poll: raw=-3180, mm=-6.3600
16:05:47     poll: raw=-3184, mm=-6.3680
16:05:47     poll: raw=-3187, mm=-6.3740
16:05:47     poll: raw=-3190, mm=-6.3800
16:05:47     poll: raw=-3192, mm=-6.3840
16:05:47     poll: raw=-3196, mm=-6.3920
16:05:47     poll: raw=-3201, mm=-6.4020
16:05:47     poll: raw=-3207, mm=-6.4140
16:05:47     poll: raw=-3210, mm=-6.4200
16:05:47     poll: raw=-3212, mm=-6.4240
16:05:47     poll: raw=-3216, mm=-6.4320
16:05:47     poll: raw=-3218, mm=-6.4360
16:05:47     poll: raw=-3224, mm=-6.4480
16:05:47     poll: raw=-3227, mm=-6.4540
16:05:48     poll: raw=-3230, mm=-6.4600
16:05:48     poll: raw=-3231, mm=-6.4620
16:05:48     poll: raw=-3232, mm=-6.4640
16:05:48     poll: raw=-3236, mm=-6.4720
16:05:48     poll: raw=-3238, mm=-6.4760
16:05:48     poll: raw=-3241, mm=-6.4820
16:05:48     poll: raw=-3247, mm=-6.4940
16:05:48     poll: raw=-3250, mm=-6.5000
16:05:48     poll: raw=-3253, mm=-6.5060
16:05:48     poll: raw=-3257, mm=-6.5140
16:05:48     poll: raw=-3258, mm=-6.5160
16:05:48     poll: raw=-3262, mm=-6.5240
16:05:48     poll: raw=-3267, mm=-6.5340
16:05:48     poll: raw=-3270, mm=-6.5400
16:05:48     poll: raw=-3272, mm=-6.5440
16:05:49     poll: raw=-3273, mm=-6.5460
16:05:49     poll: raw=-3277, mm=-6.5540
16:05:49     poll: raw=-3278, mm=-6.5560
16:05:49     poll: raw=-3282, mm=-6.5640
16:05:49     poll: raw=-3287, mm=-6.5740
16:05:49     poll: raw=-3290, mm=-6.5800
16:05:49     poll: raw=-3293, mm=-6.5860
16:05:49     poll: raw=-3298, mm=-6.5960
16:05:49     poll: raw=-3303, mm=-6.6060
16:05:49     poll: raw=-3307, mm=-6.6140
16:05:49     poll: raw=-3310, mm=-6.6200
16:05:49     poll: raw=-3313, mm=-6.6260
16:05:49   Timeout after 20s, last raw=-3313, mm=-6.6260
16:05:49   [Kinesis no-LS ch=2] After +40.0um: raw=-3316, mm=-6.6320
16:05:49   [Kinesis no-LS ch=2] Delta: raw=-938, mm=-1.8760 (expected 0.0400)
16:05:49   move_relative: -40.0 um = -20 steps
16:05:50     MoveRelativeDistance err=0
16:05:50     poll: raw=-3322, mm=-6.6440
16:05:50     poll: raw=-3324, mm=-6.6480
16:05:50     poll: raw=-3327, mm=-6.6540
16:05:50     poll: raw=-3332, mm=-6.6640
16:05:50     poll: raw=-3333, mm=-6.6660
16:05:50     poll: raw=-3338, mm=-6.6760
16:05:50     poll: raw=-3341, mm=-6.6820
16:05:50     poll: raw=-3344, mm=-6.6880
16:05:50     poll: raw=-3347, mm=-6.6940
16:05:50     poll: raw=-3350, mm=-6.7000
16:05:50     poll: raw=-3355, mm=-6.7100
16:05:50     poll: raw=-3358, mm=-6.7160
16:05:50     poll: raw=-3361, mm=-6.7220
16:05:50     poll: raw=-3364, mm=-6.7280
16:05:51     poll: raw=-3368, mm=-6.7360
16:05:51     poll: raw=-3370, mm=-6.7400
16:05:51     poll: raw=-3373, mm=-6.7460
16:05:51     poll: raw=-3378, mm=-6.7560
16:05:51     poll: raw=-3381, mm=-6.7620
16:05:51     poll: raw=-3384, mm=-6.7680
16:05:51     poll: raw=-3387, mm=-6.7740
16:05:51     poll: raw=-3388, mm=-6.7760
16:05:51     poll: raw=-3390, mm=-6.7800
16:05:51     poll: raw=-3393, mm=-6.7860
16:05:51     poll: raw=-3398, mm=-6.7960
16:05:51     poll: raw=-3402, mm=-6.8040
16:05:51     poll: raw=-3404, mm=-6.8080
16:05:51     poll: raw=-3407, mm=-6.8140
16:05:51     poll: raw=-3408, mm=-6.8160
16:05:51     poll: raw=-3410, mm=-6.8200
16:05:52     poll: raw=-3414, mm=-6.8280
16:05:52     poll: raw=-3416, mm=-6.8320
16:05:52     poll: raw=-3422, mm=-6.8440
16:05:52     poll: raw=-3424, mm=-6.8480
16:05:52     poll: raw=-3429, mm=-6.8580
16:05:52     poll: raw=-3430, mm=-6.8600
16:05:52     poll: raw=-3434, mm=-6.8680
16:05:52     poll: raw=-3439, mm=-6.8780
16:05:52     poll: raw=-3442, mm=-6.8840
16:05:52     poll: raw=-3444, mm=-6.8880
16:05:52     poll: raw=-3449, mm=-6.8980
16:05:52     poll: raw=-3450, mm=-6.9000
16:05:52     poll: raw=-3454, mm=-6.9080
16:05:52     poll: raw=-3459, mm=-6.9180
16:05:53     poll: raw=-3462, mm=-6.9240
16:05:53     poll: raw=-3465, mm=-6.9300
16:05:53     poll: raw=-3467, mm=-6.9340
16:05:53     poll: raw=-3470, mm=-6.9400
16:05:53     poll: raw=-3475, mm=-6.9500
16:05:53     poll: raw=-3476, mm=-6.9520
16:05:53     poll: raw=-3482, mm=-6.9640
16:05:53     poll: raw=-3485, mm=-6.9700
16:05:53     poll: raw=-3488, mm=-6.9760
16:05:53     poll: raw=-3490, mm=-6.9800
16:05:53     poll: raw=-3495, mm=-6.9900
16:05:53     poll: raw=-3496, mm=-6.9920
16:05:53     poll: raw=-3500, mm=-7.0000
16:05:53     poll: raw=-3505, mm=-7.0100
16:05:54     poll: raw=-3508, mm=-7.0160
16:05:54     poll: raw=-3511, mm=-7.0220
16:05:54     poll: raw=-3516, mm=-7.0320
16:05:54     poll: raw=-3526, mm=-7.0520
16:05:54     poll: raw=-3527, mm=-7.0540
16:05:54     poll: raw=-3531, mm=-7.0620
16:05:54     poll: raw=-3533, mm=-7.0660
16:05:54     poll: raw=-3538, mm=-7.0760
16:05:54     poll: raw=-3541, mm=-7.0820
16:05:54     poll: raw=-3546, mm=-7.0920
16:05:54     poll: raw=-3547, mm=-7.0940
16:05:54     poll: raw=-3551, mm=-7.1020
16:05:55     poll: raw=-3555, mm=-7.1100
16:05:55     poll: raw=-3558, mm=-7.1160
16:05:55     poll: raw=-3561, mm=-7.1220
16:05:55     poll: raw=-3562, mm=-7.1240
16:05:55     poll: raw=-3564, mm=-7.1280
16:05:55     poll: raw=-3567, mm=-7.1340
16:05:55     poll: raw=-3572, mm=-7.1440
16:05:55     poll: raw=-3575, mm=-7.1500
16:05:55     poll: raw=-3578, mm=-7.1560
16:05:55     poll: raw=-3582, mm=-7.1640
16:05:55     poll: raw=-3584, mm=-7.1680
16:05:55     poll: raw=-3587, mm=-7.1740
16:05:55     poll: raw=-3590, mm=-7.1800
16:05:55     poll: raw=-3596, mm=-7.1920
16:05:55     poll: raw=-3598, mm=-7.1960
16:05:56     poll: raw=-3601, mm=-7.2020
16:05:56     poll: raw=-3603, mm=-7.2060
16:05:56     poll: raw=-3604, mm=-7.2080
16:05:56     poll: raw=-3608, mm=-7.2160
16:05:56     poll: raw=-3610, mm=-7.2200
16:05:56     poll: raw=-3613, mm=-7.2260
16:05:56     poll: raw=-3619, mm=-7.2380
16:05:56     poll: raw=-3621, mm=-7.2420
16:05:56     poll: raw=-3624, mm=-7.2480
16:05:56     poll: raw=-3628, mm=-7.2560
16:05:56     poll: raw=-3630, mm=-7.2600
16:05:56     poll: raw=-3633, mm=-7.2660
16:05:56     poll: raw=-3639, mm=-7.2780
16:05:56     poll: raw=-3642, mm=-7.2840
16:05:56     poll: raw=-3644, mm=-7.2880
16:05:57     poll: raw=-3647, mm=-7.2940
16:05:57     poll: raw=-3648, mm=-7.2960
16:05:57     poll: raw=-3650, mm=-7.3000
16:05:57     poll: raw=-3654, mm=-7.3080
16:05:57     poll: raw=-3656, mm=-7.3120
16:05:57     poll: raw=-3662, mm=-7.3240
16:05:57     poll: raw=-3665, mm=-7.3300
16:05:57     poll: raw=-3667, mm=-7.3340
16:05:57     poll: raw=-3669, mm=-7.3380
16:05:57     poll: raw=-3670, mm=-7.3400
16:05:57     poll: raw=-3674, mm=-7.3480
16:05:57     poll: raw=-3676, mm=-7.3520
16:05:57     poll: raw=-3679, mm=-7.3580
16:05:57     poll: raw=-3685, mm=-7.3700
16:05:57     poll: raw=-3688, mm=-7.3760
16:05:57     poll: raw=-3690, mm=-7.3800
16:05:58     poll: raw=-3694, mm=-7.3880
16:05:58     poll: raw=-3696, mm=-7.3920
16:05:58     poll: raw=-3702, mm=-7.4040
16:05:58     poll: raw=-3705, mm=-7.4100
16:05:58     poll: raw=-3708, mm=-7.4160
16:05:58     poll: raw=-3711, mm=-7.4220
16:05:58     poll: raw=-3715, mm=-7.4300
16:05:58     poll: raw=-3716, mm=-7.4320
16:05:58     poll: raw=-3720, mm=-7.4400
16:05:58     poll: raw=-3722, mm=-7.4440
16:05:58     poll: raw=-3728, mm=-7.4560
16:05:58     poll: raw=-3731, mm=-7.4620
16:05:58     poll: raw=-3735, mm=-7.4700
16:05:58     poll: raw=-3736, mm=-7.4720
16:05:59     poll: raw=-3740, mm=-7.4800
16:05:59     poll: raw=-3745, mm=-7.4900
16:05:59     poll: raw=-3748, mm=-7.4960
16:05:59     poll: raw=-3751, mm=-7.5020
16:05:59     poll: raw=-3755, mm=-7.5100
16:05:59     poll: raw=-3756, mm=-7.5120
16:05:59     poll: raw=-3762, mm=-7.5240
16:05:59     poll: raw=-3765, mm=-7.5300
16:05:59     poll: raw=-3768, mm=-7.5360
16:05:59     poll: raw=-3771, mm=-7.5420
16:05:59     poll: raw=-3776, mm=-7.5520
16:05:59     poll: raw=-3782, mm=-7.5640
16:05:59     poll: raw=-3785, mm=-7.5700
16:06:00     poll: raw=-3788, mm=-7.5760
16:06:00     poll: raw=-3791, mm=-7.5820
16:06:00     poll: raw=-3796, mm=-7.5920
16:06:00     poll: raw=-3797, mm=-7.5940
16:06:00     poll: raw=-3801, mm=-7.6020
16:06:00     poll: raw=-3805, mm=-7.6100
16:06:00     poll: raw=-3808, mm=-7.6160
16:06:00     poll: raw=-3811, mm=-7.6220
16:06:00     poll: raw=-3814, mm=-7.6280
16:06:00     poll: raw=-3817, mm=-7.6340
16:06:00     poll: raw=-3821, mm=-7.6420
16:06:00     poll: raw=-3822, mm=-7.6440
16:06:00     poll: raw=-3828, mm=-7.6560
16:06:00     poll: raw=-3831, mm=-7.6620
16:06:01     poll: raw=-3834, mm=-7.6680
16:06:01     poll: raw=-3837, mm=-7.6740
16:06:01     poll: raw=-3842, mm=-7.6840
16:06:01     poll: raw=-3843, mm=-7.6860
16:06:01     poll: raw=-3848, mm=-7.6960
16:06:01     poll: raw=-3851, mm=-7.7020
16:06:01     poll: raw=-3854, mm=-7.7080
16:06:01     poll: raw=-3857, mm=-7.7140
16:06:01     poll: raw=-3862, mm=-7.7240
16:06:01     poll: raw=-3863, mm=-7.7260
16:06:01     poll: raw=-3868, mm=-7.7360
16:06:01     poll: raw=-3871, mm=-7.7420
16:06:01     poll: raw=-3874, mm=-7.7480
16:06:02     poll: raw=-3878, mm=-7.7560
16:06:02     poll: raw=-3880, mm=-7.7600
16:06:02     poll: raw=-3883, mm=-7.7660
16:06:02     poll: raw=-3888, mm=-7.7760
16:06:02     poll: raw=-3891, mm=-7.7820
16:06:02     poll: raw=-3894, mm=-7.7880
16:06:02     poll: raw=-3897, mm=-7.7940
16:06:02     poll: raw=-3898, mm=-7.7960
16:06:02     poll: raw=-3900, mm=-7.8000
16:06:02     poll: raw=-3903, mm=-7.8060
16:06:02     poll: raw=-3908, mm=-7.8160
16:06:02     poll: raw=-3909, mm=-7.8180
16:06:02     poll: raw=-3914, mm=-7.8280
16:06:02     poll: raw=-3917, mm=-7.8340
16:06:02     poll: raw=-3918, mm=-7.8360
16:06:02     poll: raw=-3920, mm=-7.8400
16:06:03     poll: raw=-3923, mm=-7.8460
16:06:03     poll: raw=-3926, mm=-7.8520
16:06:03     poll: raw=-3929, mm=-7.8580
16:06:03     poll: raw=-3935, mm=-7.8700
16:06:03     poll: raw=-3937, mm=-7.8740
16:06:03     poll: raw=-3940, mm=-7.8800
16:06:03     poll: raw=-3944, mm=-7.8880
16:06:03     poll: raw=-3946, mm=-7.8920
16:06:03     poll: raw=-3952, mm=-7.9040
16:06:03     poll: raw=-3955, mm=-7.9100
16:06:03     poll: raw=-3957, mm=-7.9140
16:06:03     poll: raw=-3960, mm=-7.9200
16:06:03     poll: raw=-3964, mm=-7.9280
16:06:03     poll: raw=-3966, mm=-7.9320
16:06:03     poll: raw=-3970, mm=-7.9400
16:06:04     poll: raw=-3972, mm=-7.9440
16:06:04     poll: raw=-3978, mm=-7.9560
16:06:04     poll: raw=-3981, mm=-7.9620
16:06:04     poll: raw=-3983, mm=-7.9660
16:06:04     poll: raw=-3985, mm=-7.9700
16:06:04     poll: raw=-3986, mm=-7.9720
16:06:04     poll: raw=-3990, mm=-7.9800
16:06:04     poll: raw=-3992, mm=-7.9840
16:06:04     poll: raw=-3998, mm=-7.9960
16:06:04     poll: raw=-4001, mm=-8.0020
16:06:04     poll: raw=-4003, mm=-8.0060
16:06:04     poll: raw=-4006, mm=-8.0120
16:06:04     poll: raw=-4010, mm=-8.0200
16:06:04     poll: raw=-4012, mm=-8.0240
16:06:04     poll: raw=-4015, mm=-8.0300
16:06:05     poll: raw=-4021, mm=-8.0420
16:06:05     poll: raw=-4024, mm=-8.0480
16:06:05     poll: raw=-4027, mm=-8.0540
16:06:05     poll: raw=-4031, mm=-8.0620
16:06:05     poll: raw=-4032, mm=-8.0640
16:06:05     poll: raw=-4036, mm=-8.0720
16:06:05     poll: raw=-4038, mm=-8.0760
16:06:05     poll: raw=-4044, mm=-8.0880
16:06:05     poll: raw=-4047, mm=-8.0940
16:06:05     poll: raw=-4051, mm=-8.1020
16:06:05     poll: raw=-4052, mm=-8.1040
16:06:05     poll: raw=-4056, mm=-8.1120
16:06:05     poll: raw=-4061, mm=-8.1220
16:06:05     poll: raw=-4064, mm=-8.1280
16:06:06     poll: raw=-4067, mm=-8.1340
16:06:06     poll: raw=-4072, mm=-8.1440
16:06:06     poll: raw=-4077, mm=-8.1540
16:06:06     poll: raw=-4081, mm=-8.1620
16:06:06     poll: raw=-4084, mm=-8.1680
16:06:06     poll: raw=-4087, mm=-8.1740
16:06:06     poll: raw=-4090, mm=-8.1800
16:06:06     poll: raw=-4092, mm=-8.1840
16:06:06     poll: raw=-4097, mm=-8.1940
16:06:06     poll: raw=-4101, mm=-8.2020
16:06:06     poll: raw=-4104, mm=-8.2080
16:06:06     poll: raw=-4107, mm=-8.2140
16:06:06     poll: raw=-4110, mm=-8.2200
16:06:07     poll: raw=-4113, mm=-8.2260
16:06:07     poll: raw=-4118, mm=-8.2360
16:06:07     poll: raw=-4124, mm=-8.2480
16:06:07     poll: raw=-4127, mm=-8.2540
16:06:07     poll: raw=-4130, mm=-8.2600
16:06:07     poll: raw=-4133, mm=-8.2660
16:06:07     poll: raw=-4138, mm=-8.2760
16:06:07     poll: raw=-4144, mm=-8.2880
16:06:07     poll: raw=-4147, mm=-8.2940
16:06:07     poll: raw=-4150, mm=-8.3000
16:06:07     poll: raw=-4153, mm=-8.3060
16:06:07     poll: raw=-4156, mm=-8.3120
16:06:08     poll: raw=-4159, mm=-8.3180
16:06:08     poll: raw=-4164, mm=-8.3280
16:06:08     poll: raw=-4167, mm=-8.3340
16:06:08     poll: raw=-4170, mm=-8.3400
16:06:08     poll: raw=-4174, mm=-8.3480
16:06:08     poll: raw=-4176, mm=-8.3520
16:06:08     poll: raw=-4179, mm=-8.3580
16:06:08     poll: raw=-4184, mm=-8.3680
16:06:08     poll: raw=-4187, mm=-8.3740
16:06:08     poll: raw=-4190, mm=-8.3800
16:06:08     poll: raw=-4193, mm=-8.3860
16:06:08     poll: raw=-4194, mm=-8.3880
16:06:08     poll: raw=-4196, mm=-8.3920
16:06:08     poll: raw=-4199, mm=-8.3980
16:06:08     poll: raw=-4204, mm=-8.4080
16:06:09     poll: raw=-4207, mm=-8.4140
16:06:09     poll: raw=-4210, mm=-8.4200
16:06:09     poll: raw=-4213, mm=-8.4260
16:06:09     poll: raw=-4214, mm=-8.4280
16:06:09     poll: raw=-4216, mm=-8.4320
16:06:09     poll: raw=-4220, mm=-8.4400
16:06:09     poll: raw=-4222, mm=-8.4440
16:06:09     poll: raw=-4228, mm=-8.4560
16:06:09     poll: raw=-4230, mm=-8.4600
16:06:09     poll: raw=-4233, mm=-8.4660
16:06:09     poll: raw=-4235, mm=-8.4700
16:06:09     poll: raw=-4236, mm=-8.4720
16:06:09     poll: raw=-4240, mm=-8.4800
16:06:09     poll: raw=-4242, mm=-8.4840
16:06:09     poll: raw=-4245, mm=-8.4900
16:06:09     poll: raw=-4248, mm=-8.4960
16:06:10     poll: raw=-4253, mm=-8.5060
16:06:10   Timeout after 20s, last raw=-4253, mm=-8.5060
16:06:10   [Kinesis no-LS ch=2] After -40.0um: raw=-4253, mm=-8.5060
16:06:10   [Kinesis no-LS ch=2] Delta back: raw=-937, mm=-1.8740
16:06:10   [Kinesis no-LS ch=2] Total from start: raw=-1875, mm=-3.7500
16:06:10   Status [Kinesis no-LS ch=2 post-move]: 0x80101220 = REV_SW_LIMIT | MOVING | ERROR [upper=0x80100000]
16:06:10   PowerParams [Kinesis no-LS ch=2 post-move]: move=6%, rest=130%
16:06:10   InputVoltage [Kinesis no-LS ch=2 post-move]: 664 mV (0.664 V)
16:06:10   Position [Kinesis no-LS ch=2 post-move]: raw=-4254, mm=-8.5080
16:06:10   VelParams [Kinesis no-LS ch=2 post-move]: accel=1000, maxVel=250
16:06:10   [Kinesis no-LS ch=2] RESULT: FAIL (delta_plus=-938, expected=20)
16:06:10 
--- 3.9 Final status ch=2 ---
16:06:10   Status [ch=2 no-LS final]: 0x80101220 = REV_SW_LIMIT | MOVING | ERROR [upper=0x80100000]
16:06:10   PowerParams [ch=2 no-LS final]: move=6%, rest=130%
16:06:10   InputVoltage [ch=2 no-LS final]: 672 mV (0.672 V)
16:06:10   Position [ch=2 no-LS final]: raw=-4257, mm=-8.5140
16:06:10   VelParams [ch=2 no-LS final]: accel=1000, maxVel=250
16:06:11 
============================================================
16:06:11   STEP 4: CLOSE KINESIS + APT API TEST
16:06:11 ============================================================
16:06:11   Force-closing all Kinesis connections...
16:06:11   Kinesis connections closed.
16:06:13   APT DLL found: C:\Program Files\Thorlabs\Kinesis\Thorlabs.APT.dll
16:06:13   APTInit -> 0
16:06:13   EnableEventDlg(False)
16:06:13   GetNumHWUnitsEx(type=70) -> 0, count=0
16:06:15   GetNumHWUnitsEx(type=13) -> 0, count=2
16:06:15   GetNumHWUnitsEx(type=22) -> 0, count=0
16:06:15 
============================================================
16:06:15   APT Test: Device 70864299
16:06:15 ============================================================
16:06:15 
--- 4.1 InitHWDevice ---
16:06:15   InitHWDevice(70864299) -> 10120
16:06:15 
============================================================
16:06:15   APT ch=1 (Device 70864299)
16:06:15 ============================================================
16:06:15 
--- 4.2 MOT_SetChannel(1) ---
16:06:15   MOT_SetChannel(1) -> 10003
16:06:15 
--- 4.3 Status BEFORE Enable ch=1 ---
16:06:15   MOT_GetStatusBits -> err=10000, status=0x00000000 = NONE
16:06:15 
--- 4.4 MOT_EnableHWChannel ch=1 ---
16:06:15   MOT_EnableHWChannel -> 10000
16:06:15 
--- 4.5 Status AFTER Enable ch=1 ---
16:06:15   MOT_GetStatusBits -> err=10000, status=0x00000000 = NONE
16:06:15 
--- 4.6 Position ch=1 ---
16:06:15   MOT_GetPosition -> err=10000, pos=0.0 mm
16:06:15 
--- 4.7 SetVelParams ch=1 ---
16:06:15   MOT_GetVelParams: minVel=0.0, accel=0.0, maxVel=0.0
16:06:15 
--- 4.8 SetHomeParams ch=1 ---
16:06:15   MOT_SetHomeParams(dir=2, lim=1, vel=7.0, offset=0.0001)
16:06:15 
--- 4.9 MOT_MoveHome ch=1 (blocking=True) ---
16:06:15   MOT_MoveHome -> 10000
16:06:16   Position after home: 0.0 mm
16:06:16   Status after home: 0x00000000
16:06:16 
--- 4.10 Move +40.0um ch=1 ---
16:06:16   MOT_MoveRelativeEx(+0.040) -> 10000
16:06:16   Position: 0.0 mm
16:06:16   APT ch=1 +40um: delta=0.0000mm (expected 0.0400) FAIL
16:06:16 
--- 4.11 Move -40.0um ch=1 ---
16:06:16   MOT_MoveRelativeEx(-0.040) -> 10000
16:06:17   Position: 0.0 mm
16:06:17   APT ch=1 after -40um: pos=0.0000mm
16:06:17 
--- 4.12 Final status ch=1 ---
16:06:17   Status: 0x00000000 = NONE
16:06:17 
============================================================
16:06:17   APT ch=2 (Device 70864299)
16:06:17 ============================================================
16:06:17 
--- 4.2 MOT_SetChannel(2) ---
16:06:17   MOT_SetChannel(2) -> 10003
16:06:17 
--- 4.3 Status BEFORE Enable ch=2 ---
16:06:17   MOT_GetStatusBits -> err=10000, status=0x00000000 = NONE
16:06:17 
--- 4.4 MOT_EnableHWChannel ch=2 ---
16:06:17   MOT_EnableHWChannel -> 10000
16:06:17 
--- 4.5 Status AFTER Enable ch=2 ---
16:06:17   MOT_GetStatusBits -> err=10000, status=0x00000000 = NONE
16:06:17 
--- 4.6 Position ch=2 ---
16:06:17   MOT_GetPosition -> err=10000, pos=0.0 mm
16:06:17 
--- 4.7 SetVelParams ch=2 ---
16:06:17   MOT_GetVelParams: minVel=0.0, accel=0.0, maxVel=0.0
16:06:17 
--- 4.8 SetHomeParams ch=2 ---
16:06:17   MOT_SetHomeParams(dir=2, lim=1, vel=7.0, offset=0.0001)
16:06:17 
--- 4.9 MOT_MoveHome ch=2 (blocking=True) ---
16:06:17   MOT_MoveHome -> 10000
16:06:18   Position after home: 0.0 mm
16:06:18   Status after home: 0x00000000
16:06:18 
--- 4.10 Move +40.0um ch=2 ---
16:06:18   MOT_MoveRelativeEx(+0.040) -> 10000
16:06:18   Position: 0.0 mm
16:06:18   APT ch=2 +40um: delta=0.0000mm (expected 0.0400) FAIL
16:06:18 
--- 4.11 Move -40.0um ch=2 ---
16:06:18   MOT_MoveRelativeEx(-0.040) -> 10000
16:06:19   Position: 0.0 mm
16:06:19   APT ch=2 after -40um: pos=0.0000mm
16:06:19 
--- 4.12 Final status ch=2 ---
16:06:19   Status: 0x00000000 = NONE
16:06:19   APTCleanUp called
16:06:19 
============================================================
16:06:19   SUMMARY
16:06:19 ============================================================
16:06:19   Log saved to: C:\Users\Adm\Desktop\diagnostic_BSM\Logs\diagnostic_BSM_2026-07-21_16-03-43.log
16:06:19 
16:06:19   Test                                  Expected        Got   Result
16:06:19   ----------------------------------- ---------- ---------- --------
16:06:19   Kinesis+LS ch=1                             20       -937     FAIL
16:06:19   Kinesis+LS ch=2                             20          0     FAIL
16:06:19   Kinesis no-LS ch=1                          20       -937     FAIL
16:06:19   Kinesis no-LS ch=2                          20       -938     FAIL
16:06:19   APT ch=1 +40um                              20          0     FAIL
16:06:19   APT ch=2 +40um                              20          0     FAIL
16:06:19 
16:06:19   If Kinesis no-LS differs from Kinesis+LS — LoadSettings corrupts EEPROM params.
16:06:19   If APT differs from Kinesis — API behavior differs (check which is correct).
16:06:19   If ch=1 FAILS but ch=2 PASS — channel-specific EEPROM issue.
