14:51:10 
============================================================
14:51:10   DIAGNOSTIC BSM — 2026-07-21 14:51:10
14:51:10 ============================================================
14:51:10   Script dir: C:\Users\Adm\Desktop\diagnostic_BSM
14:51:10   Log file: C:\Users\Adm\Desktop\diagnostic_BSM\Logs\diagnostic_BSM_2026-07-21_14-51-10.log
14:51:10 
--- Loading Kinesis BSM DLL ---
14:51:10   DLL loaded: True
14:51:10 
============================================================
14:51:10   STEP 1: SCAN ALL DEVICES (Kinesis)
14:51:10 ============================================================
14:51:10   --- Attempt 1/3 ---
14:51:10   TLI_BuildDeviceList -> 0
14:51:11   TLI_GetDeviceListSize -> 1
14:51:11   TLI_GetDeviceListExt -> 0, found 1 devices: ['70864299']
14:51:11   Device 70864299: type=70, desc=APT Stepper Motor Controller, known=True, motor=131328, piezo=False, maxCh=256
14:51:11 
  BSM devices: ['70864299']
14:51:11   KDC devices: []
14:51:11 
============================================================
14:51:11   STEP 2: KINESIS API — DETAILED TEST FOR EACH BSM
14:51:11 ============================================================
14:51:11 
============================================================
14:51:11   BSM 70864299
14:51:11 ============================================================
14:51:11 
--- 2.1 Open + LoadSettings ---
14:51:12   SBC_Open -> 0
14:51:13   SBC_CheckConnection -> True
14:51:13   SBC_GetNumChannels -> 2
14:51:13 
--- 2.2 Channel 1 — LoadSettings ---
14:51:13   SBC_LoadSettings(ch=1) -> True
14:51:13 
--- 2.2 Channel 2 — LoadSettings ---
14:51:14 FATAL ERROR: [WinError -529697949] Windows Error 0xe06d7363
14:51:14 Traceback (most recent call last):
  File "C:\Users\Adm\Desktop\diagnostic_BSM\diagnostic_bsm.py", line 301, in main
    res = bsm.SBC_LoadSettings(serial, ch_short)
OSError: [WinError -529697949] Windows Error 0xe06d7363

