19:25:27 
============================================================
  DIAGNOSTIC BSM v10 — single session — 2026-07-21 19:25:27
============================================================
19:25:27   Log: C:\Users\Adm\Desktop\Новая папка\Logs\diagnostic_v10_2026-07-21_19-25-27.log
19:25:27 
============================================================
  OPEN + FIX + MOVES — ALL IN ONE SESSION
============================================================
19:25:29 
--- StopImmediate ---
19:25:29   [after StopImmediate] Status=0x80101000=ERROR Pos=0(0.0000mm)
19:25:29 
--- VelParams 1000/250 ---
19:25:29 
--- PowerParams 100%/50% ---
19:25:29 
--- HomingParams ---
19:25:29 
--- LimitSwitchParams MakeOnContact ---
19:25:29 
--- SoftLimitMode=0 ---
19:25:29 
--- StageAxisLimits 0..409600 ---
19:25:29 
--- SetBacklash(0) ---
19:25:29 
--- PersistSettings ---
19:25:30   [after PersistSettings] Status=0x80101000=ERROR Pos=0(0.0000mm)
19:25:30 
--- StopImmediate (clear ERROR after PersistSettings) ---
19:25:31   [after second StopImmediate] Status=0x80101000=ERROR Pos=0(0.0000mm)
19:25:31 
--- SetPositionCounter(0) ---
19:25:31   -> err=0
19:25:32   [after SetPositionCounter] Status=0x80101000=ERROR Pos=0(0.0000mm)
19:25:32 
============================================================
  STEP 1: Single roundtrip 40um
============================================================
19:25:32 
--- Move +40.0um ---
19:25:32   move 40.0um = 20 steps
19:25:32   MoveRelative err=0
19:25:37   +40.0um: delta=20 expected=20 -> PASS
19:25:37 
--- Move -40.0um ---
19:25:37   move -40.0um = -20 steps
19:25:37   MoveRelative err=0
19:25:41   -40.0um: delta=-20 expected=-20 -> PASS
19:25:42 
============================================================
  STEP 2: 10 roundtrips 40um
============================================================
19:25:42 
--- Move +40.0um RT1 ---
19:25:42   move 40.0um = 20 steps
19:25:42   MoveRelative err=0
19:25:47   +40.0um: delta=20 expected=20 -> PASS
19:25:47 
--- Move -40.0um RT1 ---
19:25:47   move -40.0um = -20 steps
19:25:47   MoveRelative err=0
19:25:51   -40.0um: delta=-20 expected=-20 -> PASS
19:25:52 
--- Move +40.0um RT2 ---
19:25:52   move 40.0um = 20 steps
19:25:52   MoveRelative err=0
19:25:57   +40.0um: delta=20 expected=20 -> PASS
19:25:57 
--- Move -40.0um RT2 ---
19:25:57   move -40.0um = -20 steps
19:25:57   MoveRelative err=0
19:26:01   -40.0um: delta=-20 expected=-20 -> PASS
19:26:02 
--- Move +40.0um RT3 ---
19:26:02   move 40.0um = 20 steps
19:26:02   MoveRelative err=0
19:26:07   +40.0um: delta=20 expected=20 -> PASS
19:26:07 
--- Move -40.0um RT3 ---
19:26:07   move -40.0um = -20 steps
19:26:07   MoveRelative err=0
19:26:11   -40.0um: delta=-20 expected=-20 -> PASS
19:26:12 
--- Move +40.0um RT4 ---
19:26:12   move 40.0um = 20 steps
19:26:12   MoveRelative err=0
19:26:17   +40.0um: delta=20 expected=20 -> PASS
19:26:17 
--- Move -40.0um RT4 ---
19:26:17   move -40.0um = -20 steps
19:26:17   MoveRelative err=0
19:26:21   -40.0um: delta=-20 expected=-20 -> PASS
19:26:22 
--- Move +40.0um RT5 ---
19:26:22   move 40.0um = 20 steps
19:26:22   MoveRelative err=0
19:26:26   +40.0um: delta=20 expected=20 -> PASS
19:26:26 
--- Move -40.0um RT5 ---
19:26:26   move -40.0um = -20 steps
19:26:27   MoveRelative err=0
19:26:31   -40.0um: delta=-20 expected=-20 -> PASS
19:26:32 
--- Move +40.0um RT6 ---
19:26:32   move 40.0um = 20 steps
19:26:32   MoveRelative err=0
19:26:36   +40.0um: delta=20 expected=20 -> PASS
19:26:36 
--- Move -40.0um RT6 ---
19:26:36   move -40.0um = -20 steps
19:26:37   MoveRelative err=0
19:26:41   -40.0um: delta=-20 expected=-20 -> PASS
19:26:42 
--- Move +40.0um RT7 ---
19:26:42   move 40.0um = 20 steps
19:26:42   MoveRelative err=0
19:26:47   +40.0um: delta=20 expected=20 -> PASS
19:26:47 
--- Move -40.0um RT7 ---
19:26:47   move -40.0um = -20 steps
19:26:47   MoveRelative err=0
19:26:51   -40.0um: delta=-20 expected=-20 -> PASS
19:26:52 
--- Move +40.0um RT8 ---
19:26:52   move 40.0um = 20 steps
19:26:52   MoveRelative err=0
19:26:57   +40.0um: delta=20 expected=20 -> PASS
19:26:57 
--- Move -40.0um RT8 ---
19:26:57   move -40.0um = -20 steps
19:26:57   MoveRelative err=0
19:27:01   -40.0um: delta=-20 expected=-20 -> PASS
19:27:02 
--- Move +40.0um RT9 ---
19:27:02   move 40.0um = 20 steps
19:27:02   MoveRelative err=0
19:27:07   +40.0um: delta=20 expected=20 -> PASS
19:27:07 
--- Move -40.0um RT9 ---
19:27:07   move -40.0um = -20 steps
19:27:07   MoveRelative err=0
19:27:11   -40.0um: delta=-20 expected=-20 -> PASS
19:27:12 
--- Move +40.0um RT10 ---
19:27:12   move 40.0um = 20 steps
19:27:12   MoveRelative err=0
19:27:17   +40.0um: delta=20 expected=20 -> PASS
19:27:17 
--- Move -40.0um RT10 ---
19:27:17   move -40.0um = -20 steps
19:27:17   MoveRelative err=0
19:27:21   -40.0um: delta=-20 expected=-20 -> PASS
19:27:22 
============================================================
  STEP 3: Different distances
============================================================
19:27:22 
--- Move +10.0um ---
19:27:22   move 10.0um = 5 steps
19:27:22   MoveRelative err=0
19:27:23   +10.0um: delta=5 expected=5 -> PASS
19:27:23 
--- Move -10.0um ---
19:27:23   move -10.0um = -5 steps
19:27:23   MoveRelative err=0
19:27:25   -10.0um: delta=-5 expected=-5 -> PASS
19:27:25 
--- Move +20.0um ---
19:27:25   move 20.0um = 10 steps
19:27:25   MoveRelative err=0
19:27:28   +20.0um: delta=10 expected=10 -> PASS
19:27:28 
--- Move -20.0um ---
19:27:28   move -20.0um = -10 steps
19:27:28   MoveRelative err=0
19:27:31   -20.0um: delta=-10 expected=-10 -> PASS
19:27:31 
--- Move +50.0um ---
19:27:31   move 50.0um = 25 steps
19:27:31   MoveRelative err=0
19:27:37   +50.0um: delta=25 expected=25 -> PASS
19:27:37 
--- Move -50.0um ---
19:27:37   move -50.0um = -25 steps
19:27:37   MoveRelative err=0
19:27:43   -50.0um: delta=-25 expected=-25 -> PASS
19:27:43 
--- Move +100.0um ---
19:27:43   move 100.0um = 50 steps
19:27:43   MoveRelative err=0
19:27:55   +100.0um: delta=50 expected=50 -> PASS
19:27:55 
--- Move -100.0um ---
19:27:55   move -100.0um = -50 steps
19:27:55   MoveRelative err=0
19:28:06   -100.0um: delta=-50 expected=-50 -> PASS
19:28:06 
--- Move +200.0um ---
19:28:06   move 200.0um = 100 steps
19:28:06   MoveRelative err=0
19:28:21   poll timeout 15s last=70
19:28:21   +200.0um: delta=71 expected=100 -> FAIL
19:28:21 
--- Move -200.0um ---
19:28:21   move -200.0um = -100 steps
19:28:21   MoveRelative err=38
19:28:28   -200.0um: delta=29 expected=-100 -> FAIL
19:28:29 
============================================================
  STEP 4: Stability 10s (no moves)
============================================================
19:28:29   Start: 100
19:28:30   t=1s: pos=100 drift=0 OK
19:28:31   t=2s: pos=100 drift=0 OK
19:28:32   t=3s: pos=100 drift=0 OK
19:28:33   t=4s: pos=100 drift=0 OK
19:28:34   t=5s: pos=100 drift=0 OK
19:28:35   t=6s: pos=100 drift=0 OK
19:28:36   t=7s: pos=100 drift=0 OK
19:28:37   t=8s: pos=100 drift=0 OK
19:28:38   t=9s: pos=100 drift=0 OK
19:28:39   t=10s: pos=100 drift=0 OK
19:28:39   Stability: PASS
19:28:39 
============================================================
  STEP 5: Final status
============================================================
19:28:39   [FINAL] Status=0x80101000=ERROR Pos=100(0.2000mm)
19:28:41 
============================================================
  SUMMARY
============================================================
19:28:41   Test                           Exp      Got   Result
19:28:41   ------------------------- -------- -------- --------
19:28:41   +40.0um                         20       20     PASS
19:28:41   -40.0um                        -20      -20     PASS
19:28:41   +40.0um RT1                     20       20     PASS
19:28:41   -40.0um RT1                    -20      -20     PASS
19:28:41   +40.0um RT2                     20       20     PASS
19:28:41   -40.0um RT2                    -20      -20     PASS
19:28:41   +40.0um RT3                     20       20     PASS
19:28:41   -40.0um RT3                    -20      -20     PASS
19:28:41   +40.0um RT4                     20       20     PASS
19:28:41   -40.0um RT4                    -20      -20     PASS
19:28:41   +40.0um RT5                     20       20     PASS
19:28:41   -40.0um RT5                    -20      -20     PASS
19:28:41   +40.0um RT6                     20       20     PASS
19:28:41   -40.0um RT6                    -20      -20     PASS
19:28:41   +40.0um RT7                     20       20     PASS
19:28:41   -40.0um RT7                    -20      -20     PASS
19:28:41   +40.0um RT8                     20       20     PASS
19:28:41   -40.0um RT8                    -20      -20     PASS
19:28:41   +40.0um RT9                     20       20     PASS
19:28:41   -40.0um RT9                    -20      -20     PASS
19:28:41   +40.0um RT10                    20       20     PASS
19:28:41   -40.0um RT10                   -20      -20     PASS
19:28:41   +10.0um                          5        5     PASS
19:28:41   -10.0um                         -5       -5     PASS
19:28:41   +20.0um                         10       10     PASS
19:28:41   -20.0um                        -10      -10     PASS
19:28:41   +50.0um                         25       25     PASS
19:28:41   -50.0um                        -25      -25     PASS
19:28:41   +100.0um                        50       50     PASS
19:28:41   -100.0um                       -50      -50     PASS
19:28:41   +200.0um                       100       71     FAIL
19:28:41   -200.0um                      -100       29     FAIL
19:28:41   stability                        0        0     PASS
19:28:41 
  31/33 PASSED
