19:02:27 
============================================================
  DIAGNOSTIC BSM v9 — ch=2 reliable — 2026-07-21 19:02:27
============================================================
19:02:27   Log: C:\Users\Adm\Desktop\diagnostic_BSM\Logs\diagnostic_v9_2026-07-21_19-02-27.log
19:02:27 
============================================================
  FIX ch=2 (full)
============================================================
19:02:28   [ch=2 BEFORE] Status=0x80101000=ERROR Pos=0(0.0000mm)
19:02:28 
--- StopImmediate ---
19:02:28 
--- VelParams ---
19:02:28 
--- PowerParams ---
19:02:28 
--- HomingParams ---
19:02:28 
--- LimitSwitchParams ---
19:02:28 
--- SoftLimitMode=0 ---
19:02:29 
--- StageAxisLimits ---
19:02:29 
--- SetBacklash(0) ---
19:02:29 
--- PersistSettings ---
19:02:30   [ch=2 AFTER] Status=0x80101000=ERROR Pos=0(0.0000mm)
19:02:35 
============================================================
  STEP 1: Init + SetPositionCounter(0)
============================================================
19:02:36 
--- SetPositionCounter(0) ---
19:02:36   -> err=0
19:02:37   Pos after 1s: 0
19:02:39 
============================================================
  STEP 2: Single roundtrip 40um
============================================================
19:02:40   move 40.0um = 20 steps
19:02:41   MoveRelative err=0
19:02:45   move -40.0um = -20 steps
19:02:45   MoveRelative err=0
19:02:52   +40um: delta=20 expected=20 -> PASS
19:02:52   -40um: delta=-20 expected=-20 -> PASS
19:02:52 
============================================================
  STEP 3: Multiple roundtrips 40um x10
============================================================
19:02:54   move 40.0um = 20 steps
19:02:54   MoveRelative err=0
19:02:58   move -40.0um = -20 steps
19:02:59   MoveRelative err=0
19:03:05   RT1: +40um=20(PASS) -40um=-20(PASS)
19:03:06   SBC_Open attempt 1/3
19:03:07   SBC_Open attempt 2/3
19:03:09   SBC_Open attempt 3/3
19:03:12   SBC_Open FAILED
19:03:13   move 40.0um = 20 steps
19:03:13   MoveRelative err=39
19:03:14   move -40.0um = -20 steps
19:03:14   MoveRelative err=39
19:03:17   RT3: +40um=0(FAIL) -40um=0(FAIL)
19:03:19   move 40.0um = 20 steps
19:03:19   MoveRelative err=39
19:03:19   move -40.0um = -20 steps
19:03:20   MoveRelative err=39
19:03:22   RT4: +40um=0(FAIL) -40um=0(FAIL)
19:03:24   move 40.0um = 20 steps
19:03:24   MoveRelative err=39
19:03:25   move -40.0um = -20 steps
19:03:25   MoveRelative err=39
19:03:28   RT5: +40um=0(FAIL) -40um=0(FAIL)
19:03:44   SBC_Open attempt 1/3
19:03:52   move 40.0um = 20 steps
19:03:52   MoveRelative err=39
19:03:53   move -40.0um = -20 steps
19:03:53   MoveRelative err=39
19:03:56   RT6: +40um=0(FAIL) -40um=0(FAIL)
19:03:57   move 40.0um = 20 steps
19:03:57   MoveRelative err=0
19:04:02   move -40.0um = -20 steps
19:04:02   MoveRelative err=0
19:04:09   RT7: +40um=20(PASS) -40um=-20(PASS)
19:04:11   move 40.0um = 20 steps
19:04:11   MoveRelative err=39
19:04:12   move -40.0um = -20 steps
19:04:12   MoveRelative err=39
19:04:15   RT8: +40um=0(FAIL) -40um=0(FAIL)
19:04:17   move 40.0um = 20 steps
19:04:17   MoveRelative err=0
19:04:21   move -40.0um = -20 steps
19:04:21   MoveRelative err=0
19:04:28   RT9: +40um=20(PASS) -40um=-20(PASS)
19:04:30   move 40.0um = 20 steps
19:04:30   MoveRelative err=39
19:04:31   move -40.0um = -20 steps
19:04:31   MoveRelative err=39
19:04:34   RT10: +40um=0(FAIL) -40um=0(FAIL)
19:04:34 
============================================================
  STEP 4: Different distances
============================================================
19:04:35   move 10.0um = 5 steps
19:04:36   MoveRelative err=0
19:04:37   move -10.0um = -5 steps
19:04:37   MoveRelative err=0
19:04:41   10.0um: +10.0=5(PASS) -10.0=-5(PASS)
19:04:43   move 20.0um = 10 steps
19:04:43   MoveRelative err=0
19:04:45   move -20.0um = -10 steps
19:04:45   MoveRelative err=0
19:04:50   20.0um: +20.0=10(PASS) -20.0=-10(PASS)
19:04:52   move 50.0um = 25 steps
19:04:52   MoveRelative err=39
19:04:53   move -50.0um = -25 steps
19:04:53   MoveRelative err=39
19:04:56   50.0um: +50.0=0(FAIL) -50.0=0(FAIL)
19:04:57   move 100.0um = 50 steps
19:04:57   MoveRelative err=39
19:04:58   move -100.0um = -50 steps
19:04:58   MoveRelative err=39
19:05:01   100.0um: +100.0=0(FAIL) -100.0=0(FAIL)
19:05:03   move 200.0um = 100 steps
19:05:03   MoveRelative err=39
19:05:04   move -200.0um = -100 steps
19:05:04   MoveRelative err=39
19:05:07   200.0um: +200.0=0(FAIL) -200.0=0(FAIL)
19:05:07 
============================================================
  STEP 5: Stability 10s
============================================================
19:05:08   Start: 0
19:05:09   t=1s: pos=0 drift=0 OK
19:05:10   t=2s: pos=0 drift=0 OK
19:05:11   t=3s: pos=0 drift=0 OK
19:05:12   t=4s: pos=0 drift=0 OK
19:05:13   t=5s: pos=0 drift=0 OK
19:05:14   t=6s: pos=0 drift=0 OK
19:05:15   t=7s: pos=0 drift=0 OK
19:05:16   t=8s: pos=0 drift=0 OK
19:05:17   t=9s: pos=0 drift=0 OK
19:05:19   t=10s: pos=0 drift=0 OK
19:05:19   Stability: PASS
19:05:21 
============================================================
  STEP 6: Reopen + verify
============================================================
19:05:24   Pos after reopen: 0
19:05:24   Reopen: PASS
19:05:24 
--- Move +40um after reopen ---
19:05:24   move 40.0um = 20 steps
19:05:24   MoveRelative err=39
19:05:25   delta=0 expected=20 -> FAIL
19:05:25 
--- Move -40um after reopen ---
19:05:25   move -40.0um = -20 steps
19:05:25   MoveRelative err=39
19:05:26   delta=0 expected=-20 -> FAIL
19:05:28 
============================================================
  SUMMARY
============================================================
19:05:28   Test                           Exp      Got   Result
19:05:28   ------------------------- -------- -------- --------
19:05:28   40um +                          20       20     PASS
19:05:28   40um -                         -20      -20     PASS
19:05:28   RT1 +                           20       20     PASS
19:05:28   RT1 -                          -20      -20     PASS
19:05:28   RT2 +                           20      err     FAIL
19:05:28   RT2 -                          -20      err     FAIL
19:05:28   RT3 +                           20        0     FAIL
19:05:28   RT3 -                          -20        0     FAIL
19:05:28   RT4 +                           20        0     FAIL
19:05:28   RT4 -                          -20        0     FAIL
19:05:28   RT5 +                           20        0     FAIL
19:05:28   RT5 -                          -20        0     FAIL
19:05:28   RT6 +                           20        0     FAIL
19:05:28   RT6 -                          -20        0     FAIL
19:05:28   RT7 +                           20       20     PASS
19:05:28   RT7 -                          -20      -20     PASS
19:05:28   RT8 +                           20        0     FAIL
19:05:28   RT8 -                          -20        0     FAIL
19:05:28   RT9 +                           20       20     PASS
19:05:28   RT9 -                          -20      -20     PASS
19:05:28   RT10 +                          20        0     FAIL
19:05:28   RT10 -                         -20        0     FAIL
19:05:28   10.0um +                         5        5     PASS
19:05:28   10.0um -                        -5       -5     PASS
19:05:28   20.0um +                        10       10     PASS
19:05:28   20.0um -                       -10      -10     PASS
19:05:28   50.0um +                        25        0     FAIL
19:05:28   50.0um -                       -25        0     FAIL
19:05:28   100.0um +                       50        0     FAIL
19:05:28   100.0um -                      -50        0     FAIL
19:05:28   200.0um +                      100        0     FAIL
19:05:28   200.0um -                     -100        0     FAIL
19:05:28   stability                        0        0     PASS
19:05:28   reopen                           0        0     PASS
19:05:28   reopen +40um                    20        0     FAIL
19:05:28   reopen -40um                   -20        0     FAIL
19:05:28 
  14/36 PASSED
