14:51:57 
============================================================
14:51:57   DIAGNOSTIC BSM — 2026-07-21 14:51:57
14:51:57 ============================================================
14:51:57   Script dir: C:\Users\Adm\Desktop\diagnostic_BSM
14:51:57   Log file: C:\Users\Adm\Desktop\diagnostic_BSM\Logs\diagnostic_BSM_2026-07-21_14-51-57.log
14:51:57 
--- Loading Kinesis BSM DLL ---
14:51:57   DLL loaded: True
14:51:57 
============================================================
14:51:57   STEP 1: SCAN ALL DEVICES (Kinesis)
14:51:57 ============================================================
14:51:57   --- Attempt 1/3 ---
14:51:58   TLI_BuildDeviceList -> 0
14:51:59   TLI_GetDeviceListSize -> 1
14:51:59   TLI_GetDeviceListExt -> 0, found 1 devices: ['70864299']
14:51:59   Device 70864299: type=70, desc=APT Stepper Motor Controller, known=True, motor=131328, piezo=False, maxCh=256
14:51:59 
  BSM devices: ['70864299']
14:51:59   KDC devices: []
14:51:59 
============================================================
14:51:59   STEP 2: KINESIS API — DETAILED TEST FOR EACH BSM
14:51:59 ============================================================
14:51:59 
============================================================
14:51:59   BSM 70864299
14:51:59 ============================================================
14:51:59 
--- 2.1 Open + LoadSettings ---
14:52:01   SBC_Open -> 0
14:52:01   SBC_CheckConnection -> True
14:52:01   SBC_GetNumChannels -> 2
14:52:01 
--- 2.2 Channel 1 — LoadSettings ---
14:52:01   SBC_LoadSettings(ch=1) -> True
14:52:01 
--- 2.2 Channel 2 — LoadSettings ---
14:52:02   SBC_LoadSettings(ch=2) -> True
14:52:02 
--- 2.3 Channel 1 — Status BEFORE Enable ---
14:52:02   Status [ch=1 pre-enable]: 0x80101000 = ERROR [upper=0x80100000]
14:52:02   PowerParams [ch=1 pre-enable]: move=8%, rest=130%
14:52:02   InputVoltage [ch=1 pre-enable]: 736 mV (0.736 V)
14:52:02   Position [ch=1 pre-enable]: raw=0, mm=0.0000
14:52:02   VelParams [ch=1 pre-enable]: accel=135182, maxVel=659706977
14:52:02 
--- 2.3 Channel 2 — Status BEFORE Enable ---
14:52:02   Status [ch=2 pre-enable]: 0x00000000 = NONE
14:52:02   PowerParams [ch=2 pre-enable]: move=30%, rest=15%
14:52:02   InputVoltage [ch=2 pre-enable]: 65535 mV (65.535 V)
14:52:02   Position [ch=2 pre-enable]: raw=-1, mm=-0.0020
14:52:02   VelParams [ch=2 pre-enable]: accel=135182, maxVel=659706977
14:52:02 
--- 2.4 Channel 1 — StartPolling + EnableChannel ---
14:52:02   SBC_EnableChannel(ch=1) -> 0
14:52:03 
--- 2.4 Channel 2 — StartPolling + EnableChannel ---
14:52:03   SBC_EnableChannel(ch=2) -> 0
14:52:03 
--- 2.5 Channel 1 — Status AFTER Enable ---
14:52:03   Status [ch=1 post-enable]: 0x80101000 = ERROR [upper=0x80100000]
14:52:03   PowerParams [ch=1 post-enable]: move=8%, rest=130%
14:52:03   InputVoltage [ch=1 post-enable]: 736 mV (0.736 V)
14:52:03   Position [ch=1 post-enable]: raw=0, mm=0.0000
14:52:03   VelParams [ch=1 post-enable]: accel=135182, maxVel=659706977
14:52:03 
--- 2.5 Channel 2 — Status AFTER Enable ---
14:52:03   Status [ch=2 post-enable]: 0x00000000 = NONE
14:52:03   PowerParams [ch=2 post-enable]: move=30%, rest=15%
14:52:03   InputVoltage [ch=2 post-enable]: 65535 mV (65.535 V)
14:52:03   Position [ch=2 post-enable]: raw=-1, mm=-0.0020
14:52:03   VelParams [ch=2 post-enable]: accel=135182, maxVel=659706977
14:52:03 
--- 2.6 Limit Switch Params ---
14:52:03   ch=1 LimitSwitch: CW=0x02 ACW=0x02 CW_pos=1228800 ACW_pos=409600 soft=0x01
14:52:03   ch=2 LimitSwitch: CW=0x02 ACW=0x02 CW_pos=1228800 ACW_pos=409600 soft=0x01
14:52:03 
--- 2.7 Stage Axis Limits ---
14:52:03   ch=1 AxisLimits: min=0, max=40960000
14:52:03   ch=2 AxisLimits: min=0, max=40960000
14:52:03 
--- 2.8 Homing Params ---
14:52:03 FATAL ERROR: 'int' object has no attribute 'value'
14:52:04 Traceback (most recent call last):
  File "C:\Users\Adm\Desktop\diagnostic_BSM\diagnostic_bsm.py", line 353, in main
    log.info(f"  ch={ch} HomingParams: dir={hp.direction.value}, "
                                            ^^^^^^^^^^^^^^^^^^
AttributeError: 'int' object has no attribute 'value'

