2026-07-23 17:00:01 [INFO   ] root(logging_setup.py:46): === Application Started ===
2026-07-23 17:00:01 [INFO   ] root(logging_setup.py:47): Python: 3.12.10 (tags/v3.12.10:0cc8128, Apr  8 2025, 12:21:36) [MSC v.1943 64 bit (AMD64)]
2026-07-23 17:00:01 [INFO   ] root(logging_setup.py:48): Platform: win32
2026-07-23 17:00:01 [INFO   ] root(logging_setup.py:49): Executable: C:\Users\Adm\Desktop\ScanLoop\dist\v5_ScanLoop_Adm_DESKTOP-V04Q9MO\v5_ScanLoop_Adm_DESKTOP-V04Q9MO.exe
2026-07-23 17:00:01 [INFO   ] root(logging_setup.py:50): Log directory: C:\Users\Adm\Desktop\ScanLoop\Logs\2026-07-23_17-00-01
2026-07-23 17:00:01 [INFO   ] root(logging_setup.py:71): numpy: 2.5.1
2026-07-23 17:00:01 [INFO   ] root(logging_setup.py:71): scipy: 1.18.0
2026-07-23 17:00:01 [INFO   ] root(logging_setup.py:71): matplotlib: 3.11.1
2026-07-23 17:00:01 [INFO   ] root(logging_setup.py:71): PyQt5: unknown
2026-07-23 17:00:01 [INFO   ] root(logging_setup.py:71): pyvisa: 1.16.2
2026-07-23 17:00:01 [INFO   ] root(logging_setup.py:71): pyserial: 3.5
2026-07-23 17:00:02 [DEBUG  ] matplotlib(__init__.py:347): CACHEDIR=C:\Users\Adm\AppData\Local\Temp\tmpvu34bvhx
2026-07-23 17:00:02 [DEBUG  ] matplotlib.font_manager(font_manager.py:1238): font search path [WindowsPath('C:/Users/Adm/Desktop/ScanLoop/dist/v5_ScanLoop_Adm_DESKTOP-V04Q9MO/_internal/matplotlib/mpl-data/fonts/ttf'), WindowsPath('C:/Users/Adm/Desktop/ScanLoop/dist/v5_ScanLoop_Adm_DESKTOP-V04Q9MO/_internal/matplotlib/mpl-data/fonts/afm'), WindowsPath('C:/Users/Adm/Desktop/ScanLoop/dist/v5_ScanLoop_Adm_DESKTOP-V04Q9MO/_internal/matplotlib/mpl-data/fonts/pdfcorefonts')]
2026-07-23 17:00:02 [INFO   ] matplotlib.font_manager(font_manager.py:1847): generated new fontManager
2026-07-23 17:00:03 [INFO   ] root(main.py:18): Initializing Application...
2026-07-23 17:00:03 [DEBUG  ] matplotlib.font_manager(font_manager.py:1646): findfont: Matching sans\-serif:style=normal:variant=normal:weight=normal:stretch=normal:size=10.0.
2026-07-23 17:00:03 [DEBUG  ] matplotlib.font_manager(font_manager.py:1658): findfont: score(FontEntry(fname='C:\\Users\\Adm\\Desktop\\ScanLoop\\dist\\v5_ScanLoop_Adm_DESKTOP-V04Q9MO\\_internal\\matplotlib\\mpl-data\\fonts\\ttf\\cmex10.ttf', index=0, name='cmex10', style='normal', variant='normal', weight=400, stretch='normal', size='scalable')) = 10.05
2026-07-23 17:00:03 [DEBUG  ] matplotlib.font_manager(font_manager.py:1658): findfont: score(FontEntry(fname='C:\\Users\\Adm\\Desktop\\ScanLoop\\dist\\v5_ScanLoop_Adm_DESKTOP-V04Q9MO\\_internal\\matplotlib\\mpl-data\\fonts\\ttf\\STIXSizOneSymReg.ttf', index=0, name='STIXSizeOneSym', style='normal', variant='normal', weight=400, stretch='normal', size='scalable')) = 10.05
2026-07-23 17:00:03 [DEBUG  ] matplotlib.font_manager(font_manager.py:1658): findfont: score(FontEntry(fname='C:\\Users\\Adm\\Desktop\\ScanLoop\\dist\\v5_ScanLoop_Adm_DESKTOP-V04Q9MO\\_internal\\matplotlib\\mpl-data\\fonts\\ttf\\STIXGeneralBolIta.ttf', index=0, name='STIXGeneral', style='italic', variant='normal', weight=700, stretch='normal', size='scalable')) = 11.335
2026-07-23 17:00:03 [DEBUG  ] matplotlib.font_manager(font_manager.py:1658): findfont: score(FontEntry(fname='C:\\Users\\Adm\\Desktop\\ScanLoop\\dist\\v5_ScanLoop_Adm_DESKTOP-V04Q9MO\\_internal\\matplotlib\\mpl-data\\fonts\\ttf\\STIXSizOneSymBol.ttf', index=0, name='STIXSizeOneSym', style='normal', variant='normal', weight=700, stretch='normal', size='scalable')) = 10.335
2026-07-23 17:00:03 [DEBUG  ] matplotlib.font_manager(font_manager.py:1658): findfont: score(FontEntry(fname='C:\\Users\\Adm\\Desktop\\ScanLoop\\dist\\v5_ScanLoop_Adm_DESKTOP-V04Q9MO\\_internal\\matplotlib\\mpl-data\\fonts\\ttf\\STIXSizTwoSymBol.ttf', index=0, name='STIXSizeTwoSym', style='normal', variant='normal', weight=700, stretch='normal', size='scalable')) = 10.335
2026-07-23 17:00:03 [DEBUG  ] matplotlib.font_manager(font_manager.py:1658): findfont: score(FontEntry(fname='C:\\Users\\Adm\\Desktop\\ScanLoop\\dist\\v5_ScanLoop_Adm_DESKTOP-V04Q9MO\\_internal\\matplotlib\\mpl-data\\fonts\\ttf\\DejaVuSans-Bold.ttf', index=0, name='DejaVu Sans', style='normal', variant='normal', weight=700, stretch='normal', size='scalable')) = 0.33499999999999996
2026-07-23 17:00:03 [DEBUG  ] matplotlib.font_manager(font_manager.py:1658): findfont: score(FontEntry(fname='C:\\Users\\Adm\\Desktop\\ScanLoop\\dist\\v5_ScanLoop_Adm_DESKTOP-V04Q9MO\\_internal\\matplotlib\\mpl-data\\fonts\\ttf\\cmss10.ttf', index=0, name='cmss10', style='normal', variant='normal', weight=400, stretch='normal', size='scalable')) = 10.05
2026-07-23 17:00:03 [DEBUG  ] matplotlib.font_manager(font_manager.py:1658): findfont: score(FontEntry(fname='C:\\Users\\Adm\\Desktop\\ScanLoop\\dist\\v5_ScanLoop_Adm_DESKTOP-V04Q9MO\\_internal\\matplotlib\\mpl-data\\fonts\\ttf\\DejaVuSerif-Bold.ttf', index=0, name='DejaVu Serif', style='normal', variant='normal', weight=700, stretch='normal', size='scalable')) = 10.335
2026-07-23 17:00:03 [DEBUG  ] matplotlib.font_manager(font_manager.py:1658): findfont: score(FontEntry(fname='C:\\Users\\Adm\\Desktop\\ScanLoop\\dist\\v5_ScanLoop_Adm_DESKTOP-V04Q9MO\\_internal\\matplotlib\\mpl-data\\fonts\\ttf\\DejaVuSerifDisplay.ttf', index=0, name='DejaVu Serif Display', style='normal', variant='normal', weight=400, stretch='normal', size='scalable')) = 10.05
2026-07-23 17:00:03 [DEBUG  ] matplotlib.font_manager(font_manager.py:1658): findfont: score(FontEntry(fname='C:\\Users\\Adm\\Desktop\\ScanLoop\\dist\\v5_ScanLoop_Adm_DESKTOP-V04Q9MO\\_internal\\matplotlib\\mpl-data\\fonts\\ttf\\DejaVuSerif-Italic.ttf', index=0, name='DejaVu Serif', style='italic', variant='normal', weight=400, stretch='normal', size='scalable')) = 11.05
2026-07-23 17:00:03 [DEBUG  ] matplotlib.font_manager(font_manager.py:1658): findfont: score(FontEntry(fname='C:\\Users\\Adm\\Desktop\\ScanLoop\\dist\\v5_ScanLoop_Adm_DESKTOP-V04Q9MO\\_internal\\matplotlib\\mpl-data\\fonts\\ttf\\cmti10.ttf', index=0, name='cmti10', style='normal', variant='normal', weight=400, stretch='normal', size='scalable')) = 10.05
2026-07-23 17:00:03 [DEBUG  ] matplotlib.font_manager(font_manager.py:1658): findfont: score(FontEntry(fname='C:\\Users\\Adm\\Desktop\\ScanLoop\\dist\\v5_ScanLoop_Adm_DESKTOP-V04Q9MO\\_internal\\matplotlib\\mpl-data\\fonts\\ttf\\STIXSizFiveSymReg.ttf', index=0, name='STIXSizeFiveSym', style='normal', variant='normal', weight=400, stretch='normal', size='scalable')) = 10.05
2026-07-23 17:00:03 [DEBUG  ] matplotlib.font_manager(font_manager.py:1658): findfont: score(FontEntry(fname='C:\\Users\\Adm\\Desktop\\ScanLoop\\dist\\v5_ScanLoop_Adm_DESKTOP-V04Q9MO\\_internal\\matplotlib\\mpl-data\\fonts\\ttf\\DejaVuSansMono-Bold.ttf', index=0, name='DejaVu Sans Mono', style='normal', variant='normal', weight=700, stretch='normal', size='scalable')) = 10.335
2026-07-23 17:00:03 [DEBUG  ] matplotlib.font_manager(font_manager.py:1658): findfont: score(FontEntry(fname='C:\\Users\\Adm\\Desktop\\ScanLoop\\dist\\v5_ScanLoop_Adm_DESKTOP-V04Q9MO\\_internal\\matplotlib\\mpl-data\\fonts\\ttf\\STIXNonUniBolIta.ttf', index=0, name='STIXNonUnicode', style='italic', variant='normal', weight=700, stretch='normal', size='scalable')) = 11.335
2026-07-23 17:00:03 [DEBUG  ] matplotlib.font_manager(font_manager.py:1658): findfont: score(FontEntry(fname='C:\\Users\\Adm\\Desktop\\ScanLoop\\dist\\v5_ScanLoop_Adm_DESKTOP-V04Q9MO\\_internal\\matplotlib\\mpl-data\\fonts\\ttf\\STIXSizTwoSymReg.ttf', index=0, name='STIXSizeTwoSym', style='normal', variant='normal', weight=400, stretch='normal', size='scalable')) = 10.05
2026-07-23 17:00:03 [DEBUG  ] matplotlib.font_manager(font_manager.py:1658): findfont: score(FontEntry(fname='C:\\Users\\Adm\\Desktop\\ScanLoop\\dist\\v5_ScanLoop_Adm_DESKTOP-V04Q9MO\\_internal\\matplotlib\\mpl-data\\fonts\\ttf\\STIXGeneralBol.ttf', index=0, name='STIXGeneral', style='normal', variant='normal', weight=700, stretch='normal', size='scalable')) = 10.335
2026-07-23 17:00:03 [DEBUG  ] matplotlib.font_manager(font_manager.py:1658): findfont: score(FontEntry(fname='C:\\Users\\Adm\\Desktop\\ScanLoop\\dist\\v5_ScanLoop_Adm_DESKTOP-V04Q9MO\\_internal\\matplotlib\\mpl-data\\fonts\\ttf\\cmb10.ttf', index=0, name='cmb10', style='normal', variant='normal', weight=400, stretch='normal', size='scalable')) = 10.05
2026-07-23 17:00:03 [DEBUG  ] matplotlib.font_manager(font_manager.py:1658): findfont: score(FontEntry(fname='C:\\Users\\Adm\\Desktop\\ScanLoop\\dist\\v5_ScanLoop_Adm_DESKTOP-V04Q9MO\\_internal\\matplotlib\\mpl-data\\fonts\\ttf\\STIXSizFourSymReg.ttf', index=0, name='STIXSizeFourSym', style='normal', variant='normal', weight=400, stretch='normal', size='scalable')) = 10.05
2026-07-23 17:00:03 [DEBUG  ] matplotlib.font_manager(font_manager.py:1658): findfont: score(FontEntry(fname='C:\\Users\\Adm\\Desktop\\ScanLoop\\dist\\v5_ScanLoop_Adm_DESKTOP-V04Q9MO\\_internal\\matplotlib\\mpl-data\\fonts\\ttf\\STIXGeneralItalic.ttf', index=0, name='STIXGeneral', style='italic', variant='normal', weight=400, stretch='normal', size='scalable')) = 11.05
2026-07-23 17:00:03 [DEBUG  ] matplotlib.font_manager(font_manager.py:1658): findfont: score(FontEntry(fname='C:\\Users\\Adm\\Desktop\\ScanLoop\\dist\\v5_ScanLoop_Adm_DESKTOP-V04Q9MO\\_internal\\matplotlib\\mpl-data\\fonts\\ttf\\LastResortHE-Regular.ttf', index=0, name='Last Resort High-Efficiency', style='normal', variant='normal', weight=400, stretch='normal', size='scalable')) = 10.05
2026-07-23 17:00:03 [DEBUG  ] matplotlib.font_manager(font_manager.py:1658): findfont: score(FontEntry(fname='C:\\Users\\Adm\\Desktop\\ScanLoop\\dist\\v5_ScanLoop_Adm_DESKTOP-V04Q9MO\\_internal\\matplotlib\\mpl-data\\fonts\\ttf\\DejaVuSans.ttf', index=0, name='DejaVu Sans', style='normal', variant='normal', weight=400, stretch='normal', size='scalable')) = 0.05
2026-07-23 17:00:03 [DEBUG  ] matplotlib.font_manager(font_manager.py:1658): findfont: score(FontEntry(fname='C:\\Users\\Adm\\Desktop\\ScanLoop\\dist\\v5_ScanLoop_Adm_DESKTOP-V04Q9MO\\_internal\\matplotlib\\mpl-data\\fonts\\ttf\\DejaVuSansDisplay.ttf', index=0, name='DejaVu Sans Display', style='normal', variant='normal', weight=400, stretch='normal', size='scalable')) = 10.05
2026-07-23 17:00:03 [DEBUG  ] matplotlib.font_manager(font_manager.py:1658): findfont: score(FontEntry(fname='C:\\Users\\Adm\\Desktop\\ScanLoop\\dist\\v5_ScanLoop_Adm_DESKTOP-V04Q9MO\\_internal\\matplotlib\\mpl-data\\fonts\\ttf\\DejaVuSerif.ttf', index=0, name='DejaVu Serif', style='normal', variant='normal', weight=400, stretch='normal', size='scalable')) = 10.05
2026-07-23 17:00:03 [DEBUG  ] matplotlib.font_manager(font_manager.py:1658): findfont: score(FontEntry(fname='C:\\Users\\Adm\\Desktop\\ScanLoop\\dist\\v5_ScanLoop_Adm_DESKTOP-V04Q9MO\\_internal\\matplotlib\\mpl-data\\fonts\\ttf\\cmtt10.ttf', index=0, name='cmtt10', style='normal', variant='normal', weight=400, stretch='normal', size='scalable')) = 10.05
2026-07-23 17:00:03 [DEBUG  ] matplotlib.font_manager(font_manager.py:1658): findfont: score(FontEntry(fname='C:\\Users\\Adm\\Desktop\\ScanLoop\\dist\\v5_ScanLoop_Adm_DESKTOP-V04Q9MO\\_internal\\matplotlib\\mpl-data\\fonts\\ttf\\STIXSizThreeSymBol.ttf', index=0, name='STIXSizeThreeSym', style='normal', variant='normal', weight=700, stretch='normal', size='scalable')) = 10.335
2026-07-23 17:00:03 [DEBUG  ] matplotlib.font_manager(font_manager.py:1658): findfont: score(FontEntry(fname='C:\\Users\\Adm\\Desktop\\ScanLoop\\dist\\v5_ScanLoop_Adm_DESKTOP-V04Q9MO\\_internal\\matplotlib\\mpl-data\\fonts\\ttf\\DejaVuSerif-BoldItalic.ttf', index=0, name='DejaVu Serif', style='italic', variant='normal', weight=700, stretch='normal', size='scalable')) = 11.335
2026-07-23 17:00:03 [DEBUG  ] matplotlib.font_manager(font_manager.py:1658): findfont: score(FontEntry(fname='C:\\Users\\Adm\\Desktop\\ScanLoop\\dist\\v5_ScanLoop_Adm_DESKTOP-V04Q9MO\\_internal\\matplotlib\\mpl-data\\fonts\\ttf\\DejaVuSans-Oblique.ttf', index=0, name='DejaVu Sans', style='oblique', variant='normal', weight=400, stretch='normal', size='scalable')) = 1.05
2026-07-23 17:00:03 [DEBUG  ] matplotlib.font_manager(font_manager.py:1658): findfont: score(FontEntry(fname='C:\\Users\\Adm\\Desktop\\ScanLoop\\dist\\v5_ScanLoop_Adm_DESKTOP-V04Q9MO\\_internal\\matplotlib\\mpl-data\\fonts\\ttf\\STIXNonUni.ttf', index=0, name='STIXNonUnicode', style='normal', variant='normal', weight=400, stretch='normal', size='scalable')) = 10.05
2026-07-23 17:00:03 [DEBUG  ] matplotlib.font_manager(font_manager.py:1658): findfont: score(FontEntry(fname='C:\\Users\\Adm\\Desktop\\ScanLoop\\dist\\v5_ScanLoop_Adm_DESKTOP-V04Q9MO\\_internal\\matplotlib\\mpl-data\\fonts\\ttf\\cmsy10.ttf', index=0, name='cmsy10', style='normal', variant='normal', weight=400, stretch='normal', size='scalable')) = 10.05
2026-07-23 17:00:03 [DEBUG  ] matplotlib.font_manager(font_manager.py:1658): findfont: score(FontEntry(fname='C:\\Users\\Adm\\Desktop\\ScanLoop\\dist\\v5_ScanLoop_Adm_DESKTOP-V04Q9MO\\_internal\\matplotlib\\mpl-data\\fonts\\ttf\\STIXSizThreeSymReg.ttf', index=0, name='STIXSizeThreeSym', style='normal', variant='normal', weight=400, stretch='normal', size='scalable')) = 10.05
2026-07-23 17:00:03 [DEBUG  ] matplotlib.font_manager(font_manager.py:1658): findfont: score(FontEntry(fname='C:\\Users\\Adm\\Desktop\\ScanLoop\\dist\\v5_ScanLoop_Adm_DESKTOP-V04Q9MO\\_internal\\matplotlib\\mpl-data\\fonts\\ttf\\STIXGeneral.ttf', index=0, name='STIXGeneral', style='normal', variant='normal', weight=400, stretch='normal', size='scalable')) = 10.05
2026-07-23 17:00:03 [DEBUG  ] matplotlib.font_manager(font_manager.py:1658): findfont: score(FontEntry(fname='C:\\Users\\Adm\\Desktop\\ScanLoop\\dist\\v5_ScanLoop_Adm_DESKTOP-V04Q9MO\\_internal\\matplotlib\\mpl-data\\fonts\\ttf\\STIXSizFourSymBol.ttf', index=0, name='STIXSizeFourSym', style='normal', variant='normal', weight=700, stretch='normal', size='scalable')) = 10.335
2026-07-23 17:00:03 [DEBUG  ] matplotlib.font_manager(font_manager.py:1658): findfont: score(FontEntry(fname='C:\\Users\\Adm\\Desktop\\ScanLoop\\dist\\v5_ScanLoop_Adm_DESKTOP-V04Q9MO\\_internal\\matplotlib\\mpl-data\\fonts\\ttf\\cmmi10.ttf', index=0, name='cmmi10', style='normal', variant='normal', weight=400, stretch='normal', size='scalable')) = 10.05
2026-07-23 17:00:03 [DEBUG  ] matplotlib.font_manager(font_manager.py:1658): findfont: score(FontEntry(fname='C:\\Users\\Adm\\Desktop\\ScanLoop\\dist\\v5_ScanLoop_Adm_DESKTOP-V04Q9MO\\_internal\\matplotlib\\mpl-data\\fonts\\ttf\\DejaVuSansMono.ttf', index=0, name='DejaVu Sans Mono', style='normal', variant='normal', weight=400, stretch='normal', size='scalable')) = 10.05
2026-07-23 17:00:03 [DEBUG  ] matplotlib.font_manager(font_manager.py:1658): findfont: score(FontEntry(fname='C:\\Users\\Adm\\Desktop\\ScanLoop\\dist\\v5_ScanLoop_Adm_DESKTOP-V04Q9MO\\_internal\\matplotlib\\mpl-data\\fonts\\ttf\\STIXNonUniBol.ttf', index=0, name='STIXNonUnicode', style='normal', variant='normal', weight=700, stretch='normal', size='scalable')) = 10.335
2026-07-23 17:00:03 [DEBUG  ] matplotlib.font_manager(font_manager.py:1658): findfont: score(FontEntry(fname='C:\\Users\\Adm\\Desktop\\ScanLoop\\dist\\v5_ScanLoop_Adm_DESKTOP-V04Q9MO\\_internal\\matplotlib\\mpl-data\\fonts\\ttf\\STIXNonUniIta.ttf', index=0, name='STIXNonUnicode', style='italic', variant='normal', weight=400, stretch='normal', size='scalable')) = 11.05
2026-07-23 17:00:03 [DEBUG  ] matplotlib.font_manager(font_manager.py:1658): findfont: score(FontEntry(fname='C:\\Users\\Adm\\Desktop\\ScanLoop\\dist\\v5_ScanLoop_Adm_DESKTOP-V04Q9MO\\_internal\\matplotlib\\mpl-data\\fonts\\ttf\\DejaVuSansMono-Oblique.ttf', index=0, name='DejaVu Sans Mono', style='oblique', variant='normal', weight=400, stretch='normal', size='scalable')) = 11.05
2026-07-23 17:00:03 [DEBUG  ] matplotlib.font_manager(font_manager.py:1658): findfont: score(FontEntry(fname='C:\\Users\\Adm\\Desktop\\ScanLoop\\dist\\v5_ScanLoop_Adm_DESKTOP-V04Q9MO\\_internal\\matplotlib\\mpl-data\\fonts\\ttf\\cmr10.ttf', index=0, name='cmr10', style='normal', variant='normal', weight=400, stretch='normal', size='scalable')) = 10.05
2026-07-23 17:00:03 [DEBUG  ] matplotlib.font_manager(font_manager.py:1658): findfont: score(FontEntry(fname='C:\\Users\\Adm\\Desktop\\ScanLoop\\dist\\v5_ScanLoop_Adm_DESKTOP-V04Q9MO\\_internal\\matplotlib\\mpl-data\\fonts\\ttf\\DejaVuSansMono-BoldOblique.ttf', index=0, name='DejaVu Sans Mono', style='oblique', variant='normal', weight=700, stretch='normal', size='scalable')) = 11.335
2026-07-23 17:00:03 [DEBUG  ] matplotlib.font_manager(font_manager.py:1658): findfont: score(FontEntry(fname='C:\\Users\\Adm\\Desktop\\ScanLoop\\dist\\v5_ScanLoop_Adm_DESKTOP-V04Q9MO\\_internal\\matplotlib\\mpl-data\\fonts\\ttf\\DejaVuSans-BoldOblique.ttf', index=0, name='DejaVu Sans', style='oblique', variant='normal', weight=700, stretch='normal', size='scalable')) = 1.335
2026-07-23 17:00:03 [DEBUG  ] matplotlib.font_manager(font_manager.py:1658): findfont: score(FontEntry(fname='C:\\Windows\\Fonts\\cambriaz.ttf', index=0, name='Cambria', style='italic', variant='normal', weight=700, stretch='normal', size='scalable')) = 11.335
2026-07-23 17:00:03 [DEBUG  ] matplotlib.font_manager(font_manager.py:1658): findfont: score(FontEntry(fname='C:\\Windows\\Fonts\\corbelz.ttf', index=0, name='Corbel', style='italic', variant='normal', weight=700, stretch='normal', size='scalable')) = 11.335
2026-07-23 17:00:03 [DEBUG  ] matplotlib.font_manager(font_manager.py:1658): findfont: score(FontEntry(fname='C:\\Windows\\Fonts\\courbd.ttf', index=0, name='Courier New', style='normal', variant='normal', weight=700, stretch='normal', size='scalable')) = 10.335
2026-07-23 17:00:03 [DEBUG  ] matplotlib.font_manager(font_manager.py:1658): findfont: score(FontEntry(fname='C:\\Windows\\Fonts\\ntailu.ttf', index=0, name='Microsoft New Tai Lue', style='normal', variant='normal', weight=400, stretch='normal', size='scalable')) = 10.05
2026-07-23 17:00:03 [DEBUG  ] matplotlib.font_manager(font_manager.py:1658): findfont: score(FontEntry(fname='C:\\Windows\\Fonts\\palabi.ttf', index=0, name='Palatino Linotype', style='italic', variant='normal', weight=700, stretch='normal', size='scalable')) = 11.335
2026-07-23 17:00:03 [DEBUG  ] matplotlib.font_manager(font_manager.py:1658): findfont: score(FontEntry(fname='C:\\Windows\\Fonts\\tahomabd.ttf', index=0, name='Tahoma', style='normal', variant='normal', weight=700, stretch='normal', size='scalable')) = 10.335
2026-07-23 17:00:03 [DEBUG  ] matplotlib.font_manager(font_manager.py:1658): findfont: score(FontEntry(fname='C:\\Windows\\Fonts\\LCDGRID.TTF', index=0, name='LCD Display Grid', style='normal', variant='normal', weight=400, stretch='normal', size='scalable')) = 10.05
2026-07-23 17:00:03 [DEBUG  ] matplotlib.font_manager(font_manager.py:1658): findfont: score(FontEntry(fname='C:\\Windows\\Fonts\\Candarai.ttf', index=0, name='Candara', style='italic', variant='normal', weight=400, stretch='normal', size='scalable')) = 11.05
2026-07-23 17:00:03 [DEBUG  ] matplotlib.font_manager(font_manager.py:1658): findfont: score(FontEntry(fname='C:\\Windows\\Fonts\\constanz.ttf', index=0, name='Constantia', style='italic', variant='normal', weight=700, stretch='normal', size='scalable')) = 11.335
2026-07-23 17:00:03 [DEBUG  ] matplotlib.font_manager(font_manager.py:1658): findfont: score(FontEntry(fname='C:\\Windows\\Fonts\\mmrtextb.ttf', index=0, name='Myanmar Text', style='normal', variant='normal', weight=700, stretch='normal', size='scalable')) = 10.335
2026-07-23 17:00:03 [DEBUG  ] matplotlib.font_manager(font_manager.py:1658): findfont: score(FontEntry(fname='C:\\Windows\\Fonts\\georgia.ttf', index=0, name='Georgia', style='normal', variant='normal', weight=400, stretch='normal', size='scalable')) = 10.05
2026-07-23 17:00:03 [DEBUG  ] matplotlib.font_manager(font_manager.py:1658): findfont: score(FontEntry(fname='C:\\Windows\\Fonts\\segoeprb.ttf', index=0, name='Segoe Print', style='normal', variant='normal', weight=700, stretch='normal', size='scalable')) = 10.335
2026-07-23 17:00:03 [DEBUG  ] matplotlib.font_manager(font_manager.py:1658): findfont: score(FontEntry(fname='C:\\Windows\\Fonts\\monbaiti.ttf', index=0, name='Mongolian Baiti', style='normal', variant='normal', weight=400, stretch='normal', size='scalable')) = 10.05
2026-07-23 17:00:03 [DEBUG  ] matplotlib.font_manager(font_manager.py:1658): findfont: score(FontEntry(fname='C:\\Users\\Adm\\AppData\\Local\\Microsoft\\Windows\\Fonts\\fontawesome5-brands-webfont.ttf', index=0, name='Font Awesome 5 Brands', style='normal', variant='normal', weight=400, stretch='normal', size='scalable')) = 10.05
2026-07-23 17:00:03 [DEBUG  ] matplotlib.font_manager(font_manager.py:1658): findfont: score(FontEntry(fname='C:\\Users\\Adm\\AppData\\Local\\Microsoft\\Windows\\Fonts\\fontawesome5-brands-webfont.ttf', index=0, name='Font Awesome 5 Brands Regular', style='normal', variant='normal', weight=400, stretch='normal', size='scalable')) = 10.05
2026-07-23 17:00:03 [DEBUG  ] matplotlib.font_manager(font_manager.py:1658): findfont: score(FontEntry(fname='C:\\Windows\\Fonts\\framd.ttf', index=0, name='Franklin Gothic Medium', style='normal', variant='normal', weight=400, stretch='normal', size='scalable')) = 10.05
2026-07-23 17:00:03 [DEBUG  ] matplotlib.font_manager(font_manager.py:1658): findfont: score(FontEntry(fname='C:\\Windows\\Fonts\\SitkaZ.ttc', index=0, name='Sitka Small', style='italic', variant='normal', weight=700, stretch='normal', size='scalable')) = 11.335
2026-07-23 17:00:03 [DEBUG  ] matplotlib.font_manager(font_manager.py:1658): findfont: score(FontEntry(fname='C:\\Windows\\Fonts\\SitkaZ.ttc', index=0, name='Sitka', style='italic', variant='normal', weight=700, stretch='normal', size='scalable')) = 11.335
2026-07-23 17:00:03 [DEBUG  ] matplotlib.font_manager(font_manager.py:1658): findfont: score(FontEntry(fname='C:\\Windows\\Fonts\\SitkaZ.ttc', index=1, name='Sitka Text', style='italic', variant='normal', weight=700, stretch='normal', size='scalable')) = 11.335
2026-07-23 17:00:03 [DEBUG  ] matplotlib.font_manager(font_manager.py:1658): findfont: score(FontEntry(fname='C:\\Windows\\Fonts\\SitkaZ.ttc', index=1, name='Sitka', style='italic', variant='normal', weight=700, stretch='normal', size='scalable')) = 11.335
2026-07-23 17:00:03 [DEBUG  ] matplotlib.font_manager(font_manager.py:1658): findfont: score(FontEntry(fname='C:\\Windows\\Fonts\\SitkaZ.ttc', index=2, name='Sitka Subheading', style='italic', variant='normal', weight=700, stretch='normal', size='scalable')) = 11.335
2026-07-23 17:00:03 [DEBUG  ] matplotlib.font_manager(font_manager.py:1658): findfont: score(FontEntry(fname='C:\\Windows\\Fonts\\SitkaZ.ttc', index=2, name='Sitka', style='italic', variant='normal', weight=700, stretch='normal', size='scalable')) = 11.335
2026-07-23 17:00:03 [DEBUG  ] matplotlib.font_manager(font_manager.py:1658): findfont: score(FontEntry(fname='C:\\Windows\\Fonts\\SitkaZ.ttc', index=3, name='Sitka Heading', style='italic', variant='normal', weight=700, stretch='normal', size='scalable')) = 11.335
2026-07-23 17:00:03 [DEBUG  ] matplotlib.font_manager(font_manager.py:1658): findfont: score(FontEntry(fname='C:\\Windows\\Fonts\\SitkaZ.ttc', index=3, name='Sitka', style='italic', variant='normal', weight=700, stretch='normal', size='scalable')) = 11.335
2026-07-23 17:00:03 [DEBUG  ] matplotlib.font_manager(font_manager.py:1658): findfont: score(FontEntry(fname='C:\\Windows\\Fonts\\SitkaZ.ttc', index=4, name='Sitka Display', style='italic', variant='normal', weight=700, stretch='normal', size='scalable')) = 11.335
2026-07-23 17:00:03 [DEBUG  ] matplotlib.font_manager(font_manager.py:1658): findfont: score(FontEntry(fname='C:\\Windows\\Fonts\\SitkaZ.ttc', index=4, name='Sitka', style='italic', variant='normal', weight=700, stretch='normal', size='scalable')) = 11.335
2026-07-23 17:00:03 [DEBUG  ] matplotlib.font_manager(font_manager.py:1658): findfont: score(FontEntry(fname='C:\\Windows\\Fonts\\SitkaZ.ttc', index=5, name='Sitka Banner', style='italic', variant='normal', weight=700, stretch='normal', size='scalable')) = 11.335
2026-07-23 17:00:03 [DEBUG  ] matplotlib.font_manager(font_manager.py:1658): findfont: score(FontEntry(fname='C:\\Windows\\Fonts\\SitkaZ.ttc', index=5, name='Sitka', style='italic', variant='normal', weight=700, stretch='normal', size='scalable')) = 11.335
2026-07-23 17:00:03 [DEBUG  ] matplotlib.font_manager(font_manager.py:1658): findfont: score(FontEntry(fname='C:\\Users\\Adm\\AppData\\Local\\Microsoft\\Windows\\Fonts\\materialdesignicons5-webfont.ttf', index=0, name='Material Design Icons 5.9.55', style='normal', variant='normal', weight=400, stretch='normal', size='scalable')) = 10.05
2026-07-23 17:00:03 [DEBUG  ] matplotlib.font_manager(font_manager.py:1658): findfont: score(FontEntry(fname='C:\\Windows\\Fonts\\Nirmala.ttf', index=0, name='Nirmala UI', style='normal', variant='normal', weight=400, stretch='normal', size='scalable')) = 10.05
2026-07-23 17:00:03 [DEBUG  ] matplotlib.font_manager(font_manager.py:1658): findfont: score(FontEntry(fname='C:\\Windows\\Fonts\\YuGothB.ttc', index=0, name='Yu Gothic', style='normal', variant='normal', weight=700, stretch='normal', size='scalable')) = 10.335
2026-07-23 17:00:03 [DEBUG  ] matplotlib.font_manager(font_manager.py:1658): findfont: score(FontEntry(fname='C:\\Windows\\Fonts\\YuGothB.ttc', index=1, name='Yu Gothic UI', style='normal', variant='normal', weight=700, stretch='normal', size='scalable')) = 10.335
2026-07-23 17:00:03 [DEBUG  ] matplotlib.font_manager(font_manager.py:1658): findfont: score(FontEntry(fname='C:\\Windows\\Fonts\\YuGothB.ttc', index=2, name='Yu Gothic UI', style='normal', variant='normal', weight=600, stretch='normal', size='scalable')) = 10.24
2026-07-23 17:00:03 [DEBUG  ] matplotlib.font_manager(font_manager.py:1658): findfont: score(FontEntry(fname='C:\\Windows\\Fonts\\YuGothB.ttc', index=2, name='Yu Gothic UI Semibold', style='normal', variant='normal', weight=400, stretch='normal', size='scalable')) = 10.05
2026-07-23 17:00:03 [DEBUG  ] matplotlib.font_manager(font_manager.py:1658): findfont: score(FontEntry(fname='C:\\Windows\\Fonts\\consolai.ttf', index=0, name='Consolas', style='italic', variant='normal', weight=400, stretch='normal', size='scalable')) = 11.05
2026-07-23 17:00:03 [DEBUG  ] matplotlib.font_manager(font_manager.py:1658): findfont: score(FontEntry(fname='C:\\Users\\Adm\\AppData\\Local\\Microsoft\\Windows\\Fonts\\codicon.ttf', index=0, name='codicon', style='normal', variant='normal', weight=400, stretch='normal', size='scalable')) = 10.05
2026-07-23 17:00:03 [DEBUG  ] matplotlib.font_manager(font_manager.py:1658): findfont: score(FontEntry(fname='C:\\Windows\\Fonts\\holomdl2.ttf', index=0, name='HoloLens MDL2 Assets', style='normal', variant='normal', weight=400, stretch='normal', size='scalable')) = 10.05
2026-07-23 17:00:03 [DEBUG  ] matplotlib.font_manager(font_manager.py:1658): findfont: score(FontEntry(fname='C:\\Windows\\Fonts\\msyhl.ttc', index=0, name='Microsoft YaHei', style='normal', variant='normal', weight=290, stretch='normal', size='scalable')) = 10.1545
2026-07-23 17:00:03 [DEBUG  ] matplotlib.font_manager(font_manager.py:1658): findfont: score(FontEntry(fname='C:\\Windows\\Fonts\\msyhl.ttc', index=0, name='Microsoft YaHei Light', style='normal', variant='normal', weight=400, stretch='normal', size='scalable')) = 10.05
2026-07-23 17:00:03 [DEBUG  ] matplotlib.font_manager(font_manager.py:1658): findfont: score(FontEntry(fname='C:\\Windows\\Fonts\\msyhl.ttc', index=1, name='Microsoft YaHei UI', style='normal', variant='normal', weight=290, stretch='normal', size='scalable')) = 10.1545
2026-07-23 17:00:03 [DEBUG  ] matplotlib.font_manager(font_manager.py:1658): findfont: score(FontEntry(fname='C:\\Windows\\Fonts\\msyhl.ttc', index=1, name='Microsoft YaHei UI Light', style='normal', variant='normal', weight=400, stretch='normal', size='scalable')) = 10.05
2026-07-23 17:00:03 [DEBUG  ] matplotlib.font_manager(font_manager.py:1658): findfont: score(FontEntry(fname='C:\\Windows\\Fonts\\lcdn.TTF', index=0, name='LcdD', style='normal', variant='normal', weight=400, stretch='normal', size='scalable')) = 10.05
2026-07-23 17:00:03 [DEBUG  ] matplotlib.font_manager(font_manager.py:1658): findfont: score(FontEntry(fname='C:\\Windows\\Fonts\\segoeuii.ttf', index=0, name='Segoe UI', style='italic', variant='normal', weight=400, stretch='normal', size='scalable')) = 11.05
2026-07-23 17:00:03 [DEBUG  ] matplotlib.font_manager(font_manager.py:1658): findfont: score(FontEntry(fname='C:\\Windows\\Fonts\\simsunb.ttf', index=0, name='SimSun-ExtB', style='normal', variant='normal', weight=400, stretch='normal', size='scalable')) = 10.05
2026-07-23 17:00:03 [DEBUG  ] matplotlib.font_manager(font_manager.py:1658): findfont: score(FontEntry(fname='C:\\Windows\\Fonts\\taileb.ttf', index=0, name='Microsoft Tai Le', style='normal', variant='normal', weight=700, stretch='normal', size='scalable')) = 10.335
2026-07-23 17:00:03 [DEBUG  ] matplotlib.font_manager(font_manager.py:1658): findfont: score(FontEntry(fname='C:\\Windows\\Fonts\\mvboli.ttf', index=0, name='MV Boli', style='normal', variant='normal', weight=400, stretch='normal', size='scalable')) = 10.05
2026-07-23 17:00:03 [DEBUG  ] matplotlib.font_manager(font_manager.py:1658): findfont: score(FontEntry(fname='C:\\Windows\\Fonts\\TSPECIAL1.TTF', index=0, name='Tera Special', style='normal', variant='normal', weight=400, stretch='normal', size='scalable')) = 10.05
2026-07-23 17:00:03 [DEBUG  ] matplotlib.font_manager(font_manager.py:1658): findfont: score(FontEntry(fname='C:\\Windows\\Fonts\\calibriz.ttf', index=0, name='Calibri', style='italic', variant='normal', weight=700, stretch='normal', size='scalable')) = 11.335
2026-07-23 17:00:03 [DEBUG  ] matplotlib.font_manager(font_manager.py:1658): findfont: score(FontEntry(fname='C:\\Windows\\Fonts\\cambriab.ttf', index=0, name='Cambria', style='normal', variant='normal', weight=700, stretch='normal', size='scalable')) = 10.335
2026-07-23 17:00:03 [DEBUG  ] matplotlib.font_manager(font_manager.py:1658): findfont: score(FontEntry(fname='C:\\Windows\\Fonts\\lucon.ttf', index=0, name='Lucida Console', style='normal', variant='normal', weight=400, stretch='normal', size='scalable')) = 10.05
2026-07-23 17:00:03 [DEBUG  ] matplotlib.font_manager(font_manager.py:1658): findfont: score(FontEntry(fname='C:\\Windows\\Fonts\\segmdl2.ttf', index=0, name='Segoe MDL2 Assets', style='normal', variant='normal', weight=400, stretch='normal', size='scalable')) = 10.05
2026-07-23 17:00:03 [DEBUG  ] matplotlib.font_manager(font_manager.py:1658): findfont: score(FontEntry(fname='C:\\Windows\\Fonts\\taile.ttf', index=0, name='Microsoft Tai Le', style='normal', variant='normal', weight=400, stretch='normal', size='scalable')) = 10.05
2026-07-23 17:00:03 [DEBUG  ] matplotlib.font_manager(font_manager.py:1658): findfont: score(FontEntry(fname='C:\\Windows\\Fonts\\timesi.ttf', index=0, name='Times New Roman', style='italic', variant='normal', weight=400, stretch='normal', size='scalable')) = 11.05
2026-07-23 17:00:03 [DEBUG  ] matplotlib.font_manager(font_manager.py:1658): findfont: score(FontEntry(fname='C:\\Windows\\Fonts\\trebucbi.ttf', index=0, name='Trebuchet MS', style='italic', variant='normal', weight=700, stretch='normal', size='scalable')) = 11.335
2026-07-23 17:00:03 [DEBUG  ] matplotlib.font_manager(font_manager.py:1658): findfont: score(FontEntry(fname='C:\\Windows\\Fonts\\arialbd.ttf', index=0, name='Arial', style='normal', variant='normal', weight=700, stretch='normal', size='scalable')) = 6.698636363636363
2026-07-23 17:00:03 [DEBUG  ] matplotlib.font_manager(font_manager.py:1658): findfont: score(FontEntry(fname='C:\\Windows\\Fonts\\malgun.ttf', index=0, name='Malgun Gothic', style='normal', variant='normal', weight=400, stretch='normal', size='scalable')) = 10.05
2026-07-23 17:00:03 [DEBUG  ] matplotlib.font_manager(font_manager.py:1658): findfont: score(FontEntry(fname='C:\\Windows\\Fonts\\arialbi.ttf', index=0, name='Arial', style='italic', variant='normal', weight=700, stretch='normal', size='scalable')) = 7.698636363636363
2026-07-23 17:00:03 [DEBUG  ] matplotlib.font_manager(font_manager.py:1658): findfont: score(FontEntry(fname='C:\\Windows\\Fonts\\seguisb.ttf', index=0, name='Segoe UI', style='normal', variant='normal', weight=600, stretch='normal', size='scalable')) = 10.24
2026-07-23 17:00:03 [DEBUG  ] matplotlib.font_manager(font_manager.py:1658): findfont: score(FontEntry(fname='C:\\Windows\\Fonts\\seguisb.ttf', index=0, name='Segoe UI Semibold', style='normal', variant='normal', weight=400, stretch='normal', size='scalable')) = 10.05
2026-07-23 17:00:03 [DEBUG  ] matplotlib.font_manager(font_manager.py:1658): findfont: score(FontEntry(fname='C:\\Windows\\Fonts\\malgunsl.ttf', index=0, name='Malgun Gothic', style='normal', variant='normal', weight=300, stretch='normal', size='scalable')) = 10.145
2026-07-23 17:00:03 [DEBUG  ] matplotlib.font_manager(font_manager.py:1658): findfont: score(FontEntry(fname='C:\\Windows\\Fonts\\malgunsl.ttf', index=0, name='Malgun Gothic Semilight', style='normal', variant='normal', weight=400, stretch='normal', size='scalable')) = 10.05
2026-07-23 17:00:03 [DEBUG  ] matplotlib.font_manager(font_manager.py:1658): findfont: score(FontEntry(fname='C:\\Windows\\Fonts\\verdanab.ttf', index=0, name='Verdana', style='normal', variant='normal', weight=700, stretch='normal', size='scalable')) = 3.9713636363636367
2026-07-23 17:00:03 [DEBUG  ] matplotlib.font_manager(font_manager.py:1658): findfont: score(FontEntry(fname='C:\\Windows\\Fonts\\SimsunExtG.ttf', index=0, name='SimSun-ExtG', style='normal', variant='normal', weight=400, stretch='normal', size='scalable')) = 10.05
2026-07-23 17:00:03 [DEBUG  ] matplotlib.font_manager(font_manager.py:1658): findfont: score(FontEntry(fname='C:\\Windows\\Fonts\\liquidcrystal.ttf', index=0, name='LiquidCrystal', style='normal', variant='normal', weight=400, stretch='normal', size='scalable')) = 10.05
2026-07-23 17:00:03 [DEBUG  ] matplotlib.font_manager(font_manager.py:1658): findfont: score(FontEntry(fname='C:\\Windows\\Fonts\\consolaz.ttf', index=0, name='Consolas', style='italic', variant='normal', weight=700, stretch='normal', size='scalable')) = 11.335
2026-07-23 17:00:03 [DEBUG  ] matplotlib.font_manager(font_manager.py:1658): findfont: score(FontEntry(fname='C:\\Windows\\Fonts\\couri.ttf', index=0, name='Courier New', style='italic', variant='normal', weight=400, stretch='normal', size='scalable')) = 11.05
2026-07-23 17:00:03 [DEBUG  ] matplotlib.font_manager(font_manager.py:1658): findfont: score(FontEntry(fname='C:\\Windows\\Fonts\\tahoma.ttf', index=0, name='Tahoma', style='normal', variant='normal', weight=400, stretch='normal', size='scalable')) = 10.05
2026-07-23 17:00:03 [DEBUG  ] matplotlib.font_manager(font_manager.py:1658): findfont: score(FontEntry(fname='C:\\Windows\\Fonts\\calibri.ttf', index=0, name='Calibri', style='normal', variant='normal', weight=400, stretch='normal', size='scalable')) = 10.05
2026-07-23 17:00:03 [DEBUG  ] matplotlib.font_manager(font_manager.py:1658): findfont: score(FontEntry(fname='C:\\Users\\Adm\\AppData\\Local\\Microsoft\\Windows\\Fonts\\materialdesignicons6-webfont.ttf', index=0, name='Material Design Icons', style='normal', variant='normal', weight=400, stretch='normal', size='scalable')) = 10.05
2026-07-23 17:00:03 [DEBUG  ] matplotlib.font_manager(font_manager.py:1658): findfont: score(FontEntry(fname='C:\\Windows\\Fonts\\symbol.ttf', index=0, name='Symbol', style='normal', variant='normal', weight=400, stretch='normal', size='scalable')) = 10.05
2026-07-23 17:00:03 [DEBUG  ] matplotlib.font_manager(font_manager.py:1658): findfont: score(FontEntry(fname='C:\\Windows\\Fonts\\Candaral.ttf', index=0, name='Candara', style='normal', variant='normal', weight=400, stretch='normal', size='scalable')) = 10.05
2026-07-23 17:00:03 [DEBUG  ] matplotlib.font_manager(font_manager.py:1658): findfont: score(FontEntry(fname='C:\\Windows\\Fonts\\Candaral.ttf', index=0, name='Candara Light', style='normal', variant='normal', weight=400, stretch='normal', size='scalable')) = 10.05
2026-07-23 17:00:03 [DEBUG  ] matplotlib.font_manager(font_manager.py:1658): findfont: score(FontEntry(fname='C:\\Windows\\Fonts\\ariblk.ttf', index=0, name='Arial', style='normal', variant='normal', weight=900, stretch='normal', size='scalable')) = 6.888636363636364
2026-07-23 17:00:03 [DEBUG  ] matplotlib.font_manager(font_manager.py:1658): findfont: score(FontEntry(fname='C:\\Windows\\Fonts\\ariblk.ttf', index=0, name='Arial Black', style='normal', variant='normal', weight=400, stretch='normal', size='scalable')) = 10.05
2026-07-23 17:00:03 [DEBUG  ] matplotlib.font_manager(font_manager.py:1658): findfont: score(FontEntry(fname='C:\\Windows\\Fonts\\bahnschrift.ttf', index=0, name='Bahnschrift', style='normal', variant='normal', weight=400, stretch='normal', size='scalable')) = 10.05
2026-07-23 17:00:03 [DEBUG  ] matplotlib.font_manager(font_manager.py:1658): findfont: score(FontEntry(fname='C:\\Windows\\Fonts\\verdana.ttf', index=0, name='Verdana', style='normal', variant='normal', weight=400, stretch='normal', size='scalable')) = 3.6863636363636365
2026-07-23 17:00:03 [DEBUG  ] matplotlib.font_manager(font_manager.py:1658): findfont: score(FontEntry(fname='C:\\Windows\\Fonts\\cambria.ttc', index=0, name='Cambria', style='normal', variant='normal', weight=400, stretch='normal', size='scalable')) = 10.05
2026-07-23 17:00:03 [DEBUG  ] matplotlib.font_manager(font_manager.py:1658): findfont: score(FontEntry(fname='C:\\Windows\\Fonts\\cambria.ttc', index=1, name='Cambria Math', style='normal', variant='normal', weight=400, stretch='normal', size='scalable')) = 10.05
2026-07-23 17:00:03 [DEBUG  ] matplotlib.font_manager(font_manager.py:1658): findfont: score(FontEntry(fname='C:\\Windows\\Fonts\\malgunbd.ttf', index=0, name='Malgun Gothic', style='normal', variant='normal', weight=700, stretch='normal', size='scalable')) = 10.335
2026-07-23 17:00:03 [DEBUG  ] matplotlib.font_manager(font_manager.py:1658): findfont: score(FontEntry(fname='C:\\Windows\\Fonts\\ebrima.ttf', index=0, name='Ebrima', style='normal', variant='normal', weight=400, stretch='normal', size='scalable')) = 10.05
2026-07-23 17:00:03 [DEBUG  ] matplotlib.font_manager(font_manager.py:1658): findfont: score(FontEntry(fname='C:\\Windows\\Fonts\\phagspab.ttf', index=0, name='Microsoft PhagsPa', style='normal', variant='normal', weight=700, stretch='normal', size='scalable')) = 10.335
2026-07-23 17:00:03 [DEBUG  ] matplotlib.font_manager(font_manager.py:1658): findfont: score(FontEntry(fname='C:\\Windows\\Fonts\\NirmalaS.ttf', index=0, name='Nirmala UI', style='normal', variant='normal', weight=350, stretch='normal', size='scalable')) = 10.0975
2026-07-23 17:00:03 [DEBUG  ] matplotlib.font_manager(font_manager.py:1658): findfont: score(FontEntry(fname='C:\\Windows\\Fonts\\NirmalaS.ttf', index=0, name='Nirmala UI Semilight', style='normal', variant='normal', weight=400, stretch='normal', size='scalable')) = 10.05
2026-07-23 17:00:03 [DEBUG  ] matplotlib.font_manager(font_manager.py:1658): findfont: score(FontEntry(fname='C:\\Windows\\Fonts\\comicbd.ttf', index=0, name='Comic Sans MS', style='normal', variant='normal', weight=700, stretch='normal', size='scalable')) = 10.335
2026-07-23 17:00:03 [DEBUG  ] matplotlib.font_manager(font_manager.py:1658): findfont: score(FontEntry(fname='C:\\Windows\\Fonts\\Candarali.ttf', index=0, name='Candara', style='italic', variant='normal', weight=400, stretch='normal', size='scalable')) = 11.05
2026-07-23 17:00:03 [DEBUG  ] matplotlib.font_manager(font_manager.py:1658): findfont: score(FontEntry(fname='C:\\Windows\\Fonts\\Candarali.ttf', index=0, name='Candara Light', style='italic', variant='normal', weight=400, stretch='normal', size='scalable')) = 11.05
2026-07-23 17:00:03 [DEBUG  ] matplotlib.font_manager(font_manager.py:1658): findfont: score(FontEntry(fname='C:\\Windows\\Fonts\\ebrimabd.ttf', index=0, name='Ebrima', style='normal', variant='normal', weight=700, stretch='normal', size='scalable')) = 10.335
2026-07-23 17:00:03 [DEBUG  ] matplotlib.font_manager(font_manager.py:1658): findfont: score(FontEntry(fname='C:\\Windows\\Fonts\\framdit.ttf', index=0, name='Franklin Gothic Medium', style='italic', variant='normal', weight=400, stretch='normal', size='scalable')) = 11.05
2026-07-23 17:00:03 [DEBUG  ] matplotlib.font_manager(font_manager.py:1658): findfont: score(FontEntry(fname='C:\\Windows\\Fonts\\sylfaen.ttf', index=0, name='Sylfaen', style='normal', variant='normal', weight=400, stretch='normal', size='scalable')) = 10.05
2026-07-23 17:00:03 [DEBUG  ] matplotlib.font_manager(font_manager.py:1658): findfont: score(FontEntry(fname='C:\\Windows\\Fonts\\segoeuib.ttf', index=0, name='Segoe UI', style='normal', variant='normal', weight=700, stretch='normal', size='scalable')) = 10.335
2026-07-23 17:00:03 [DEBUG  ] matplotlib.font_manager(font_manager.py:1658): findfont: score(FontEntry(fname='C:\\Windows\\Fonts\\arial.ttf', index=0, name='Arial', style='normal', variant='normal', weight=400, stretch='normal', size='scalable')) = 6.413636363636363
2026-07-23 17:00:03 [DEBUG  ] matplotlib.font_manager(font_manager.py:1658): findfont: score(FontEntry(fname='C:\\Windows\\Fonts\\calibrib.ttf', index=0, name='Calibri', style='normal', variant='normal', weight=700, stretch='normal', size='scalable')) = 10.335
2026-07-23 17:00:03 [DEBUG  ] matplotlib.font_manager(font_manager.py:1658): findfont: score(FontEntry(fname='C:\\Windows\\Fonts\\Gabriola.ttf', index=0, name='Gabriola', style='normal', variant='normal', weight=400, stretch='normal', size='scalable')) = 10.05
2026-07-23 17:00:03 [DEBUG  ] matplotlib.font_manager(font_manager.py:1658): findfont: score(FontEntry(fname='C:\\Windows\\Fonts\\megpc___.ttf', index=0, name='Melles', style='normal', variant='normal', weight=400, stretch='normal', size='scalable')) = 10.05
2026-07-23 17:00:03 [DEBUG  ] matplotlib.font_manager(font_manager.py:1658): findfont: score(FontEntry(fname='C:\\Windows\\Fonts\\seguisym.ttf', index=0, name='Segoe UI Symbol', style='normal', variant='normal', weight=400, stretch='normal', size='scalable')) = 10.05
2026-07-23 17:00:03 [DEBUG  ] matplotlib.font_manager(font_manager.py:1658): findfont: score(FontEntry(fname='C:\\Windows\\Fonts\\segoeuil.ttf', index=0, name='Segoe UI', style='normal', variant='normal', weight=300, stretch='normal', size='scalable')) = 10.145
2026-07-23 17:00:03 [DEBUG  ] matplotlib.font_manager(font_manager.py:1658): findfont: score(FontEntry(fname='C:\\Windows\\Fonts\\segoeuil.ttf', index=0, name='Segoe UI Light', style='normal', variant='normal', weight=400, stretch='normal', size='scalable')) = 10.05
2026-07-23 17:00:03 [DEBUG  ] matplotlib.font_manager(font_manager.py:1658): findfont: score(FontEntry(fname='C:\\Windows\\Fonts\\LeelawUI.ttf', index=0, name='Leelawadee UI', style='normal', variant='normal', weight=400, stretch='normal', size='scalable')) = 10.05
2026-07-23 17:00:03 [DEBUG  ] matplotlib.font_manager(font_manager.py:1658): findfont: score(FontEntry(fname='C:\\Windows\\Fonts\\simsun.ttc', index=0, name='SimSun', style='normal', variant='normal', weight=400, stretch='normal', size='scalable')) = 10.05
2026-07-23 17:00:03 [DEBUG  ] matplotlib.font_manager(font_manager.py:1658): findfont: score(FontEntry(fname='C:\\Windows\\Fonts\\simsun.ttc', index=1, name='NSimSun', style='normal', variant='normal', weight=400, stretch='normal', size='scalable')) = 10.05
2026-07-23 17:00:03 [DEBUG  ] matplotlib.font_manager(font_manager.py:1658): findfont: score(FontEntry(fname='C:\\Windows\\Fonts\\ariali.ttf', index=0, name='Arial', style='italic', variant='normal', weight=400, stretch='normal', size='scalable')) = 7.413636363636363
2026-07-23 17:00:03 [DEBUG  ] matplotlib.font_manager(font_manager.py:1658): findfont: score(FontEntry(fname='C:\\Windows\\Fonts\\webdings.ttf', index=0, name='Webdings', style='normal', variant='normal', weight=400, stretch='normal', size='scalable')) = 10.05
2026-07-23 17:00:03 [DEBUG  ] matplotlib.font_manager(font_manager.py:1658): findfont: score(FontEntry(fname='C:\\Windows\\Fonts\\himalaya.ttf', index=0, name='Microsoft Himalaya', style='normal', variant='normal', weight=400, stretch='normal', size='scalable')) = 10.05
2026-07-23 17:00:03 [DEBUG  ] matplotlib.font_manager(font_manager.py:1658): findfont: score(FontEntry(fname='C:\\Windows\\Fonts\\LeelaUIb.ttf', index=0, name='Leelawadee UI', style='normal', variant='normal', weight=700, stretch='normal', size='scalable')) = 10.335
2026-07-23 17:00:03 [DEBUG  ] matplotlib.font_manager(font_manager.py:1658): findfont: score(FontEntry(fname='C:\\Windows\\Fonts\\calibrii.ttf', index=0, name='Calibri', style='italic', variant='normal', weight=400, stretch='normal', size='scalable')) = 11.05
2026-07-23 17:00:03 [DEBUG  ] matplotlib.font_manager(font_manager.py:1658): findfont: score(FontEntry(fname='C:\\Windows\\Fonts\\segoesc.ttf', index=0, name='Segoe Script', style='normal', variant='normal', weight=400, stretch='normal', size='scalable')) = 10.05
2026-07-23 17:00:03 [DEBUG  ] matplotlib.font_manager(font_manager.py:1658): findfont: score(FontEntry(fname='C:\\Windows\\Fonts\\consolab.ttf', index=0, name='Consolas', style='normal', variant='normal', weight=700, stretch='normal', size='scalable')) = 10.335
2026-07-23 17:00:03 [DEBUG  ] matplotlib.font_manager(font_manager.py:1658): findfont: score(FontEntry(fname='C:\\Windows\\Fonts\\msjhbd.ttc', index=0, name='Microsoft JhengHei', style='normal', variant='normal', weight=700, stretch='normal', size='scalable')) = 10.335
2026-07-23 17:00:03 [DEBUG  ] matplotlib.font_manager(font_manager.py:1658): findfont: score(FontEntry(fname='C:\\Windows\\Fonts\\msjhbd.ttc', index=1, name='Microsoft JhengHei UI', style='normal', variant='normal', weight=700, stretch='normal', size='scalable')) = 10.335
2026-07-23 17:00:03 [DEBUG  ] matplotlib.font_manager(font_manager.py:1658): findfont: score(FontEntry(fname='C:\\Windows\\Fonts\\Candarab.ttf', index=0, name='Candara', style='normal', variant='normal', weight=700, stretch='normal', size='scalable')) = 10.335
2026-07-23 17:00:03 [DEBUG  ] matplotlib.font_manager(font_manager.py:1658): findfont: score(FontEntry(fname='C:\\Windows\\Fonts\\seguibl.ttf', index=0, name='Segoe UI', style='normal', variant='normal', weight=900, stretch='normal', size='scalable')) = 10.525
2026-07-23 17:00:03 [DEBUG  ] matplotlib.font_manager(font_manager.py:1658): findfont: score(FontEntry(fname='C:\\Windows\\Fonts\\seguibl.ttf', index=0, name='Segoe UI Black', style='normal', variant='normal', weight=400, stretch='normal', size='scalable')) = 10.05
2026-07-23 17:00:03 [DEBUG  ] matplotlib.font_manager(font_manager.py:1658): findfont: score(FontEntry(fname='C:\\Windows\\Fonts\\georgiai.ttf', index=0, name='Georgia', style='italic', variant='normal', weight=400, stretch='normal', size='scalable')) = 11.05
2026-07-23 17:00:03 [DEBUG  ] matplotlib.font_manager(font_manager.py:1658): findfont: score(FontEntry(fname='C:\\Windows\\Fonts\\corbell.ttf', index=0, name='Corbel', style='normal', variant='normal', weight=300, stretch='normal', size='scalable')) = 10.145
2026-07-23 17:00:03 [DEBUG  ] matplotlib.font_manager(font_manager.py:1658): findfont: score(FontEntry(fname='C:\\Windows\\Fonts\\corbell.ttf', index=0, name='Corbel Light', style='normal', variant='normal', weight=400, stretch='normal', size='scalable')) = 10.05
2026-07-23 17:00:03 [DEBUG  ] matplotlib.font_manager(font_manager.py:1658): findfont: score(FontEntry(fname='C:\\Windows\\Fonts\\constan.ttf', index=0, name='Constantia', style='normal', variant='normal', weight=400, stretch='normal', size='scalable')) = 10.05
2026-07-23 17:00:03 [DEBUG  ] matplotlib.font_manager(font_manager.py:1658): findfont: score(FontEntry(fname='C:\\Windows\\Fonts\\msgothic.ttc', index=0, name='MS Gothic', style='normal', variant='normal', weight=400, stretch='normal', size='scalable')) = 10.05
2026-07-23 17:00:03 [DEBUG  ] matplotlib.font_manager(font_manager.py:1658): findfont: score(FontEntry(fname='C:\\Windows\\Fonts\\msgothic.ttc', index=1, name='MS UI Gothic', style='normal', variant='normal', weight=400, stretch='normal', size='scalable')) = 10.05
2026-07-23 17:00:03 [DEBUG  ] matplotlib.font_manager(font_manager.py:1658): findfont: score(FontEntry(fname='C:\\Windows\\Fonts\\msgothic.ttc', index=2, name='MS PGothic', style='normal', variant='normal', weight=400, stretch='normal', size='scalable')) = 10.05
2026-07-23 17:00:03 [DEBUG  ] matplotlib.font_manager(font_manager.py:1658): findfont: score(FontEntry(fname='C:\\Windows\\Fonts\\Candara.ttf', index=0, name='Candara', style='normal', variant='normal', weight=400, stretch='normal', size='scalable')) = 10.05
2026-07-23 17:00:03 [DEBUG  ] matplotlib.font_manager(font_manager.py:1658): findfont: score(FontEntry(fname='C:\\Windows\\Fonts\\msyh.ttc', index=0, name='Microsoft YaHei', style='normal', variant='normal', weight=400, stretch='normal', size='scalable')) = 10.05
2026-07-23 17:00:03 [DEBUG  ] matplotlib.font_manager(font_manager.py:1658): findfont: score(FontEntry(fname='C:\\Windows\\Fonts\\msyh.ttc', index=1, name='Microsoft YaHei UI', style='normal', variant='normal', weight=400, stretch='normal', size='scalable')) = 10.05
2026-07-23 17:00:03 [DEBUG  ] matplotlib.font_manager(font_manager.py:1658): findfont: score(FontEntry(fname='C:\\Users\\Adm\\AppData\\Local\\Microsoft\\Windows\\Fonts\\fontawesome4.7-webfont.ttf', index=0, name='FontAwesome', style='normal', variant='normal', weight=400, stretch='normal', size='scalable')) = 10.05
2026-07-23 17:00:03 [DEBUG  ] matplotlib.font_manager(font_manager.py:1658): findfont: score(FontEntry(fname='C:\\Windows\\Fonts\\Sitka.ttc', index=0, name='Sitka Small', style='normal', variant='normal', weight=400, stretch='normal', size='scalable')) = 10.05
2026-07-23 17:00:03 [DEBUG  ] matplotlib.font_manager(font_manager.py:1658): findfont: score(FontEntry(fname='C:\\Windows\\Fonts\\Sitka.ttc', index=0, name='Sitka', style='normal', variant='normal', weight=400, stretch='normal', size='scalable')) = 10.05
2026-07-23 17:00:03 [DEBUG  ] matplotlib.font_manager(font_manager.py:1658): findfont: score(FontEntry(fname='C:\\Windows\\Fonts\\Sitka.ttc', index=1, name='Sitka Text', style='normal', variant='normal', weight=400, stretch='normal', size='scalable')) = 10.05
2026-07-23 17:00:03 [DEBUG  ] matplotlib.font_manager(font_manager.py:1658): findfont: score(FontEntry(fname='C:\\Windows\\Fonts\\Sitka.ttc', index=1, name='Sitka', style='normal', variant='normal', weight=400, stretch='normal', size='scalable')) = 10.05
2026-07-23 17:00:03 [DEBUG  ] matplotlib.font_manager(font_manager.py:1658): findfont: score(FontEntry(fname='C:\\Windows\\Fonts\\Sitka.ttc', index=2, name='Sitka Subheading', style='normal', variant='normal', weight=400, stretch='normal', size='scalable')) = 10.05
2026-07-23 17:00:03 [DEBUG  ] matplotlib.font_manager(font_manager.py:1658): findfont: score(FontEntry(fname='C:\\Windows\\Fonts\\Sitka.ttc', index=2, name='Sitka', style='normal', variant='normal', weight=400, stretch='normal', size='scalable')) = 10.05
2026-07-23 17:00:03 [DEBUG  ] matplotlib.font_manager(font_manager.py:1658): findfont: score(FontEntry(fname='C:\\Windows\\Fonts\\Sitka.ttc', index=3, name='Sitka Heading', style='normal', variant='normal', weight=400, stretch='normal', size='scalable')) = 10.05
2026-07-23 17:00:03 [DEBUG  ] matplotlib.font_manager(font_manager.py:1658): findfont: score(FontEntry(fname='C:\\Windows\\Fonts\\Sitka.ttc', index=3, name='Sitka', style='normal', variant='normal', weight=400, stretch='normal', size='scalable')) = 10.05
2026-07-23 17:00:03 [DEBUG  ] matplotlib.font_manager(font_manager.py:1658): findfont: score(FontEntry(fname='C:\\Windows\\Fonts\\Sitka.ttc', index=4, name='Sitka Display', style='normal', variant='normal', weight=400, stretch='normal', size='scalable')) = 10.05
2026-07-23 17:00:03 [DEBUG  ] matplotlib.font_manager(font_manager.py:1658): findfont: score(FontEntry(fname='C:\\Windows\\Fonts\\Sitka.ttc', index=4, name='Sitka', style='normal', variant='normal', weight=400, stretch='normal', size='scalable')) = 10.05
2026-07-23 17:00:03 [DEBUG  ] matplotlib.font_manager(font_manager.py:1658): findfont: score(FontEntry(fname='C:\\Windows\\Fonts\\Sitka.ttc', index=5, name='Sitka Banner', style='normal', variant='normal', weight=400, stretch='normal', size='scalable')) = 10.05
2026-07-23 17:00:03 [DEBUG  ] matplotlib.font_manager(font_manager.py:1658): findfont: score(FontEntry(fname='C:\\Windows\\Fonts\\Sitka.ttc', index=5, name='Sitka', style='normal', variant='normal', weight=400, stretch='normal', size='scalable')) = 10.05
2026-07-23 17:00:03 [DEBUG  ] matplotlib.font_manager(font_manager.py:1658): findfont: score(FontEntry(fname='C:\\Windows\\Fonts\\gadugi.ttf', index=0, name='Gadugi', style='normal', variant='normal', weight=400, stretch='normal', size='scalable')) = 10.05
2026-07-23 17:00:03 [DEBUG  ] matplotlib.font_manager(font_manager.py:1658): findfont: score(FontEntry(fname='C:\\Windows\\Fonts\\segoeui.ttf', index=0, name='Segoe UI', style='normal', variant='normal', weight=400, stretch='normal', size='scalable')) = 10.05
2026-07-23 17:00:03 [DEBUG  ] matplotlib.font_manager(font_manager.py:1658): findfont: score(FontEntry(fname='C:\\Users\\Adm\\AppData\\Local\\Microsoft\\Windows\\Fonts\\elusiveicons-webfont.ttf', index=0, name='elusiveicons', style='normal', variant='normal', weight=500, stretch='normal', size='scalable')) = 10.145
2026-07-23 17:00:03 [DEBUG  ] matplotlib.font_manager(font_manager.py:1658): findfont: score(FontEntry(fname='C:\\Windows\\Fonts\\LeelUIsl.ttf', index=0, name='Leelawadee UI', style='normal', variant='normal', weight=350, stretch='normal', size='scalable')) = 10.0975
2026-07-23 17:00:03 [DEBUG  ] matplotlib.font_manager(font_manager.py:1658): findfont: score(FontEntry(fname='C:\\Windows\\Fonts\\LeelUIsl.ttf', index=0, name='Leelawadee UI Semilight', style='normal', variant='normal', weight=400, stretch='normal', size='scalable')) = 10.05
2026-07-23 17:00:03 [DEBUG  ] matplotlib.font_manager(font_manager.py:1658): findfont: score(FontEntry(fname='C:\\Windows\\Fonts\\trebuc.ttf', index=0, name='Trebuchet MS', style='normal', variant='normal', weight=400, stretch='normal', size='scalable')) = 10.05
2026-07-23 17:00:03 [DEBUG  ] matplotlib.font_manager(font_manager.py:1658): findfont: score(FontEntry(fname='C:\\Windows\\Fonts\\seguibli.ttf', index=0, name='Segoe UI', style='italic', variant='normal', weight=900, stretch='normal', size='scalable')) = 11.525
2026-07-23 17:00:03 [DEBUG  ] matplotlib.font_manager(font_manager.py:1658): findfont: score(FontEntry(fname='C:\\Windows\\Fonts\\seguibli.ttf', index=0, name='Segoe UI Black', style='italic', variant='normal', weight=400, stretch='normal', size='scalable')) = 11.05
2026-07-23 17:00:03 [DEBUG  ] matplotlib.font_manager(font_manager.py:1658): findfont: score(FontEntry(fname='C:\\Windows\\Fonts\\mingliub.ttc', index=0, name='MingLiU-ExtB', style='normal', variant='normal', weight=400, stretch='normal', size='scalable')) = 10.05
2026-07-23 17:00:03 [DEBUG  ] matplotlib.font_manager(font_manager.py:1658): findfont: score(FontEntry(fname='C:\\Windows\\Fonts\\mingliub.ttc', index=1, name='PMingLiU-ExtB', style='normal', variant='normal', weight=400, stretch='normal', size='scalable')) = 10.05
2026-07-23 17:00:03 [DEBUG  ] matplotlib.font_manager(font_manager.py:1658): findfont: score(FontEntry(fname='C:\\Windows\\Fonts\\mingliub.ttc', index=2, name='MingLiU_HKSCS-ExtB', style='normal', variant='normal', weight=400, stretch='normal', size='scalable')) = 10.05
2026-07-23 17:00:03 [DEBUG  ] matplotlib.font_manager(font_manager.py:1658): findfont: score(FontEntry(fname='C:\\Windows\\Fonts\\cambriai.ttf', index=0, name='Cambria', style='italic', variant='normal', weight=400, stretch='normal', size='scalable')) = 11.05
2026-07-23 17:00:03 [DEBUG  ] matplotlib.font_manager(font_manager.py:1658): findfont: score(FontEntry(fname='C:\\Windows\\Fonts\\constanb.ttf', index=0, name='Constantia', style='normal', variant='normal', weight=700, stretch='normal', size='scalable')) = 10.335
2026-07-23 17:00:03 [DEBUG  ] matplotlib.font_manager(font_manager.py:1658): findfont: score(FontEntry(fname='C:\\Windows\\Fonts\\georgiab.ttf', index=0, name='Georgia', style='normal', variant='normal', weight=700, stretch='normal', size='scalable')) = 10.335
2026-07-23 17:00:03 [DEBUG  ] matplotlib.font_manager(font_manager.py:1658): findfont: score(FontEntry(fname='C:\\Windows\\Fonts\\SitkaB.ttc', index=0, name='Sitka Small', style='normal', variant='normal', weight=700, stretch='normal', size='scalable')) = 10.335
2026-07-23 17:00:03 [DEBUG  ] matplotlib.font_manager(font_manager.py:1658): findfont: score(FontEntry(fname='C:\\Windows\\Fonts\\SitkaB.ttc', index=0, name='Sitka', style='normal', variant='normal', weight=700, stretch='normal', size='scalable')) = 10.335
2026-07-23 17:00:03 [DEBUG  ] matplotlib.font_manager(font_manager.py:1658): findfont: score(FontEntry(fname='C:\\Windows\\Fonts\\SitkaB.ttc', index=1, name='Sitka Text', style='normal', variant='normal', weight=700, stretch='normal', size='scalable')) = 10.335
2026-07-23 17:00:03 [DEBUG  ] matplotlib.font_manager(font_manager.py:1658): findfont: score(FontEntry(fname='C:\\Windows\\Fonts\\SitkaB.ttc', index=1, name='Sitka', style='normal', variant='normal', weight=700, stretch='normal', size='scalable')) = 10.335
2026-07-23 17:00:03 [DEBUG  ] matplotlib.font_manager(font_manager.py:1658): findfont: score(FontEntry(fname='C:\\Windows\\Fonts\\SitkaB.ttc', index=2, name='Sitka Subheading', style='normal', variant='normal', weight=700, stretch='normal', size='scalable')) = 10.335
2026-07-23 17:00:03 [DEBUG  ] matplotlib.font_manager(font_manager.py:1658): findfont: score(FontEntry(fname='C:\\Windows\\Fonts\\SitkaB.ttc', index=2, name='Sitka', style='normal', variant='normal', weight=700, stretch='normal', size='scalable')) = 10.335
2026-07-23 17:00:03 [DEBUG  ] matplotlib.font_manager(font_manager.py:1658): findfont: score(FontEntry(fname='C:\\Windows\\Fonts\\SitkaB.ttc', index=3, name='Sitka Heading', style='normal', variant='normal', weight=700, stretch='normal', size='scalable')) = 10.335
2026-07-23 17:00:03 [DEBUG  ] matplotlib.font_manager(font_manager.py:1658): findfont: score(FontEntry(fname='C:\\Windows\\Fonts\\SitkaB.ttc', index=3, name='Sitka', style='normal', variant='normal', weight=700, stretch='normal', size='scalable')) = 10.335
2026-07-23 17:00:03 [DEBUG  ] matplotlib.font_manager(font_manager.py:1658): findfont: score(FontEntry(fname='C:\\Windows\\Fonts\\SitkaB.ttc', index=4, name='Sitka Display', style='normal', variant='normal', weight=700, stretch='normal', size='scalable')) = 10.335
2026-07-23 17:00:03 [DEBUG  ] matplotlib.font_manager(font_manager.py:1658): findfont: score(FontEntry(fname='C:\\Windows\\Fonts\\SitkaB.ttc', index=4, name='Sitka', style='normal', variant='normal', weight=700, stretch='normal', size='scalable')) = 10.335
2026-07-23 17:00:03 [DEBUG  ] matplotlib.font_manager(font_manager.py:1658): findfont: score(FontEntry(fname='C:\\Windows\\Fonts\\SitkaB.ttc', index=5, name='Sitka Banner', style='normal', variant='normal', weight=700, stretch='normal', size='scalable')) = 10.335
2026-07-23 17:00:03 [DEBUG  ] matplotlib.font_manager(font_manager.py:1658): findfont: score(FontEntry(fname='C:\\Windows\\Fonts\\SitkaB.ttc', index=5, name='Sitka', style='normal', variant='normal', weight=700, stretch='normal', size='scalable')) = 10.335
2026-07-23 17:00:03 [DEBUG  ] matplotlib.font_manager(font_manager.py:1658): findfont: score(FontEntry(fname='C:\\Windows\\Fonts\\pala.ttf', index=0, name='Palatino Linotype', style='normal', variant='normal', weight=400, stretch='normal', size='scalable')) = 10.05
2026-07-23 17:00:03 [DEBUG  ] matplotlib.font_manager(font_manager.py:1658): findfont: score(FontEntry(fname='C:\\Windows\\Fonts\\msyi.ttf', index=0, name='Microsoft Yi Baiti', style='normal', variant='normal', weight=400, stretch='normal', size='scalable')) = 10.05
2026-07-23 17:00:03 [DEBUG  ] matplotlib.font_manager(font_manager.py:1658): findfont: score(FontEntry(fname='C:\\Windows\\Fonts\\msjh.ttc', index=0, name='Microsoft JhengHei', style='normal', variant='normal', weight=400, stretch='normal', size='scalable')) = 10.05
2026-07-23 17:00:03 [DEBUG  ] matplotlib.font_manager(font_manager.py:1658): findfont: score(FontEntry(fname='C:\\Windows\\Fonts\\msjh.ttc', index=1, name='Microsoft JhengHei UI', style='normal', variant='normal', weight=400, stretch='normal', size='scalable')) = 10.05
2026-07-23 17:00:03 [DEBUG  ] matplotlib.font_manager(font_manager.py:1658): findfont: score(FontEntry(fname='C:\\Windows\\Fonts\\corbelb.ttf', index=0, name='Corbel', style='normal', variant='normal', weight=700, stretch='normal', size='scalable')) = 10.335
2026-07-23 17:00:03 [DEBUG  ] matplotlib.font_manager(font_manager.py:1658): findfont: score(FontEntry(fname='C:\\Windows\\Fonts\\phagspa.ttf', index=0, name='Microsoft PhagsPa', style='normal', variant='normal', weight=400, stretch='normal', size='scalable')) = 10.05
2026-07-23 17:00:03 [DEBUG  ] matplotlib.font_manager(font_manager.py:1658): findfont: score(FontEntry(fname='C:\\Windows\\Fonts\\SitkaI.ttc', index=0, name='Sitka Small', style='italic', variant='normal', weight=400, stretch='normal', size='scalable')) = 11.05
2026-07-23 17:00:03 [DEBUG  ] matplotlib.font_manager(font_manager.py:1658): findfont: score(FontEntry(fname='C:\\Windows\\Fonts\\SitkaI.ttc', index=0, name='Sitka', style='italic', variant='normal', weight=400, stretch='normal', size='scalable')) = 11.05
2026-07-23 17:00:03 [DEBUG  ] matplotlib.font_manager(font_manager.py:1658): findfont: score(FontEntry(fname='C:\\Windows\\Fonts\\SitkaI.ttc', index=1, name='Sitka Text', style='italic', variant='normal', weight=400, stretch='normal', size='scalable')) = 11.05
2026-07-23 17:00:03 [DEBUG  ] matplotlib.font_manager(font_manager.py:1658): findfont: score(FontEntry(fname='C:\\Windows\\Fonts\\SitkaI.ttc', index=1, name='Sitka', style='italic', variant='normal', weight=400, stretch='normal', size='scalable')) = 11.05
2026-07-23 17:00:03 [DEBUG  ] matplotlib.font_manager(font_manager.py:1658): findfont: score(FontEntry(fname='C:\\Windows\\Fonts\\SitkaI.ttc', index=2, name='Sitka Subheading', style='italic', variant='normal', weight=400, stretch='normal', size='scalable')) = 11.05
2026-07-23 17:00:03 [DEBUG  ] matplotlib.font_manager(font_manager.py:1658): findfont: score(FontEntry(fname='C:\\Windows\\Fonts\\SitkaI.ttc', index=2, name='Sitka', style='italic', variant='normal', weight=400, stretch='normal', size='scalable')) = 11.05
2026-07-23 17:00:03 [DEBUG  ] matplotlib.font_manager(font_manager.py:1658): findfont: score(FontEntry(fname='C:\\Windows\\Fonts\\SitkaI.ttc', index=3, name='Sitka Heading', style='italic', variant='normal', weight=400, stretch='normal', size='scalable')) = 11.05
2026-07-23 17:00:03 [DEBUG  ] matplotlib.font_manager(font_manager.py:1658): findfont: score(FontEntry(fname='C:\\Windows\\Fonts\\SitkaI.ttc', index=3, name='Sitka', style='italic', variant='normal', weight=400, stretch='normal', size='scalable')) = 11.05
2026-07-23 17:00:03 [DEBUG  ] matplotlib.font_manager(font_manager.py:1658): findfont: score(FontEntry(fname='C:\\Windows\\Fonts\\SitkaI.ttc', index=4, name='Sitka Display', style='italic', variant='normal', weight=400, stretch='normal', size='scalable')) = 11.05
2026-07-23 17:00:03 [DEBUG  ] matplotlib.font_manager(font_manager.py:1658): findfont: score(FontEntry(fname='C:\\Windows\\Fonts\\SitkaI.ttc', index=4, name='Sitka', style='italic', variant='normal', weight=400, stretch='normal', size='scalable')) = 11.05
2026-07-23 17:00:03 [DEBUG  ] matplotlib.font_manager(font_manager.py:1658): findfont: score(FontEntry(fname='C:\\Windows\\Fonts\\SitkaI.ttc', index=5, name='Sitka Banner', style='italic', variant='normal', weight=400, stretch='normal', size='scalable')) = 11.05
2026-07-23 17:00:03 [DEBUG  ] matplotlib.font_manager(font_manager.py:1658): findfont: score(FontEntry(fname='C:\\Windows\\Fonts\\SitkaI.ttc', index=5, name='Sitka', style='italic', variant='normal', weight=400, stretch='normal', size='scalable')) = 11.05
2026-07-23 17:00:03 [DEBUG  ] matplotlib.font_manager(font_manager.py:1658): findfont: score(FontEntry(fname='C:\\Windows\\Fonts\\constani.ttf', index=0, name='Constantia', style='italic', variant='normal', weight=400, stretch='normal', size='scalable')) = 11.05
2026-07-23 17:00:03 [DEBUG  ] matplotlib.font_manager(font_manager.py:1658): findfont: score(FontEntry(fname='C:\\Windows\\Fonts\\corbel.ttf', index=0, name='Corbel', style='normal', variant='normal', weight=400, stretch='normal', size='scalable')) = 10.05
2026-07-23 17:00:03 [DEBUG  ] matplotlib.font_manager(font_manager.py:1658): findfont: score(FontEntry(fname='C:\\Windows\\Fonts\\mmrtext.ttf', index=0, name='Myanmar Text', style='normal', variant='normal', weight=400, stretch='normal', size='scalable')) = 10.05
2026-07-23 17:00:03 [DEBUG  ] matplotlib.font_manager(font_manager.py:1658): findfont: score(FontEntry(fname='C:\\Windows\\Fonts\\verdanai.ttf', index=0, name='Verdana', style='italic', variant='normal', weight=400, stretch='normal', size='scalable')) = 4.6863636363636365
2026-07-23 17:00:03 [DEBUG  ] matplotlib.font_manager(font_manager.py:1658): findfont: score(FontEntry(fname='C:\\Windows\\Fonts\\cour.ttf', index=0, name='Courier New', style='normal', variant='normal', weight=400, stretch='normal', size='scalable')) = 10.05
2026-07-23 17:00:03 [DEBUG  ] matplotlib.font_manager(font_manager.py:1658): findfont: score(FontEntry(fname='C:\\Windows\\Fonts\\msyhbd.ttc', index=0, name='Microsoft YaHei', style='normal', variant='normal', weight=700, stretch='normal', size='scalable')) = 10.335
2026-07-23 17:00:03 [DEBUG  ] matplotlib.font_manager(font_manager.py:1658): findfont: score(FontEntry(fname='C:\\Windows\\Fonts\\msyhbd.ttc', index=1, name='Microsoft YaHei UI', style='normal', variant='normal', weight=700, stretch='normal', size='scalable')) = 10.335
2026-07-23 17:00:03 [DEBUG  ] matplotlib.font_manager(font_manager.py:1658): findfont: score(FontEntry(fname='C:\\Windows\\Fonts\\consola.ttf', index=0, name='Consolas', style='normal', variant='normal', weight=400, stretch='normal', size='scalable')) = 10.05
2026-07-23 17:00:03 [DEBUG  ] matplotlib.font_manager(font_manager.py:1658): findfont: score(FontEntry(fname='C:\\Windows\\Fonts\\l_10646.ttf', index=0, name='Lucida Sans Unicode', style='normal', variant='normal', weight=400, stretch='normal', size='scalable')) = 10.05
2026-07-23 17:00:03 [DEBUG  ] matplotlib.font_manager(font_manager.py:1658): findfont: score(FontEntry(fname='C:\\Windows\\Fonts\\msjhl.ttc', index=0, name='Microsoft JhengHei', style='normal', variant='normal', weight=290, stretch='normal', size='scalable')) = 10.1545
2026-07-23 17:00:03 [DEBUG  ] matplotlib.font_manager(font_manager.py:1658): findfont: score(FontEntry(fname='C:\\Windows\\Fonts\\msjhl.ttc', index=0, name='Microsoft JhengHei Light', style='normal', variant='normal', weight=400, stretch='normal', size='scalable')) = 10.05
2026-07-23 17:00:03 [DEBUG  ] matplotlib.font_manager(font_manager.py:1658): findfont: score(FontEntry(fname='C:\\Windows\\Fonts\\msjhl.ttc', index=1, name='Microsoft JhengHei UI', style='normal', variant='normal', weight=290, stretch='normal', size='scalable')) = 10.1545
2026-07-23 17:00:03 [DEBUG  ] matplotlib.font_manager(font_manager.py:1658): findfont: score(FontEntry(fname='C:\\Windows\\Fonts\\msjhl.ttc', index=1, name='Microsoft JhengHei UI Light', style='normal', variant='normal', weight=400, stretch='normal', size='scalable')) = 10.05
2026-07-23 17:00:03 [DEBUG  ] matplotlib.font_manager(font_manager.py:1658): findfont: score(FontEntry(fname='C:\\Windows\\Fonts\\segoescb.ttf', index=0, name='Segoe Script', style='normal', variant='normal', weight=700, stretch='normal', size='scalable')) = 10.335
2026-07-23 17:00:03 [DEBUG  ] matplotlib.font_manager(font_manager.py:1658): findfont: score(FontEntry(fname='C:\\Windows\\Fonts\\Candaraz.ttf', index=0, name='Candara', style='italic', variant='normal', weight=700, stretch='normal', size='scalable')) = 11.335
2026-07-23 17:00:03 [DEBUG  ] matplotlib.font_manager(font_manager.py:1658): findfont: score(FontEntry(fname='C:\\Windows\\Fonts\\comic.ttf', index=0, name='Comic Sans MS', style='normal', variant='normal', weight=400, stretch='normal', size='scalable')) = 10.05
2026-07-23 17:00:03 [DEBUG  ] matplotlib.font_manager(font_manager.py:1658): findfont: score(FontEntry(fname='C:\\Windows\\Fonts\\palab.ttf', index=0, name='Palatino Linotype', style='normal', variant='normal', weight=700, stretch='normal', size='scalable')) = 10.335
2026-07-23 17:00:03 [DEBUG  ] matplotlib.font_manager(font_manager.py:1658): findfont: score(FontEntry(fname='C:\\Windows\\Fonts\\comici.ttf', index=0, name='Comic Sans MS', style='italic', variant='normal', weight=400, stretch='normal', size='scalable')) = 11.05
2026-07-23 17:00:03 [DEBUG  ] matplotlib.font_manager(font_manager.py:1658): findfont: score(FontEntry(fname='C:\\Users\\Adm\\AppData\\Local\\Microsoft\\Windows\\Fonts\\remixicon.ttf', index=0, name='remixicon', style='normal', variant='normal', weight=400, stretch='normal', size='scalable')) = 10.05
2026-07-23 17:00:03 [DEBUG  ] matplotlib.font_manager(font_manager.py:1658): findfont: score(FontEntry(fname='C:\\Windows\\Fonts\\calibril.ttf', index=0, name='Calibri', style='normal', variant='normal', weight=300, stretch='normal', size='scalable')) = 10.145
2026-07-23 17:00:03 [DEBUG  ] matplotlib.font_manager(font_manager.py:1658): findfont: score(FontEntry(fname='C:\\Windows\\Fonts\\calibril.ttf', index=0, name='Calibri Light', style='normal', variant='normal', weight=400, stretch='normal', size='scalable')) = 10.05
2026-07-23 17:00:03 [DEBUG  ] matplotlib.font_manager(font_manager.py:1658): findfont: score(FontEntry(fname='C:\\Windows\\Fonts\\seguiemj.ttf', index=0, name='Segoe UI Emoji', style='normal', variant='normal', weight=400, stretch='normal', size='scalable')) = 10.05
2026-07-23 17:00:03 [DEBUG  ] matplotlib.font_manager(font_manager.py:1658): findfont: score(FontEntry(fname='C:\\Windows\\Fonts\\seguisli.ttf', index=0, name='Segoe UI', style='italic', variant='normal', weight=350, stretch='normal', size='scalable')) = 11.0975
2026-07-23 17:00:03 [DEBUG  ] matplotlib.font_manager(font_manager.py:1658): findfont: score(FontEntry(fname='C:\\Windows\\Fonts\\seguisli.ttf', index=0, name='Segoe UI Semilight', style='italic', variant='normal', weight=400, stretch='normal', size='scalable')) = 11.05
2026-07-23 17:00:03 [DEBUG  ] matplotlib.font_manager(font_manager.py:1658): findfont: score(FontEntry(fname='C:\\Windows\\Fonts\\Inkfree.ttf', index=0, name='Ink Free', style='normal', variant='normal', weight=400, stretch='normal', size='scalable')) = 10.05
2026-07-23 17:00:03 [DEBUG  ] matplotlib.font_manager(font_manager.py:1658): findfont: score(FontEntry(fname='C:\\Users\\Adm\\AppData\\Local\\Microsoft\\Windows\\Fonts\\fontawesome5-regular-webfont.ttf', index=0, name='Font Awesome 5 Free Regular', style='normal', variant='normal', weight=400, stretch='normal', size='scalable')) = 10.05
2026-07-23 17:00:03 [DEBUG  ] matplotlib.font_manager(font_manager.py:1658): findfont: score(FontEntry(fname='C:\\Windows\\Fonts\\impact.ttf', index=0, name='Impact', style='normal', variant='normal', weight=400, stretch='normal', size='scalable')) = 10.05
2026-07-23 17:00:03 [DEBUG  ] matplotlib.font_manager(font_manager.py:1658): findfont: score(FontEntry(fname='C:\\Windows\\Fonts\\segoeuiz.ttf', index=0, name='Segoe UI', style='italic', variant='normal', weight=700, stretch='normal', size='scalable')) = 11.335
2026-07-23 17:00:03 [DEBUG  ] matplotlib.font_manager(font_manager.py:1658): findfont: score(FontEntry(fname='C:\\Windows\\Fonts\\seguihis.ttf', index=0, name='Segoe UI Historic', style='normal', variant='normal', weight=400, stretch='normal', size='scalable')) = 10.05
2026-07-23 17:00:03 [DEBUG  ] matplotlib.font_manager(font_manager.py:1658): findfont: score(FontEntry(fname='C:\\Windows\\Fonts\\trebucit.ttf', index=0, name='Trebuchet MS', style='italic', variant='normal', weight=400, stretch='normal', size='scalable')) = 11.05
2026-07-23 17:00:03 [DEBUG  ] matplotlib.font_manager(font_manager.py:1658): findfont: score(FontEntry(fname='C:\\Windows\\Fonts\\NirmalaB.ttf', index=0, name='Nirmala UI', style='normal', variant='normal', weight=700, stretch='normal', size='scalable')) = 10.335
2026-07-23 17:00:03 [DEBUG  ] matplotlib.font_manager(font_manager.py:1658): findfont: score(FontEntry(fname='C:\\Windows\\Fonts\\ntailub.ttf', index=0, name='Microsoft New Tai Lue', style='normal', variant='normal', weight=700, stretch='normal', size='scalable')) = 10.335
2026-07-23 17:00:03 [DEBUG  ] matplotlib.font_manager(font_manager.py:1658): findfont: score(FontEntry(fname='C:\\Windows\\Fonts\\YuGothM.ttc', index=0, name='Yu Gothic', style='normal', variant='normal', weight=500, stretch='normal', size='scalable')) = 10.145
2026-07-23 17:00:03 [DEBUG  ] matplotlib.font_manager(font_manager.py:1658): findfont: score(FontEntry(fname='C:\\Windows\\Fonts\\YuGothM.ttc', index=0, name='Yu Gothic Medium', style='normal', variant='normal', weight=400, stretch='normal', size='scalable')) = 10.05
2026-07-23 17:00:03 [DEBUG  ] matplotlib.font_manager(font_manager.py:1658): findfont: score(FontEntry(fname='C:\\Windows\\Fonts\\YuGothM.ttc', index=1, name='Yu Gothic UI', style='normal', variant='normal', weight=400, stretch='normal', size='scalable')) = 10.05
2026-07-23 17:00:03 [DEBUG  ] matplotlib.font_manager(font_manager.py:1658): findfont: score(FontEntry(fname='C:\\Users\\Adm\\AppData\\Local\\Microsoft\\Windows\\Fonts\\fontawesome5-solid-webfont.ttf', index=0, name='Font Awesome 5 Free Solid', style='normal', variant='normal', weight=900, stretch='normal', size='scalable')) = 10.525
2026-07-23 17:00:03 [DEBUG  ] matplotlib.font_manager(font_manager.py:1658): findfont: score(FontEntry(fname='C:\\Windows\\Fonts\\courbi.ttf', index=0, name='Courier New', style='italic', variant='normal', weight=700, stretch='normal', size='scalable')) = 11.335
2026-07-23 17:00:03 [DEBUG  ] matplotlib.font_manager(font_manager.py:1658): findfont: score(FontEntry(fname='C:\\Windows\\Fonts\\verdanaz.ttf', index=0, name='Verdana', style='italic', variant='normal', weight=700, stretch='normal', size='scalable')) = 4.971363636363637
2026-07-23 17:00:03 [DEBUG  ] matplotlib.font_manager(font_manager.py:1658): findfont: score(FontEntry(fname='C:\\Windows\\Fonts\\javatext.ttf', index=0, name='Javanese Text', style='normal', variant='normal', weight=400, stretch='normal', size='scalable')) = 10.05
2026-07-23 17:00:03 [DEBUG  ] matplotlib.font_manager(font_manager.py:1658): findfont: score(FontEntry(fname='C:\\Windows\\Fonts\\calibrili.ttf', index=0, name='Calibri', style='italic', variant='normal', weight=300, stretch='normal', size='scalable')) = 11.145
2026-07-23 17:00:03 [DEBUG  ] matplotlib.font_manager(font_manager.py:1658): findfont: score(FontEntry(fname='C:\\Windows\\Fonts\\calibrili.ttf', index=0, name='Calibri Light', style='italic', variant='normal', weight=400, stretch='normal', size='scalable')) = 11.05
2026-07-23 17:00:03 [DEBUG  ] matplotlib.font_manager(font_manager.py:1658): findfont: score(FontEntry(fname='C:\\Windows\\Fonts\\YuGothL.ttc', index=0, name='Yu Gothic', style='normal', variant='normal', weight=300, stretch='normal', size='scalable')) = 10.145
2026-07-23 17:00:03 [DEBUG  ] matplotlib.font_manager(font_manager.py:1658): findfont: score(FontEntry(fname='C:\\Windows\\Fonts\\YuGothL.ttc', index=0, name='Yu Gothic Light', style='normal', variant='normal', weight=400, stretch='normal', size='scalable')) = 10.05
2026-07-23 17:00:03 [DEBUG  ] matplotlib.font_manager(font_manager.py:1658): findfont: score(FontEntry(fname='C:\\Windows\\Fonts\\YuGothL.ttc', index=1, name='Yu Gothic UI', style='normal', variant='normal', weight=300, stretch='normal', size='scalable')) = 10.145
2026-07-23 17:00:03 [DEBUG  ] matplotlib.font_manager(font_manager.py:1658): findfont: score(FontEntry(fname='C:\\Windows\\Fonts\\YuGothL.ttc', index=1, name='Yu Gothic UI Light', style='normal', variant='normal', weight=400, stretch='normal', size='scalable')) = 10.05
2026-07-23 17:00:03 [DEBUG  ] matplotlib.font_manager(font_manager.py:1658): findfont: score(FontEntry(fname='C:\\Windows\\Fonts\\georgiaz.ttf', index=0, name='Georgia', style='italic', variant='normal', weight=700, stretch='normal', size='scalable')) = 11.335
2026-07-23 17:00:03 [DEBUG  ] matplotlib.font_manager(font_manager.py:1658): findfont: score(FontEntry(fname='C:\\Windows\\Fonts\\corbelli.ttf', index=0, name='Corbel', style='italic', variant='normal', weight=300, stretch='normal', size='scalable')) = 11.145
2026-07-23 17:00:03 [DEBUG  ] matplotlib.font_manager(font_manager.py:1658): findfont: score(FontEntry(fname='C:\\Windows\\Fonts\\corbelli.ttf', index=0, name='Corbel Light', style='italic', variant='normal', weight=400, stretch='normal', size='scalable')) = 11.05
2026-07-23 17:00:03 [DEBUG  ] matplotlib.font_manager(font_manager.py:1658): findfont: score(FontEntry(fname='C:\\Windows\\Fonts\\micross.ttf', index=0, name='Microsoft Sans Serif', style='normal', variant='normal', weight=400, stretch='normal', size='scalable')) = 10.05
2026-07-23 17:00:03 [DEBUG  ] matplotlib.font_manager(font_manager.py:1658): findfont: score(FontEntry(fname='C:\\Windows\\Fonts\\times.ttf', index=0, name='Times New Roman', style='normal', variant='normal', weight=400, stretch='normal', size='scalable')) = 10.05
2026-07-23 17:00:03 [DEBUG  ] matplotlib.font_manager(font_manager.py:1658): findfont: score(FontEntry(fname='C:\\Users\\Adm\\AppData\\Local\\Microsoft\\Windows\\Fonts\\phosphor.ttf', index=0, name='Phosphor', style='normal', variant='normal', weight=400, stretch='normal', size='scalable')) = 10.05
2026-07-23 17:00:03 [DEBUG  ] matplotlib.font_manager(font_manager.py:1658): findfont: score(FontEntry(fname='C:\\Windows\\Fonts\\trebucbd.ttf', index=0, name='Trebuchet MS', style='normal', variant='normal', weight=700, stretch='normal', size='scalable')) = 10.335
2026-07-23 17:00:03 [DEBUG  ] matplotlib.font_manager(font_manager.py:1658): findfont: score(FontEntry(fname='C:\\Windows\\Fonts\\YuGothR.ttc', index=0, name='Yu Gothic', style='normal', variant='normal', weight=400, stretch='normal', size='scalable')) = 10.05
2026-07-23 17:00:03 [DEBUG  ] matplotlib.font_manager(font_manager.py:1658): findfont: score(FontEntry(fname='C:\\Windows\\Fonts\\YuGothR.ttc', index=1, name='Yu Gothic UI', style='normal', variant='normal', weight=350, stretch='normal', size='scalable')) = 10.0975
2026-07-23 17:00:03 [DEBUG  ] matplotlib.font_manager(font_manager.py:1658): findfont: score(FontEntry(fname='C:\\Windows\\Fonts\\YuGothR.ttc', index=1, name='Yu Gothic UI Semilight', style='normal', variant='normal', weight=400, stretch='normal', size='scalable')) = 10.05
2026-07-23 17:00:03 [DEBUG  ] matplotlib.font_manager(font_manager.py:1658): findfont: score(FontEntry(fname='C:\\Windows\\Fonts\\seguisbi.ttf', index=0, name='Segoe UI', style='italic', variant='normal', weight=600, stretch='normal', size='scalable')) = 11.24
2026-07-23 17:00:03 [DEBUG  ] matplotlib.font_manager(font_manager.py:1658): findfont: score(FontEntry(fname='C:\\Windows\\Fonts\\seguisbi.ttf', index=0, name='Segoe UI Semibold', style='italic', variant='normal', weight=400, stretch='normal', size='scalable')) = 11.05
2026-07-23 17:00:03 [DEBUG  ] matplotlib.font_manager(font_manager.py:1658): findfont: score(FontEntry(fname='C:\\Windows\\Fonts\\segoepr.ttf', index=0, name='Segoe Print', style='normal', variant='normal', weight=400, stretch='normal', size='scalable')) = 10.05
2026-07-23 17:00:03 [DEBUG  ] matplotlib.font_manager(font_manager.py:1658): findfont: score(FontEntry(fname='C:\\Windows\\Fonts\\palai.ttf', index=0, name='Palatino Linotype', style='italic', variant='normal', weight=400, stretch='normal', size='scalable')) = 11.05
2026-07-23 17:00:03 [DEBUG  ] matplotlib.font_manager(font_manager.py:1658): findfont: score(FontEntry(fname='C:\\Windows\\Fonts\\timesbd.ttf', index=0, name='Times New Roman', style='normal', variant='normal', weight=700, stretch='normal', size='scalable')) = 10.335
2026-07-23 17:00:03 [DEBUG  ] matplotlib.font_manager(font_manager.py:1658): findfont: score(FontEntry(fname='C:\\Windows\\Fonts\\wingding.ttf', index=0, name='Wingdings', style='normal', variant='normal', weight=400, stretch='normal', size='scalable')) = 10.05
2026-07-23 17:00:03 [DEBUG  ] matplotlib.font_manager(font_manager.py:1658): findfont: score(FontEntry(fname='C:\\Windows\\Fonts\\corbeli.ttf', index=0, name='Corbel', style='italic', variant='normal', weight=400, stretch='normal', size='scalable')) = 11.05
2026-07-23 17:00:03 [DEBUG  ] matplotlib.font_manager(font_manager.py:1658): findfont: score(FontEntry(fname='C:\\Windows\\Fonts\\timesbi.ttf', index=0, name='Times New Roman', style='italic', variant='normal', weight=700, stretch='normal', size='scalable')) = 11.335
2026-07-23 17:00:03 [DEBUG  ] matplotlib.font_manager(font_manager.py:1658): findfont: score(FontEntry(fname='C:\\Windows\\Fonts\\gadugib.ttf', index=0, name='Gadugi', style='normal', variant='normal', weight=700, stretch='normal', size='scalable')) = 10.335
2026-07-23 17:00:03 [DEBUG  ] matplotlib.font_manager(font_manager.py:1658): findfont: score(FontEntry(fname='C:\\Windows\\Fonts\\comicz.ttf', index=0, name='Comic Sans MS', style='italic', variant='normal', weight=700, stretch='normal', size='scalable')) = 11.335
2026-07-23 17:00:03 [DEBUG  ] matplotlib.font_manager(font_manager.py:1658): findfont: score(FontEntry(fname='C:\\Windows\\Fonts\\segoeuisl.ttf', index=0, name='Segoe UI', style='normal', variant='normal', weight=350, stretch='normal', size='scalable')) = 10.0975
2026-07-23 17:00:03 [DEBUG  ] matplotlib.font_manager(font_manager.py:1658): findfont: score(FontEntry(fname='C:\\Windows\\Fonts\\segoeuisl.ttf', index=0, name='Segoe UI Semilight', style='normal', variant='normal', weight=400, stretch='normal', size='scalable')) = 10.05
2026-07-23 17:00:03 [DEBUG  ] matplotlib.font_manager(font_manager.py:1658): findfont: score(FontEntry(fname='C:\\Windows\\Fonts\\seguili.ttf', index=0, name='Segoe UI', style='italic', variant='normal', weight=300, stretch='normal', size='scalable')) = 11.145
2026-07-23 17:00:03 [DEBUG  ] matplotlib.font_manager(font_manager.py:1658): findfont: score(FontEntry(fname='C:\\Windows\\Fonts\\seguili.ttf', index=0, name='Segoe UI Light', style='italic', variant='normal', weight=400, stretch='normal', size='scalable')) = 11.05
2026-07-23 17:00:03 [DEBUG  ] matplotlib.font_manager(font_manager.py:1694): findfont: Matching sans\-serif:style=normal:variant=normal:weight=normal:stretch=normal:size=10.0 to DejaVu Sans ('C:\\Users\\Adm\\Desktop\\ScanLoop\\dist\\v5_ScanLoop_Adm_DESKTOP-V04Q9MO\\_internal\\matplotlib\\mpl-data\\fonts\\ttf\\DejaVuSans.ttf') with score of 0.050000.
2026-07-23 17:00:03 [INFO   ] root(Scanner.py:10): --- Получение списка всех COM-портов ---
2026-07-23 17:00:03 [INFO   ] root(Scanner.py:13): --- Найдены порты: ['COM4', 'COM6'] ---
2026-07-23 17:00:03 [INFO   ] Hardware.Stages.Thorlabs.thorlabs_stages(thorlabs_stages.py:91): [Thorlabs] Добавлен путь к DLL: C:\Program Files\Thorlabs\Kinesis
2026-07-23 17:00:03 [INFO   ] Hardware.Stages.Thorlabs.thorlabs_stages(thorlabs_stages.py:91): [Thorlabs] Добавлен путь к DLL: C:\Users\Adm\Desktop\ScanLoop\dist\v5_ScanLoop_Adm_DESKTOP-V04Q9MO\_internal
2026-07-23 17:00:03 [INFO   ] Hardware.Stages.Thorlabs.thorlabs_stages(thorlabs_stages.py:104): [Thorlabs.KDC] DLL_AVAILABLE=True
2026-07-23 17:00:04 [INFO   ] Hardware.Stages.Thorlabs.thorlabs_stages(thorlabs_stages.py:114): [Thorlabs.KDC] Найдено устройств: 1
2026-07-23 17:00:04 [INFO   ] Hardware.Stages.Thorlabs.thorlabs_stages(thorlabs_stages.py:121): [Thorlabs.KDC] Найдено: [{'serial': '70864299', 'type': 'KDC'}]
2026-07-23 17:00:04 [INFO   ] Hardware.Stages.Thorlabs.thorlabs_stages(thorlabs_stages.py:104): [Thorlabs.BSM] DLL_AVAILABLE=True
2026-07-23 17:00:05 [INFO   ] Hardware.Stages.Thorlabs.thorlabs_stages(thorlabs_stages.py:114): [Thorlabs.BSM] Найдено устройств: 1
2026-07-23 17:00:05 [INFO   ] Hardware.Stages.Thorlabs.thorlabs_stages(thorlabs_stages.py:121): [Thorlabs.BSM] Найдено: [{'serial': '70864299', 'type': 'BSM'}]
2026-07-23 17:00:07 [INFO   ] Hardware.Stages.Thorlabs.thorlabs_stages(thorlabs_stages.py:155): [Thorlabs] BSM 70864299: каналы [1, 2]
2026-07-23 17:00:07 [INFO   ] root(main.py:26): Event loop started.
2026-07-23 17:00:59 [INFO   ] Hardware.Stages.Thorlabs.thorlabs_stages(thorlabs_stages.py:264): [Thorlabs.BSM] ch1 LoadMotorConfiguration: IsMotorSettingsValid=True
2026-07-23 17:01:00 [INFO   ] Hardware.Stages.Thorlabs.thorlabs_stages(thorlabs_stages.py:264): [Thorlabs.BSM] ch2 LoadMotorConfiguration: IsMotorSettingsValid=True
2026-07-23 17:01:01 [INFO   ] Hardware.Stages.Thorlabs.thorlabs_stages(thorlabs_stages.py:278): [Thorlabs.BSM] ch1 Velocity set: maxVel=2 mm/s, accel=0,5 mm/s²
2026-07-23 17:01:01 [INFO   ] Hardware.Stages.Thorlabs.thorlabs_stages(thorlabs_stages.py:278): [Thorlabs.BSM] ch2 Velocity set: maxVel=2 mm/s, accel=0,5 mm/s²
2026-07-23 17:01:01 [INFO   ] Hardware.Stages.Thorlabs.thorlabs_stages(thorlabs_stages.py:292): [Thorlabs.BSM] ch2 Position=-2e-06 < 0 → reset SetPositionCounter(0), now=0.0
2026-07-23 17:01:01 [INFO   ] Hardware.Stages.Thorlabs.thorlabs_stages(thorlabs_stages.py:297): [Thorlabs.BSM] Подключено устройство: 70864299
2026-07-23 17:01:01 [INFO   ] Hardware.Stages.Thorlabs.thorlabs_stages(thorlabs_stages.py:371): [Thorlabs.BSM] ch=1 [init]: pos=2.6 mm, state=Idle, enabled=True
2026-07-23 17:01:01 [INFO   ] Hardware.Stages.Thorlabs.thorlabs_stages(thorlabs_stages.py:409): [Thorlabs.BSM] Подключено: 70864299, channel=1, initial_position=2.6 mm
2026-07-23 17:01:01 [INFO   ] Hardware.Stages.stages_manager(stages_manager.py:104): Ось X (THORLABS на 70864299) успешно инициализирована.
2026-07-23 17:01:01 [INFO   ] Hardware.Stages.Thorlabs.thorlabs_stages(thorlabs_stages.py:371): [Thorlabs.BSM] ch=2 [init]: pos=0.0 mm, state=Idle, enabled=True
2026-07-23 17:01:01 [INFO   ] Hardware.Stages.Thorlabs.thorlabs_stages(thorlabs_stages.py:409): [Thorlabs.BSM] Подключено: 70864299, channel=2, initial_position=0.0 mm
2026-07-23 17:01:01 [INFO   ] Hardware.Stages.stages_manager(stages_manager.py:104): Ось Y (THORLABS на 70864299) успешно инициализирована.
2026-07-23 17:01:01 [DEBUG  ] Hardware.Stages.stages_manager(stages_manager.py:165): [Stages] update_position axis=X: 2.6 mm
2026-07-23 17:01:01 [DEBUG  ] Hardware.Stages.stages_manager(stages_manager.py:165): [Stages] update_position axis=Y: 0.0 mm
2026-07-23 17:01:01 [DEBUG  ] Hardware.Stages.stages_manager(stages_manager.py:170): [Stages] abs_positions: {'X': 2.6, 'Y': 0.0, 'Z': 0.0}
2026-07-23 17:02:25 [INFO   ] Hardware.Stages.Thorlabs.thorlabs_stages(thorlabs_stages.py:389): [Thorlabs.BSM] Closed: 70864299
2026-07-23 17:02:25 [INFO   ] ScanLoop.MainWindow(MainWindow.py:1610): Stages object is deleted
2026-07-23 17:02:25 [INFO   ] ScanLoop.MainWindow(MainWindow.py:1612): OSA object is deleted
2026-07-23 17:02:25 [INFO   ] ScanLoop.MainWindow(MainWindow.py:1614): Painter object is deleted
2026-07-23 17:02:25 [INFO   ] ScanLoop.MainWindow(MainWindow.py:1616): Logger is deleted
2026-07-23 17:02:25 [INFO   ] ScanLoop.MainWindow(MainWindow.py:1618): Analyzer is deleted
2026-07-23 17:02:25 [INFO   ] ScanLoop.MainWindow(MainWindow.py:1621): powermeter is deleted
2026-07-23 17:02:25 [INFO   ] ScanLoop.ScanningProcess(ScanningProcessOSA.py:317): Closing scanning object...
2026-07-23 17:02:25 [INFO   ] ScanLoop.MainWindow(MainWindow.py:1632): Scanning object is deleted
2026-07-23 17:02:25 [INFO   ] ScanLoop.MainWindow(MainWindow.py:1638): Piezo stage is deleted
2026-07-23 17:02:25 [INFO   ] ScanLoop.MainWindow(MainWindow.py:1641): Processing is deleted
